\BOOKMARK [0][-]{chapter.1}{\376\377\000I\000n\000t\000r\000o\000d\000u\000c\000c\000i\000\363\000n}{}% 1
\BOOKMARK [1][-]{section.1.1}{\376\377\000P\000l\000a\000n\000t\000e\000a\000m\000i\000e\000n\000t\000o\000\040\000d\000e\000l\000\040\000P\000r\000o\000b\000l\000e\000m\000a}{chapter.1}% 2
\BOOKMARK [2][-]{subsection.1.1.1}{\376\377\000C\000o\000n\000t\000e\000x\000t\000o\000\040\000y\000\040\000s\000i\000t\000u\000a\000c\000i\000\363\000n\000\040\000p\000r\000o\000b\000l\000e\000m\000\341\000t\000i\000c\000a}{section.1.1}% 3
\BOOKMARK [2][-]{subsection.1.1.2}{\376\377\000P\000r\000o\000b\000l\000e\000m\000a\000\040\000a\000\040\000r\000e\000s\000o\000l\000v\000e\000r}{section.1.1}% 4
\BOOKMARK [1][-]{section.1.2}{\376\377\000S\000o\000l\000u\000c\000i\000\363\000n\000\040\000P\000r\000o\000p\000u\000e\000s\000t\000a}{chapter.1}% 5
\BOOKMARK [1][-]{section.1.3}{\376\377\000J\000u\000s\000t\000i\000f\000i\000c\000a\000c\000i\000\363\000n}{chapter.1}% 6
\BOOKMARK [2][-]{subsection.1.3.1}{\376\377\000\301\000m\000b\000i\000t\000o\000\040\000s\000o\000c\000i\000a\000l\000\040\000e\000\040\000i\000n\000s\000t\000i\000t\000u\000c\000i\000o\000n\000a\000l}{section.1.3}% 7
\BOOKMARK [2][-]{subsection.1.3.2}{\376\377\000P\000e\000r\000s\000p\000e\000c\000t\000i\000v\000a\000\040\000t\000\351\000c\000n\000i\000c\000a}{section.1.3}% 8
\BOOKMARK [1][-]{section.1.4}{\376\377\000O\000b\000j\000e\000t\000i\000v\000o\000s}{chapter.1}% 9
\BOOKMARK [2][-]{subsection.1.4.1}{\376\377\000O\000b\000j\000e\000t\000i\000v\000o\000\040\000G\000e\000n\000e\000r\000a\000l}{section.1.4}% 10
\BOOKMARK [2][-]{subsection.1.4.2}{\376\377\000O\000b\000j\000e\000t\000i\000v\000o\000s\000\040\000e\000s\000p\000e\000c\000\355\000f\000i\000c\000o\000s}{section.1.4}% 11
\BOOKMARK [1][-]{section.1.5}{\376\377\000A\000l\000c\000a\000n\000c\000e\000s\000\040\000y\000\040\000L\000i\000m\000i\000t\000a\000c\000i\000o\000n\000e\000s}{chapter.1}% 12
\BOOKMARK [2][-]{subsection.1.5.1}{\376\377\000A\000l\000c\000a\000n\000c\000e\000s}{section.1.5}% 13
\BOOKMARK [2][-]{subsection.1.5.2}{\376\377\000L\000i\000m\000i\000t\000a\000c\000i\000o\000n\000e\000s}{section.1.5}% 14
\BOOKMARK [1][-]{section.1.6}{\376\377\000E\000s\000t\000a\000d\000o\000\040\000d\000e\000l\000\040\000A\000r\000t\000e}{chapter.1}% 15
\BOOKMARK [2][-]{subsection.1.6.1}{\376\377\000S\000i\000s\000t\000e\000m\000a\000s\000\040\000o\000r\000i\000e\000n\000t\000a\000d\000o\000s\000\040\000a\000\040\000l\000a\000\040\000d\000e\000n\000u\000n\000c\000i\000a\000\040\000y\000\040\000g\000e\000s\000t\000i\000\363\000n\000\040\000d\000e\000\040\000c\000a\000s\000o\000s}{section.1.6}% 16
\BOOKMARK [2][-]{subsection.1.6.2}{\376\377\000A\000n\000\341\000l\000i\000s\000i\000s\000\040\000C\000o\000m\000p\000a\000r\000a\000t\000i\000v\000o\000\040\000d\000e\000\040\000F\000u\000n\000c\000i\000o\000n\000a\000l\000i\000d\000a\000d\000e\000s}{section.1.6}% 17
\BOOKMARK [2][-]{subsection.1.6.3}{\376\377\000D\000i\000f\000e\000r\000e\000n\000c\000i\000a\000c\000i\000\363\000n\000\040\000y\000\040\000V\000e\000n\000t\000a\000j\000a\000\040\000C\000o\000m\000p\000e\000t\000i\000t\000i\000v\000a}{section.1.6}% 18
\BOOKMARK [1][-]{section.1.7}{\376\377\000M\000e\000t\000o\000d\000o\000l\000o\000g\000\355\000a}{chapter.1}% 19
\BOOKMARK [1][-]{section.1.8}{\376\377\000E\000s\000t\000r\000u\000c\000t\000u\000r\000a\000\040\000d\000e\000l\000\040\000d\000o\000c\000u\000m\000e\000n\000t\000o}{chapter.1}% 20
\BOOKMARK [1][-]{section.1.9}{\376\377\000N\000o\000m\000e\000n\000c\000l\000a\000t\000u\000r\000a}{chapter.1}% 21
\BOOKMARK [0][-]{chapter.2}{\376\377\000M\000a\000r\000c\000o\000\040\000T\000e\000\363\000r\000i\000c\000o}{}% 22
\BOOKMARK [1][-]{section.2.1}{\376\377\000C\000o\000n\000t\000e\000x\000t\000o\000\040\000I\000n\000s\000t\000i\000t\000u\000c\000i\000o\000n\000a\000l\000\040\000y\000\040\000N\000o\000r\000m\000a\000t\000i\000v\000o}{chapter.2}% 23
\BOOKMARK [2][-]{subsection.2.1.1}{\376\377\000D\000e\000f\000e\000n\000s\000o\000r\000\355\000a\000\040\000d\000e\000\040\000D\000e\000r\000e\000c\000h\000o\000s\000\040\000P\000o\000l\000i\000t\000\351\000c\000n\000i\000c\000o\000s\000\040\000\050\000D\000D\000P\000\051}{section.2.1}% 24
\BOOKMARK [2][-]{subsection.2.1.2}{\376\377\000M\000a\000n\000u\000a\000l\000e\000s\000\040\000d\000e\000\040\000O\000r\000g\000a\000n\000i\000z\000a\000c\000i\000\363\000n\000\040\000y\000\040\000P\000r\000o\000c\000e\000d\000i\000m\000i\000e\000n\000t\000o\000s}{section.2.1}% 25
\BOOKMARK [2][-]{subsection.2.1.3}{\376\377\000P\000r\000o\000t\000o\000c\000o\000l\000o\000\040\000p\000a\000r\000a\000\040\000l\000a\000\040\000P\000r\000e\000v\000e\000n\000c\000i\000\363\000n\000,\000\040\000D\000e\000t\000e\000c\000c\000i\000\363\000n\000,\000\040\000A\000t\000e\000n\000c\000i\000\363\000n\000\040\000y\000\040\000S\000a\000n\000c\000i\000\363\000n\000\040\000d\000e\000\040\000l\000a\000\040\000V\000i\000o\000l\000e\000n\000c\000i\000a\000\040\000d\000e\000\040\000G\000\351\000n\000e\000r\000o}{section.2.1}% 26
\BOOKMARK [1][-]{section.2.2}{\376\377\000L\000\363\000g\000i\000c\000a\000\040\000d\000e\000\040\000N\000e\000g\000o\000c\000i\000o\000\040\000y\000\040\000F\000l\000u\000j\000o\000\040\000d\000e\000\040\000P\000r\000o\000c\000e\000s\000o\000s}{chapter.2}% 27
\BOOKMARK [2][-]{subsection.2.2.1}{\376\377\000F\000l\000u\000j\000o\000\040\000O\000p\000e\000r\000a\000t\000i\000v\000o\000\040\000d\000e\000\040\000l\000a\000\040\000Q\000u\000e\000j\000a}{section.2.2}% 28
\BOOKMARK [2][-]{subsection.2.2.2}{\376\377\000R\000o\000l\000e\000s\000\040\000A\000d\000m\000i\000n\000i\000s\000t\000r\000a\000t\000i\000v\000o\000s\000\040\000y\000\040\000O\000p\000e\000r\000a\000t\000i\000v\000o\000s}{section.2.2}% 29
\BOOKMARK [2][-]{subsection.2.2.3}{\376\377\000T\000\351\000r\000m\000i\000n\000o\000s\000\040\000y\000\040\000P\000l\000a\000z\000o\000s\000\040\000d\000e\000n\000t\000r\000o\000\040\000d\000e\000l\000\040\000P\000r\000o\000c\000e\000s\000o}{section.2.2}% 30
\BOOKMARK [2][-]{subsection.2.2.4}{\376\377\000I\000n\000s\000t\000r\000u\000m\000e\000n\000t\000o\000s\000\040\000d\000e\000\040\000C\000a\000p\000t\000u\000r\000a\000\040\000y\000\040\000G\000e\000s\000t\000i\000\363\000n\000\040\000d\000e\000\040\000D\000o\000c\000u\000m\000e\000n\000t\000o\000s}{section.2.2}% 31
\BOOKMARK [0][-]{chapter.3}{\376\377\000F\000u\000n\000d\000a\000m\000e\000n\000t\000o\000s\000\040\000T\000e\000c\000n\000o\000l\000\363\000g\000i\000c\000o\000s\000\040\000d\000e\000l\000\040\000M\000o\000t\000o\000r\000\040\000d\000e\000\040\000C\000l\000a\000s\000i\000f\000i\000c\000a\000c\000i\000\363\000n}{}% 32
\BOOKMARK [1][-]{section.3.1}{\376\377\000P\000r\000o\000b\000l\000e\000m\000a\000\040\000d\000e\000\040\000c\000l\000a\000s\000i\000f\000i\000c\000a\000c\000i\000\363\000n\000\040\000e\000n\000\040\000e\000l\000\040\000c\000o\000n\000t\000e\000x\000t\000o\000\040\000d\000e\000\040\000l\000a\000\040\000D\000D\000P}{chapter.3}% 33
\BOOKMARK [2][-]{subsection.3.1.1}{\376\377\000T\000a\000x\000o\000n\000o\000m\000\355\000a\000\040\000d\000e\000\040\000d\000e\000n\000u\000n\000c\000i\000a\000s}{section.3.1}% 34
\BOOKMARK [2][-]{subsection.3.1.2}{\376\377\000C\000l\000a\000s\000i\000f\000i\000c\000a\000c\000i\000\363\000n\000\040\000m\000u\000l\000t\000i\000c\000l\000a\000s\000e\000\040\000v\000s\000\040\000m\000u\000l\000t\000i\000e\000t\000i\000q\000u\000e\000t\000a}{section.3.1}% 35
\BOOKMARK [2][-]{subsection.3.1.3}{\376\377\000C\000i\000c\000l\000o\000\040\000d\000e\000\040\000v\000i\000d\000a\000\040\000d\000e\000\040\000l\000o\000s\000\040\000d\000a\000t\000o\000s\000\040\000e\000n\000\040\000e\000l\000\040\000a\000p\000r\000e\000n\000d\000i\000z\000a\000j\000e\000\040\000s\000u\000p\000e\000r\000v\000i\000s\000a\000d\000o}{section.3.1}% 36
\BOOKMARK [1][-]{section.3.2}{\376\377\000F\000u\000n\000d\000a\000m\000e\000n\000t\000o\000s\000\040\000l\000\363\000g\000i\000c\000o\000s}{chapter.3}% 37
\BOOKMARK [2][-]{subsection.3.2.1}{\376\377\000I\000n\000f\000e\000r\000e\000n\000c\000i\000a\000\040\000B\000a\000y\000e\000s\000i\000a\000n\000a\000\040\000\050\000p\000r\000o\000b\000a\000b\000i\000l\000i\000d\000a\000d\000\040\000a\000\040\000p\000r\000i\000o\000r\000i\000\040\000y\000\040\000a\000\040\000p\000o\000s\000t\000e\000r\000i\000o\000r\000i\000\051}{section.3.2}% 38
\BOOKMARK [2][-]{subsection.3.2.2}{\376\377\000A\000l\000g\000e\000b\000r\000a\000\040\000l\000i\000n\000e\000a\000l\000\040\000e\000n\000\040\000P\000L\000N}{section.3.2}% 39
\BOOKMARK [1][-]{section.3.3}{\376\377\000P\000r\000e\000p\000r\000o\000c\000e\000s\000a\000m\000i\000e\000n\000t\000o\000\040\000a\000v\000a\000n\000z\000a\000d\000o\000\040\000d\000e\000\040\000l\000e\000n\000g\000u\000a\000j\000e\000\040\000n\000a\000t\000u\000r\000a\000l\000\040\000\050\000P\000L\000N\000\051}{chapter.3}% 40
\BOOKMARK [2][-]{subsection.3.3.1}{\376\377\000L\000i\000m\000p\000i\000e\000z\000a\000\040\000e\000s\000t\000r\000u\000c\000t\000u\000r\000a\000l\000\040\000\050\000n\000o\000r\000m\000a\000l\000i\000z\000a\000c\000i\000\363\000n\000\040\000d\000e\000\040\000U\000n\000i\000c\000o\000d\000e\000,\000\040\000e\000l\000i\000m\000i\000n\000a\000c\000i\000\363\000n\000\040\000d\000e\000\040\000r\000u\000i\000d\000o\000\040\000y\000\040\000s\000t\000o\000p\000w\000o\000r\000d\000s\000\040\000e\000s\000p\000e\000c\000i\000f\000i\000c\000a\000s\000\051}{section.3.3}% 41
\BOOKMARK [2][-]{subsection.3.3.2}{\376\377\000A\000n\000a\000l\000i\000s\000i\000s\000\040\000m\000o\000r\000f\000o\000s\000i\000n\000t\000\341\000c\000t\000i\000c\000o}{section.3.3}% 42
\BOOKMARK [2][-]{subsection.3.3.3}{\376\377\000E\000s\000t\000r\000a\000t\000e\000g\000i\000a\000s\000\040\000d\000e\000\040\000t\000o\000k\000e\000n\000i\000z\000a\000c\000i\000\363\000n\000\040\000\050\000U\000n\000i\000g\000r\000a\000m\000a\000s\000,\000\040\000B\000i\000g\000r\000a\000m\000a\000s\000\040\000y\000\040\000s\000u\000\040\000i\000m\000p\000a\000c\000t\000o\000\040\000e\000n\000\040\000l\000a\000\040\000c\000a\000p\000t\000u\000r\000a\000\040\000d\000e\000\040\000f\000r\000a\000s\000e\000s\000\051}{section.3.3}% 43
\BOOKMARK [1][-]{section.3.4}{\376\377\000V\000e\000c\000t\000o\000r\000i\000z\000a\000c\000i\000\363\000n\000\040\000\050\000R\000e\000p\000r\000e\000s\000e\000n\000t\000a\000c\000i\000\363\000n\000\040\000n\000u\000m\000\351\000r\000i\000c\000a\000\051}{chapter.3}% 44
\BOOKMARK [2][-]{subsection.3.4.1}{\376\377\000M\000o\000d\000e\000l\000o\000s\000\040\000d\000e\000\040\000b\000o\000l\000s\000a\000\040\000d\000e\000\040\000p\000a\000l\000a\000b\000r\000a\000s\000\040\000\050\000B\000o\000W\000\051}{section.3.4}% 45
\BOOKMARK [2][-]{subsection.3.4.2}{\376\377\000T\000F\000-\000I\000D\000F\000\040\000\050\000T\000e\000r\000m\000\040\000F\000r\000e\000q\000u\000e\000n\000c\000y\000\040\000-\000\040\000I\000n\000v\000e\000r\000s\000e\000\040\000D\000o\000c\000u\000m\000e\000n\000t\000\040\000F\000r\000e\000q\000u\000e\000n\000c\000y\000\051}{section.3.4}% 46
\BOOKMARK [2][-]{subsection.3.4.3}{\376\377\000M\000o\000d\000e\000l\000o\000s\000\040\000d\000e\000\040\000c\000o\000n\000t\000i\000n\000u\000i\000d\000a\000d\000\040\000\050\000W\000o\000r\000d\000\040\000e\000m\000b\000e\000d\000d\000i\000n\000g\000s\000\051}{section.3.4}% 47
\BOOKMARK [1][-]{section.3.5}{\376\377\000P\000r\000o\000f\000u\000n\000d\000i\000z\000a\000c\000i\000\363\000n\000\040\000e\000n\000\040\000e\000l\000\040\000A\000l\000g\000o\000r\000i\000t\000m\000o\000\040\000M\000u\000l\000t\000i\000n\000o\000m\000i\000a\000l\000\040\000N\000a\000i\000v\000e\000\040\000B\000a\000y\000e\000s}{chapter.3}% 48
\BOOKMARK [2][-]{subsection.3.5.1}{\376\377\000S\000u\000p\000u\000e\000s\000t\000o\000\040\000d\000e\000\040\000i\000n\000d\000e\000p\000e\000n\000d\000e\000n\000c\000i\000a\000\040\000c\000o\000n\000d\000i\000c\000i\000o\000n\000a\000l\000\040\000\050\000v\000e\000n\000t\000a\000j\000a\000s\000\040\000y\000\040\000d\000e\000s\000v\000e\000n\000t\000a\000j\000a\000s\000\051}{section.3.5}% 49
\BOOKMARK [2][-]{subsection.3.5.2}{\376\377\000E\000s\000t\000i\000m\000a\000c\000i\000\363\000n\000\040\000d\000e\000\040\000m\000\341\000x\000i\000m\000a\000\040\000v\000e\000r\000o\000s\000i\000m\000i\000l\000i\000t\000u\000d}{section.3.5}% 50
\BOOKMARK [2][-]{subsection.3.5.3}{\376\377\000E\000l\000\040\000p\000r\000o\000b\000l\000e\000m\000a\000\040\000d\000e\000\040\000l\000a\000\040\000p\000r\000o\000b\000a\000b\000i\000l\000i\000d\000a\000d\000\040\000c\000e\000r\000o}{section.3.5}% 51
\BOOKMARK [1][-]{section.3.6}{\376\377\000S\000u\000p\000p\000o\000r\000t\000\040\000V\000e\000c\000t\000o\000r\000\040\000M\000a\000c\000h\000i\000n\000e\000s}{chapter.3}% 52
\BOOKMARK [2][-]{subsection.3.6.1}{\376\377\000O\000p\000t\000i\000m\000i\000z\000a\000c\000i\000\363\000n\000\040\000d\000e\000\040\000h\000i\000p\000e\000r\000p\000l\000a\000n\000o\000\040\000d\000e\000\040\000s\000e\000p\000a\000r\000a\000c\000i\000\363\000n\000\040\000\050\000m\000a\000r\000g\000e\000n\000\040\000m\000\341\000x\000i\000m\000o\000\051}{section.3.6}% 53
\BOOKMARK [2][-]{subsection.3.6.2}{\376\377\000F\000l\000e\000x\000i\000b\000i\000l\000i\000d\000a\000d\000\040\000m\000e\000d\000i\000a\000n\000t\000e\000\040\000v\000a\000r\000i\000a\000b\000l\000e\000s\000\040\000d\000e\000\040\000h\000o\000l\000g\000u\000r\000a}{section.3.6}% 54
\BOOKMARK [2][-]{subsection.3.6.3}{\376\377\000E\000l\000\040\000t\000r\000u\000c\000o\000\040\000k\000e\000r\000n\000e\000l}{section.3.6}% 55
\BOOKMARK [2][-]{subsection.3.6.4}{\376\377\000E\000n\000f\000o\000q\000u\000e\000\040\000m\000a\000t\000e\000m\000\341\000t\000i\000c\000o}{section.3.6}% 56
\BOOKMARK [1][-]{section.3.7}{\376\377\000E\000s\000t\000r\000a\000t\000e\000g\000i\000a\000s\000\040\000d\000e\000\040\000e\000n\000t\000r\000e\000n\000a\000m\000i\000e\000n\000t\000o\000\040\000y\000\040\000v\000a\000l\000i\000d\000a\000c\000i\000\363\000n}{chapter.3}% 57
\BOOKMARK [2][-]{subsection.3.7.1}{\376\377\000M\000a\000n\000e\000j\000o\000\040\000d\000e\000\040\000c\000l\000a\000s\000e\000s\000\040\000d\000e\000s\000b\000a\000l\000a\000n\000c\000e\000a\000d\000a\000s}{section.3.7}% 58
\BOOKMARK [2][-]{subsection.3.7.2}{\376\377\000O\000p\000t\000i\000m\000i\000z\000a\000c\000i\000\363\000n\000\040\000d\000e\000\040\000h\000i\000p\000e\000r\000p\000a\000r\000\341\000m\000e\000t\000r\000o\000s}{section.3.7}% 59
\BOOKMARK [2][-]{subsection.3.7.3}{\376\377\000V\000a\000l\000i\000d\000a\000c\000i\000\363\000n\000\040\000c\000r\000u\000z\000a\000d\000a\000\040\000\050\000K\000-\000F\000o\000l\000d\000\040\000C\000r\000o\000s\000s\000-\000V\000a\000l\000i\000d\000a\000t\000i\000o\000n\000\051}{section.3.7}% 60
\BOOKMARK [1][-]{section.3.8}{\376\377\000E\000v\000a\000l\000u\000a\000c\000i\000\363\000n\000\040\000d\000e\000\040\000l\000a\000\040\000i\000n\000t\000e\000l\000i\000g\000e\000n\000c\000i\000a\000\040\000d\000e\000l\000\040\000s\000i\000s\000t\000e\000m\000a}{chapter.3}% 61
\BOOKMARK [0][-]{chapter.4}{\376\377\000S\000e\000l\000e\000c\000c\000i\000\363\000n\000\040\000d\000e\000\040\000T\000e\000c\000n\000o\000l\000o\000g\000\355\000a\000s}{}% 62
\BOOKMARK [1][-]{section.4.1}{\376\377\000D\000e\000f\000i\000n\000i\000c\000i\000\363\000n\000\040\000d\000e\000\040\000a\000r\000q\000u\000i\000t\000e\000c\000t\000u\000r\000a\000\040\000d\000e\000\040\000s\000o\000f\000t\000w\000a\000r\000e}{chapter.4}% 63
\BOOKMARK [2][-]{subsection.4.1.1}{\376\377\000I\000m\000p\000o\000r\000t\000a\000n\000c\000i\000a\000\040\000e\000n\000\040\000e\000l\000\040\000d\000e\000s\000a\000r\000r\000o\000l\000l\000o\000\040\000d\000e\000\040\000s\000i\000s\000t\000e\000m\000a\000s}{section.4.1}% 64
\BOOKMARK [2][-]{subsection.4.1.2}{\376\377\000F\000a\000c\000t\000o\000r\000e\000s\000\040\000d\000e\000\040\000c\000a\000l\000i\000d\000a\000d}{section.4.1}% 65
\BOOKMARK [2][-]{subsection.4.1.3}{\376\377\000C\000l\000a\000s\000i\000f\000i\000c\000a\000c\000i\000\363\000n\000\040\000d\000e\000\040\000a\000r\000q\000u\000i\000t\000e\000c\000t\000u\000r\000a\000s}{section.4.1}% 66
\BOOKMARK [1][-]{section.4.2}{\376\377\000A\000r\000q\000u\000i\000t\000e\000c\000t\000u\000r\000a\000\040\000d\000e\000l\000\040\000S\000i\000s\000t\000e\000m\000a}{chapter.4}% 67
\BOOKMARK [2][-]{subsection.4.2.1}{\376\377\000A\000r\000q\000u\000i\000t\000e\000c\000t\000u\000r\000a\000\040\000d\000e\000\040\000M\000i\000c\000r\000o\000s\000e\000r\000v\000i\000c\000i\000o\000s}{section.4.2}% 68
\BOOKMARK [2][-]{subsection.4.2.2}{\376\377\000A\000r\000q\000u\000i\000t\000e\000c\000t\000u\000r\000a\000\040\000I\000n\000t\000e\000r\000n\000a\000\040\000d\000e\000\040\000l\000o\000s\000\040\000S\000e\000r\000v\000i\000c\000i\000o\000s\000:\000\040\000P\000a\000t\000r\000\363\000n\000\040\000d\000e\000\040\0003\000\040\000C\000a\000p\000a\000s}{section.4.2}% 69
\BOOKMARK [2][-]{subsection.4.2.3}{\376\377\000S\000e\000r\000v\000i\000d\000o\000r\000\040\000W\000e\000b\000\040\000y\000\040\000P\000r\000o\000x\000y\000\040\000I\000n\000v\000e\000r\000s\000o\000\040\000\050\000N\000g\000i\000n\000x\000\051}{section.4.2}% 70
\BOOKMARK [1][-]{section.4.3}{\376\377\000T\000e\000c\000n\000o\000l\000o\000g\000\355\000a\000s\000\040\000d\000e\000\040\000D\000e\000s\000a\000r\000r\000o\000l\000l\000o\000\040\000B\000a\000c\000k\000e\000n\000d}{chapter.4}% 71
\BOOKMARK [2][-]{subsection.4.3.1}{\376\377\000L\000e\000n\000g\000u\000a\000j\000e\000\040\000d\000e\000\040\000P\000r\000o\000g\000r\000a\000m\000a\000c\000i\000\363\000n\000:\000\040\000J\000a\000v\000a}{section.4.3}% 72
\BOOKMARK [2][-]{subsection.4.3.2}{\376\377\000F\000r\000a\000m\000e\000w\000o\000r\000k\000\040\000E\000m\000p\000r\000e\000s\000a\000r\000i\000a\000l\000:\000\040\000S\000p\000r\000i\000n\000g\000\040\000B\000o\000o\000t}{section.4.3}% 73
\BOOKMARK [2][-]{subsection.4.3.3}{\376\377\000L\000e\000n\000g\000u\000a\000j\000e\000\040\000d\000e\000\040\000P\000r\000o\000g\000r\000a\000m\000a\000c\000i\000\363\000n\000:\000\040\000P\000y\000t\000h\000o\000n}{section.4.3}% 74
\BOOKMARK [1][-]{section.4.4}{\376\377\000T\000e\000c\000n\000o\000l\000o\000g\000\355\000a\000s\000\040\000d\000e\000\040\000D\000e\000s\000a\000r\000r\000o\000l\000l\000o\000\040\000F\000r\000o\000n\000t\000e\000n\000d}{chapter.4}% 75
\BOOKMARK [2][-]{subsection.4.4.1}{\376\377\000F\000r\000a\000m\000e\000w\000o\000r\000k\000\040\000d\000e\000\040\000I\000n\000t\000e\000r\000f\000a\000z\000\040\000d\000e\000\040\000U\000s\000u\000a\000r\000i\000o\000:\000\040\000A\000n\000g\000u\000l\000a\000r}{section.4.4}% 76
\BOOKMARK [1][-]{section.4.5}{\376\377\000G\000e\000s\000t\000i\000\363\000n\000\040\000d\000e\000\040\000B\000a\000s\000e\000s\000\040\000d\000e\000\040\000D\000a\000t\000o\000s}{chapter.4}% 77
\BOOKMARK [2][-]{subsection.4.5.1}{\376\377\000S\000i\000s\000t\000e\000m\000a\000\040\000d\000e\000\040\000G\000e\000s\000t\000i\000\363\000n\000\040\000d\000e\000\040\000B\000a\000s\000e\000s\000\040\000d\000e\000\040\000D\000a\000t\000o\000s\000\040\000R\000e\000l\000a\000c\000i\000o\000n\000a\000l\000\040\000\050\000R\000D\000B\000M\000S\000\051\000:\000\040\000P\000o\000s\000t\000g\000r\000e\000S\000Q\000L}{section.4.5}% 78
\BOOKMARK [1][-]{section.4.6}{\376\377\000I\000n\000f\000r\000a\000e\000s\000t\000r\000u\000c\000t\000u\000r\000a\000\040\000y\000\040\000D\000e\000s\000p\000l\000i\000e\000g\000u\000e}{chapter.4}% 79
\BOOKMARK [2][-]{subsection.4.6.1}{\376\377\000P\000l\000a\000t\000a\000f\000o\000r\000m\000a\000\040\000d\000e\000\040\000C\000o\000n\000t\000e\000n\000e\000r\000i\000z\000a\000c\000i\000\363\000n\000:\000\040\000D\000o\000c\000k\000e\000r}{section.4.6}% 80
\BOOKMARK [1][-]{section.4.7}{\376\377\000C\000o\000n\000t\000r\000o\000l\000\040\000d\000e\000\040\000V\000e\000r\000s\000i\000o\000n\000e\000s\000\040\000y\000\040\000T\000r\000a\000b\000a\000j\000o\000\040\000C\000o\000l\000a\000b\000o\000r\000a\000t\000i\000v\000o}{chapter.4}% 81
\BOOKMARK [2][-]{subsection.4.7.1}{\376\377\000R\000e\000p\000o\000s\000i\000t\000o\000r\000i\000o\000\040\000y\000\040\000F\000l\000u\000j\000o\000s\000\040\000d\000e\000\040\000T\000r\000a\000b\000a\000j\000o\000:\000\040\000G\000i\000t\000H\000u\000b}{section.4.7}% 82
\BOOKMARK [0][-]{chapter.5}{\376\377\000R\000e\000q\000u\000e\000r\000i\000m\000i\000e\000n\000t\000o\000s\000\040\000d\000e\000l\000\040\000S\000i\000s\000t\000e\000m\000a}{}% 83
\BOOKMARK [1][-]{section.5.1}{\376\377\000R\000e\000q\000u\000e\000r\000i\000m\000i\000e\000n\000t\000o\000s\000\040\000F\000u\000n\000c\000i\000o\000n\000a\000l\000e\000s\000\040\000\050\000R\000F\000\051}{chapter.5}% 84
\BOOKMARK [1][-]{section.5.2}{\376\377\000R\000e\000g\000l\000a\000s\000\040\000d\000e\000\040\000N\000e\000g\000o\000c\000i\000o\000\040\000\050\000R\000N\000\051}{chapter.5}% 85
\BOOKMARK [0][-]{appendix*.9}{\376\377\000A\000p\000\351\000n\000d\000i\000c\000e\000\040\000P\000a\000n\000t\000a\000l\000l\000a\000s\000\040\000y\000\040\000M\000o\000c\000k\000u\000p\000s\000\040\000d\000e\000l\000\040\000S\000i\000s\000t\000e\000m\000a}{}% 86
\BOOKMARK [1][-]{section.1.Alph0.1}{\376\377\000P\000e\000r\000f\000i\000l\000:\000\040\000Q\000u\000e\000j\000o\000s\000o}{appendix*.9}% 87
\BOOKMARK [1][-]{section.1.Alph0.2}{\376\377\000P\000e\000r\000f\000i\000l\000:\000\040\000R\000e\000c\000e\000p\000c\000i\000o\000n\000i\000s\000t\000a}{appendix*.9}% 88
\BOOKMARK [1][-]{section.1.Alph0.3}{\376\377\000P\000e\000r\000f\000i\000l\000:\000\040\000O\000f\000i\000c\000i\000n\000a\000\040\000d\000e\000\040\000P\000r\000i\000m\000e\000r\000\040\000C\000o\000n\000t\000a\000c\000t\000o}{appendix*.9}% 89
\BOOKMARK [1][-]{section.1.Alph0.4}{\376\377\000P\000e\000r\000f\000i\000l\000:\000\040\000S\000u\000b\000d\000e\000f\000e\000n\000s\000o\000r\000e\000s}{appendix*.9}% 90
\BOOKMARK [0][-]{appendix*.10}{\376\377\000A\000p\000\351\000n\000d\000i\000c\000e\000\040\000C\000a\000s\000o\000s\000\040\000d\000e\000\040\000U\000s\000o}{}% 91
\BOOKMARK [1][-]{section.2.Alph0.1}{\376\377\000E\000s\000p\000e\000c\000i\000f\000i\000c\000a\000c\000i\000\363\000n\000\040\000d\000e\000t\000a\000l\000l\000a\000d\000a\000\040\000d\000e\000\040\000C\000a\000s\000o\000s\000\040\000d\000e\000\040\000U\000s\000o}{appendix*.10}% 92
\BOOKMARK [2][-]{subsection.2.Alph0.1.1}{\376\377\000C\000U\0000\0001\000:\000\040\000C\000r\000e\000a\000r\000\040\000c\000u\000e\000n\000t\000a\000\040\000d\000e\000\040\000u\000s\000u\000a\000r\000i\000o}{section.2.Alph0.1}% 93
\BOOKMARK [2][-]{subsection.2.Alph0.1.2}{\376\377\000C\000U\0000\0002\000:\000\040\000I\000n\000i\000c\000i\000a\000r\000\040\000s\000e\000s\000i\000\363\000n}{section.2.Alph0.1}% 94
\BOOKMARK [2][-]{subsection.2.Alph0.1.3}{\376\377\000C\000U\0000\0003\000:\000\040\000R\000e\000c\000u\000p\000e\000r\000a\000r\000\040\000c\000o\000n\000t\000r\000a\000s\000e\000\361\000a}{section.2.Alph0.1}% 95
\BOOKMARK [2][-]{subsection.2.Alph0.1.4}{\376\377\000C\000U\0000\0004\000:\000\040\000E\000d\000i\000t\000a\000r\000\040\000p\000e\000r\000f\000i\000l\000\040\000d\000e\000\040\000u\000s\000u\000a\000r\000i\000o}{section.2.Alph0.1}% 96
\BOOKMARK [2][-]{subsection.2.Alph0.1.5}{\376\377\000C\000U\0000\0005\000:\000\040\000R\000e\000g\000i\000s\000t\000r\000a\000r\000\040\000d\000a\000t\000o\000s\000\040\000d\000e\000\040\000t\000u\000t\000o\000r}{section.2.Alph0.1}% 97
\BOOKMARK [2][-]{subsection.2.Alph0.1.6}{\376\377\000C\000U\0000\0006\000:\000\040\000L\000e\000v\000a\000n\000t\000a\000r\000\040\000q\000u\000e\000j\000a}{section.2.Alph0.1}% 98
\BOOKMARK [2][-]{subsection.2.Alph0.1.7}{\376\377\000C\000U\0000\0007\000:\000\040\000A\000d\000j\000u\000n\000t\000a\000r\000\040\000e\000v\000i\000d\000e\000n\000c\000i\000a}{section.2.Alph0.1}% 99
\BOOKMARK [2][-]{subsection.2.Alph0.1.8}{\376\377\000C\000U\0000\0008\000:\000\040\000C\000o\000n\000s\000u\000l\000t\000a\000r\000\040\000t\000a\000b\000l\000e\000r\000o\000\040\000d\000e\000\040\000t\000r\000\341\000m\000i\000t\000e\000s}{section.2.Alph0.1}% 100
\BOOKMARK [2][-]{subsection.2.Alph0.1.9}{\376\377\000C\000U\0000\0009\000:\000\040\000M\000o\000d\000i\000f\000i\000c\000a\000r\000\040\000q\000u\000e\000j\000a}{section.2.Alph0.1}% 101
\BOOKMARK [2][-]{subsection.2.Alph0.1.10}{\376\377\000C\000U\0001\0000\000:\000\040\000E\000l\000i\000m\000i\000n\000a\000r\000\040\000b\000o\000r\000r\000a\000d\000o\000r\000\040\000d\000e\000\040\000q\000u\000e\000j\000a}{section.2.Alph0.1}% 102
\BOOKMARK [2][-]{subsection.2.Alph0.1.11}{\376\377\000C\000U\0001\0001\000:\000\040\000R\000e\000c\000i\000b\000i\000r\000\040\000n\000o\000t\000i\000f\000i\000c\000a\000c\000i\000o\000n\000e\000s\000\040\000d\000e\000\040\000s\000t\000a\000t\000u\000s}{section.2.Alph0.1}% 103
\BOOKMARK [2][-]{subsection.2.Alph0.1.12}{\376\377\000C\000U\0001\0002\000:\000\040\000C\000o\000m\000p\000l\000e\000t\000a\000r\000\040\000i\000n\000f\000o\000r\000m\000a\000c\000i\000\363\000n\000\040\000r\000e\000q\000u\000e\000r\000i\000d\000a}{section.2.Alph0.1}% 104
\BOOKMARK [2][-]{subsection.2.Alph0.1.13}{\376\377\000C\000U\0001\0003\000:\000\040\000C\000o\000n\000s\000u\000l\000t\000a\000r\000\040\000m\000e\000d\000i\000d\000a\000s\000\040\000p\000r\000e\000c\000a\000u\000t\000o\000r\000i\000a\000s}{section.2.Alph0.1}% 105
\BOOKMARK [2][-]{subsection.2.Alph0.1.14}{\376\377\000C\000U\0001\0004\000:\000\040\000C\000o\000n\000s\000u\000l\000t\000a\000r\000\040\000p\000r\000o\000p\000u\000e\000s\000t\000a\000\040\000d\000e\000\040\000c\000o\000n\000c\000i\000l\000i\000a\000c\000i\000\363\000n}{section.2.Alph0.1}% 106
\BOOKMARK [0][-]{appendix*.25}{\376\377\000C\000a\000t\000\341\000l\000o\000g\000o\000\040\000d\000e\000\040\000M\000e\000n\000s\000a\000j\000e\000s}{}% 107
\BOOKMARK [0][-]{appendix*.26}{\376\377\000C\000a\000t\000\341\000l\000o\000g\000o\000\040\000d\000e\000\040\000E\000r\000r\000o\000r\000e\000s}{}% 108
