\BOOKMARK [-1][-]{part.1}{\376\377\000I\000\040\000M\000o\000d\000e\000l\000a\000d\000o\000\040\000d\000e\000l\000\040\000n\000e\000g\000o\000c\000i\000o}{}% 1
\BOOKMARK [0][-]{chapter.1}{\376\377\000I\000n\000t\000r\000o\000d\000u\000c\000c\000i\000\363\000n}{part.1}% 2
\BOOKMARK [1][-]{section.1.1}{\376\377\000P\000l\000a\000n\000t\000e\000a\000m\000i\000e\000n\000t\000o\000\040\000d\000e\000l\000\040\000P\000r\000o\000b\000l\000e\000m\000a}{chapter.1}% 3
\BOOKMARK [2][-]{subsection.1.1.1}{\376\377\000C\000o\000n\000t\000e\000x\000t\000o\000\040\000y\000\040\000s\000i\000t\000u\000a\000c\000i\000\363\000n\000\040\000p\000r\000o\000b\000l\000e\000m\000\341\000t\000i\000c\000a}{section.1.1}% 4
\BOOKMARK [2][-]{subsection.1.1.2}{\376\377\000P\000r\000o\000b\000l\000e\000m\000a\000\040\000a\000\040\000r\000e\000s\000o\000l\000v\000e\000r}{section.1.1}% 5
\BOOKMARK [1][-]{section.1.2}{\376\377\000S\000o\000l\000u\000c\000i\000\363\000n\000\040\000P\000r\000o\000p\000u\000e\000s\000t\000a}{chapter.1}% 6
\BOOKMARK [1][-]{section.1.3}{\376\377\000J\000u\000s\000t\000i\000f\000i\000c\000a\000c\000i\000\363\000n}{chapter.1}% 7
\BOOKMARK [2][-]{subsection.1.3.1}{\376\377\000\301\000m\000b\000i\000t\000o\000\040\000s\000o\000c\000i\000a\000l\000\040\000e\000\040\000i\000n\000s\000t\000i\000t\000u\000c\000i\000o\000n\000a\000l}{section.1.3}% 8
\BOOKMARK [2][-]{subsection.1.3.2}{\376\377\000P\000e\000r\000s\000p\000e\000c\000t\000i\000v\000a\000\040\000t\000\351\000c\000n\000i\000c\000a}{section.1.3}% 9
\BOOKMARK [1][-]{section.1.4}{\376\377\000O\000b\000j\000e\000t\000i\000v\000o\000s}{chapter.1}% 10
\BOOKMARK [2][-]{subsection.1.4.1}{\376\377\000O\000b\000j\000e\000t\000i\000v\000o\000\040\000G\000e\000n\000e\000r\000a\000l}{section.1.4}% 11
\BOOKMARK [2][-]{subsection.1.4.2}{\376\377\000O\000b\000j\000e\000t\000i\000v\000o\000s\000\040\000e\000s\000p\000e\000c\000\355\000f\000i\000c\000o\000s}{section.1.4}% 12
\BOOKMARK [1][-]{section.1.5}{\376\377\000A\000l\000c\000a\000n\000c\000e\000s\000\040\000y\000\040\000L\000i\000m\000i\000t\000a\000c\000i\000o\000n\000e\000s}{chapter.1}% 13
\BOOKMARK [2][-]{subsection.1.5.1}{\376\377\000A\000l\000c\000a\000n\000c\000e\000s}{section.1.5}% 14
\BOOKMARK [2][-]{subsection.1.5.2}{\376\377\000L\000i\000m\000i\000t\000a\000c\000i\000o\000n\000e\000s}{section.1.5}% 15
\BOOKMARK [1][-]{section.1.6}{\376\377\000E\000s\000t\000a\000d\000o\000\040\000d\000e\000l\000\040\000A\000r\000t\000e}{chapter.1}% 16
\BOOKMARK [2][-]{subsection.1.6.1}{\376\377\000S\000i\000s\000t\000e\000m\000a\000s\000\040\000o\000r\000i\000e\000n\000t\000a\000d\000o\000s\000\040\000a\000\040\000l\000a\000\040\000d\000e\000n\000u\000n\000c\000i\000a\000\040\000y\000\040\000g\000e\000s\000t\000i\000\363\000n\000\040\000d\000e\000\040\000c\000a\000s\000o\000s}{section.1.6}% 17
\BOOKMARK [2][-]{subsection.1.6.2}{\376\377\000A\000n\000\341\000l\000i\000s\000i\000s\000\040\000c\000o\000m\000p\000a\000r\000a\000t\000i\000v\000o\000\040\000d\000e\000\040\000f\000u\000n\000c\000i\000o\000n\000a\000l\000i\000d\000a\000d\000e\000s}{section.1.6}% 18
\BOOKMARK [1][-]{section.1.7}{\376\377\000M\000e\000t\000o\000d\000o\000l\000o\000g\000\355\000a}{chapter.1}% 19
\BOOKMARK [1][-]{section.1.8}{\376\377\000E\000s\000t\000r\000u\000c\000t\000u\000r\000a\000\040\000d\000e\000l\000\040\000d\000o\000c\000u\000m\000e\000n\000t\000o\000\040\000/\000\040\000I\000n\000t\000e\000n\000c\000i\000\363\000n\000\040\000d\000e\000l\000\040\000d\000o\000c\000u\000m\000e\000n\000t\000o}{chapter.1}% 20
\BOOKMARK [0][-]{chapter.2}{\376\377\000N\000o\000m\000e\000n\000c\000l\000a\000t\000u\000r\000a}{part.1}% 21
\BOOKMARK [1][-]{section.2.1}{\376\377\000M\000o\000d\000e\000l\000a\000d\000o\000\040\000d\000e\000l\000\040\000n\000e\000g\000o\000c\000i\000o}{chapter.2}% 22
\BOOKMARK [2][-]{subsection.2.1.1}{\376\377\000M\000o\000d\000e\000l\000a\000d\000o\000\040\000d\000e\000\040\000e\000s\000t\000r\000u\000c\000t\000u\000r\000a\000\040\000d\000e\000\040\000d\000a\000t\000o\000s}{section.2.1}% 23
\BOOKMARK [2][-]{subsection.2.1.2}{\376\377\000R\000e\000g\000l\000a\000s\000\040\000d\000e\000\040\000N\000e\000g\000o\000c\000i\000o}{section.2.1}% 24
\BOOKMARK [2][-]{subsection.2.1.3}{\376\377\000M\000a\000q\000u\000i\000n\000a\000s\000\040\000d\000e\000\040\000E\000s\000t\000a\000d\000o\000s}{section.2.1}% 25
\BOOKMARK [1][-]{section.2.2}{\376\377\000M\000o\000d\000e\000l\000a\000d\000o\000\040\000d\000e\000\040\000c\000a\000s\000o\000s\000\040\000d\000e\000\040\000u\000s\000o}{chapter.2}% 26
\BOOKMARK [1][-]{section.2.3}{\376\377\000M\000o\000d\000e\000l\000a\000d\000o\000\040\000d\000e\000\040\000i\000n\000t\000e\000r\000f\000a\000c\000e\000s}{chapter.2}% 27
\BOOKMARK [1][-]{section.2.4}{\376\377\000M\000o\000d\000e\000l\000a\000d\000o\000\040\000d\000e\000\040\000m\000e\000n\000s\000a\000j\000e\000s}{chapter.2}% 28
\BOOKMARK [0][-]{chapter.3}{\376\377\000G\000l\000o\000s\000a\000r\000i\000o}{part.1}% 29
\BOOKMARK [0][-]{chapter.4}{\376\377\000F\000u\000n\000d\000a\000m\000e\000n\000t\000o\000s\000\040\000T\000e\000c\000n\000o\000l\000\363\000g\000i\000c\000o\000s\000:\000\040\000M\000o\000t\000o\000r\000\040\000d\000e\000\040\000C\000l\000a\000s\000i\000f\000i\000c\000a\000c\000i\000\363\000n\000\040\000d\000e\000\040\000T\000e\000x\000t\000o\000s}{part.1}% 30
\BOOKMARK [1][-]{section.4.1}{\376\377\000F\000u\000n\000d\000a\000m\000e\000n\000t\000o\000s\000\040\000L\000\363\000g\000i\000c\000o\000s\000,\000\040\000M\000a\000t\000e\000m\000\341\000t\000i\000c\000o\000s\000\040\000y\000\040\000E\000s\000t\000a\000d\000\355\000s\000t\000i\000c\000o\000s}{chapter.4}% 31
\BOOKMARK [2][-]{subsection.4.1.1}{\376\377\000P\000a\000r\000a\000d\000i\000g\000m\000a\000s\000\040\000E\000s\000t\000a\000d\000\355\000s\000t\000i\000c\000o\000s\000\040\000y\000\040\000P\000r\000o\000b\000a\000b\000i\000l\000i\000d\000a\000d}{section.4.1}% 32
\BOOKMARK [2][-]{subsection.4.1.2}{\376\377\000\301\000l\000g\000e\000b\000r\000a\000\040\000L\000i\000n\000e\000a\000l\000\040\000E\000s\000p\000a\000c\000i\000a\000l}{section.4.1}% 33
\BOOKMARK [1][-]{section.4.2}{\376\377\000P\000r\000e\000p\000r\000o\000c\000e\000s\000a\000m\000i\000e\000n\000t\000o\000\040\000d\000e\000\040\000L\000e\000n\000g\000u\000a\000j\000e\000\040\000N\000a\000t\000u\000r\000a\000l\000\040\000\050\000P\000L\000N\000\051}{chapter.4}% 34
\BOOKMARK [1][-]{section.4.3}{\376\377\000E\000x\000t\000r\000a\000c\000c\000i\000\363\000n\000\040\000d\000e\000\040\000C\000a\000r\000a\000c\000t\000e\000r\000\355\000s\000t\000i\000c\000a\000s\000\040\000y\000\040\000V\000e\000c\000t\000o\000r\000i\000z\000a\000c\000i\000\363\000n}{chapter.4}% 35
\BOOKMARK [2][-]{subsection.4.3.1}{\376\377\000M\000a\000p\000e\000o\000\040\000d\000e\000\040\000F\000r\000e\000c\000u\000e\000n\000c\000i\000a\000\040\000y\000\040\000R\000e\000l\000e\000v\000a\000n\000c\000i\000a}{section.4.3}% 36
\BOOKMARK [2][-]{subsection.4.3.2}{\376\377\000W\000o\000r\000d\000\040\000E\000m\000b\000e\000d\000d\000i\000n\000g\000s}{section.4.3}% 37
\BOOKMARK [1][-]{section.4.4}{\376\377\000M\000o\000d\000e\000l\000o\000\040\000P\000r\000o\000b\000a\000b\000i\000l\000\355\000s\000t\000i\000c\000o\000:\000\040\000A\000l\000g\000o\000r\000i\000t\000m\000o\000\040\000M\000u\000l\000t\000i\000n\000o\000m\000i\000a\000l\000\040\000N\000a\000i\000v\000e\000\040\000B\000a\000y\000e\000s}{chapter.4}% 38
\BOOKMARK [2][-]{subsection.4.4.1}{\376\377\000R\000e\000g\000l\000a\000\040\000d\000e\000\040\000D\000e\000c\000i\000s\000i\000\363\000n\000\040\000y\000\040\000S\000u\000a\000v\000i\000z\000a\000d\000o}{section.4.4}% 39
\BOOKMARK [1][-]{section.4.5}{\376\377\000G\000e\000o\000m\000e\000t\000r\000\355\000a\000\040\000d\000e\000\040\000S\000e\000p\000a\000r\000a\000c\000i\000\363\000n\000:\000\040\000S\000u\000p\000p\000o\000r\000t\000\040\000V\000e\000c\000t\000o\000r\000\040\000M\000a\000c\000h\000i\000n\000e\000s\000\040\000\050\000S\000V\000M\000\051}{chapter.4}% 40
\BOOKMARK [2][-]{subsection.4.5.1}{\376\377\000C\000o\000n\000s\000t\000r\000u\000c\000c\000i\000\363\000n\000\040\000d\000e\000l\000\040\000H\000i\000p\000e\000r\000p\000l\000a\000n\000o\000\040\000y\000\040\000R\000e\000g\000u\000l\000a\000r\000i\000z\000a\000c\000i\000\363\000n}{section.4.5}% 41
\BOOKMARK [2][-]{subsection.4.5.2}{\376\377\000P\000r\000o\000y\000e\000c\000c\000i\000\363\000n\000\040\000D\000i\000m\000e\000n\000s\000i\000o\000n\000a\000l\000\040\000y\000\040\000E\000s\000t\000r\000a\000t\000e\000g\000i\000a\000s\000\040\000M\000u\000l\000t\000i\000c\000l\000a\000s\000e}{section.4.5}% 42
\BOOKMARK [1][-]{section.4.6}{\376\377\000E\000v\000a\000l\000u\000a\000c\000i\000\363\000n\000\040\000R\000i\000g\000u\000r\000o\000s\000a\000\040\000y\000\040\000O\000p\000t\000i\000m\000i\000z\000a\000c\000i\000\363\000n}{chapter.4}% 43
\BOOKMARK [1][-]{section.4.7}{\376\377\000A\000r\000q\000u\000i\000t\000e\000c\000t\000u\000r\000a\000,\000\040\000I\000n\000t\000e\000g\000r\000a\000c\000i\000\363\000n\000\040\000y\000\040\000M\000i\000c\000r\000o\000s\000e\000r\000v\000i\000c\000i\000o\000s}{chapter.4}% 44
\BOOKMARK [2][-]{subsection.4.7.1}{\376\377\000S\000e\000r\000i\000a\000l\000i\000z\000a\000c\000i\000\363\000n\000\040\000y\000\040\000T\000u\000b\000e\000r\000\355\000a\000s\000\040\000C\000o\000m\000p\000u\000t\000a\000c\000i\000o\000n\000a\000l\000e\000s}{section.4.7}% 45
\BOOKMARK [2][-]{subsection.4.7.2}{\376\377\000D\000e\000s\000p\000l\000i\000e\000g\000u\000e\000\040\000O\000p\000e\000r\000a\000t\000i\000v\000o}{section.4.7}% 46
\BOOKMARK [0][-]{chapter.5}{\376\377\000A\000r\000q\000u\000i\000t\000e\000c\000t\000u\000r\000a\000\040\000d\000e\000l\000\040\000S\000i\000s\000t\000e\000m\000a\000\040\000y\000\040\000A\000n\000\341\000l\000i\000s\000i\000s\000\040\000d\000e\000\040\000T\000e\000c\000n\000o\000l\000o\000g\000\355\000a\000s}{part.1}% 47
\BOOKMARK [1][-]{section.5.1}{\376\377\000I\000n\000t\000r\000o\000d\000u\000c\000c\000i\000\363\000n\000\040\000a\000\040\000l\000a\000\040\000A\000r\000q\000u\000i\000t\000e\000c\000t\000u\000r\000a\000\040\000d\000e\000l\000\040\000S\000i\000s\000t\000e\000m\000a}{chapter.5}% 48
\BOOKMARK [1][-]{section.5.2}{\376\377\000M\000a\000r\000c\000o\000\040\000C\000o\000n\000c\000e\000p\000t\000u\000a\000l\000\040\000d\000e\000\040\000l\000a\000\040\000A\000r\000q\000u\000i\000t\000e\000c\000t\000u\000r\000a\000\040\000P\000r\000o\000p\000u\000e\000s\000t\000a}{chapter.5}% 49
\BOOKMARK [2][-]{subsection.5.2.1}{\376\377\000P\000r\000i\000n\000c\000i\000p\000i\000o\000s\000\040\000A\000r\000q\000u\000i\000t\000e\000c\000t\000\363\000n\000i\000c\000o\000s\000\040\000F\000u\000n\000d\000a\000m\000e\000n\000t\000a\000l\000e\000s}{section.5.2}% 50
\BOOKMARK [1][-]{section.5.3}{\376\377\000A\000n\000\341\000l\000i\000s\000i\000s\000\040\000C\000o\000m\000p\000a\000r\000a\000t\000i\000v\000o\000\040\000d\000e\000\040\000F\000r\000a\000m\000e\000w\000o\000r\000k\000s\000\040\000F\000r\000o\000n\000t\000e\000n\000d}{chapter.5}% 51
\BOOKMARK [2][-]{subsection.5.3.1}{\376\377\000J\000u\000s\000t\000i\000f\000i\000c\000a\000c\000i\000\363\000n\000\040\000D\000e\000t\000a\000l\000l\000a\000d\000a\000\040\000d\000e\000\040\000A\000n\000g\000u\000l\000a\000r}{section.5.3}% 52
\BOOKMARK [1][-]{section.5.4}{\376\377\000A\000n\000\341\000l\000i\000s\000i\000s\000\040\000C\000o\000m\000p\000a\000r\000a\000t\000i\000v\000o\000\040\000d\000e\000\040\000T\000e\000c\000n\000o\000l\000o\000g\000\355\000a\000s\000\040\000B\000a\000c\000k\000e\000n\000d}{chapter.5}% 53
\BOOKMARK [2][-]{subsection.5.4.1}{\376\377\000A\000n\000\341\000l\000i\000s\000i\000s\000\040\000P\000r\000o\000f\000u\000n\000d\000o\000\040\000d\000e\000\040\000J\000a\000v\000a\000\040\000y\000\040\000S\000p\000r\000i\000n\000g\000\040\000B\000o\000o\000t}{section.5.4}% 54
\BOOKMARK [2][-]{subsection.5.4.2}{\376\377\000N\000o\000d\000e\000.\000j\000s\000\040\000c\000o\000m\000o\000\040\000C\000o\000m\000p\000l\000e\000m\000e\000n\000t\000o\000\040\000E\000s\000t\000r\000a\000t\000\351\000g\000i\000c\000o}{section.5.4}% 55
\BOOKMARK [1][-]{section.5.5}{\376\377\000A\000n\000\341\000l\000i\000s\000i\000s\000\040\000d\000e\000l\000\040\000S\000i\000s\000t\000e\000m\000a\000\040\000d\000e\000\040\000B\000a\000s\000e\000\040\000d\000e\000\040\000D\000a\000t\000o\000s\000:\000\040\000P\000o\000s\000t\000g\000r\000e\000S\000Q\000L}{chapter.5}% 56
\BOOKMARK [2][-]{subsection.5.5.1}{\376\377\000J\000u\000s\000t\000i\000f\000i\000c\000a\000c\000i\000\363\000n\000\040\000D\000e\000t\000a\000l\000l\000a\000d\000a\000\040\000d\000e\000\040\000P\000o\000s\000t\000g\000r\000e\000S\000Q\000L}{section.5.5}% 57
\BOOKMARK [1][-]{section.5.6}{\376\377\000A\000n\000\341\000l\000i\000s\000i\000s\000\040\000C\000o\000m\000p\000a\000r\000a\000t\000i\000v\000o\000\040\000d\000e\000\040\000A\000r\000q\000u\000i\000t\000e\000c\000t\000u\000r\000a\000s\000:\000\040\000M\000i\000c\000r\000o\000s\000e\000r\000v\000i\000c\000i\000o\000s\000\040\000v\000s\000\040\000M\000o\000n\000o\000l\000i\000t\000o}{chapter.5}% 58
\BOOKMARK [2][-]{subsection.5.6.1}{\376\377\000A\000n\000\341\000l\000i\000s\000i\000s\000\040\000d\000e\000s\000d\000e\000\040\000l\000a\000\040\000P\000e\000r\000s\000p\000e\000c\000t\000i\000v\000a\000\040\000A\000n\000a\000l\000\355\000t\000i\000c\000a}{section.5.6}% 59
\BOOKMARK [2][-]{subsection.5.6.2}{\376\377\000A\000n\000\341\000l\000i\000s\000i\000s\000\040\000d\000e\000s\000d\000e\000\040\000l\000a\000\040\000P\000e\000r\000s\000p\000e\000c\000t\000i\000v\000a\000\040\000T\000\351\000c\000n\000i\000c\000a}{section.5.6}% 60
\BOOKMARK [2][-]{subsection.5.6.3}{\376\377\000A\000n\000\341\000l\000i\000s\000i\000s\000\040\000d\000e\000s\000d\000e\000\040\000l\000a\000\040\000P\000e\000r\000s\000p\000e\000c\000t\000i\000v\000a\000\040\000d\000e\000\040\000V\000i\000s\000i\000\363\000n\000\040\000a\000\040\000F\000u\000t\000u\000r\000o}{section.5.6}% 61
\BOOKMARK [2][-]{subsection.5.6.4}{\376\377\000D\000e\000s\000a\000f\000\355\000o\000s\000\040\000y\000\040\000M\000i\000t\000i\000g\000a\000c\000i\000o\000n\000e\000s\000\040\000d\000e\000\040\000M\000i\000c\000r\000o\000s\000e\000r\000v\000i\000c\000i\000o\000s}{section.5.6}% 62
\BOOKMARK [1][-]{section.5.7}{\376\377\000M\000a\000t\000r\000i\000z\000\040\000d\000e\000\040\000S\000e\000l\000e\000c\000c\000i\000\363\000n\000\040\000T\000e\000c\000n\000o\000l\000\363\000g\000i\000c\000a\000\040\000y\000\040\000E\000v\000a\000l\000u\000a\000c\000i\000\363\000n\000\040\000d\000e\000\040\000R\000i\000e\000s\000g\000o\000s}{chapter.5}% 63
\BOOKMARK [2][-]{subsection.5.7.1}{\376\377\000A\000n\000\341\000l\000i\000s\000i\000s\000\040\000d\000e\000\040\000R\000i\000e\000s\000g\000o\000s\000\040\000T\000e\000c\000n\000o\000l\000\363\000g\000i\000c\000o\000s}{section.5.7}% 64
\BOOKMARK [1][-]{section.5.8}{\376\377\000E\000s\000t\000r\000a\000t\000e\000g\000i\000a\000\040\000d\000e\000\040\000I\000m\000p\000l\000e\000m\000e\000n\000t\000a\000c\000i\000\363\000n\000\040\000y\000\040\000R\000o\000a\000d\000m\000a\000p\000\040\000T\000e\000c\000n\000o\000l\000\363\000g\000i\000c\000o}{chapter.5}% 65
\BOOKMARK [2][-]{subsection.5.8.1}{\376\377\000F\000a\000s\000e\000\040\0001\000:\000\040\000F\000u\000n\000d\000a\000m\000e\000n\000t\000o\000s\000\040\000\050\000M\000e\000s\000e\000s\000\040\0001\000-\0003\000\051}{section.5.8}% 66
\BOOKMARK [2][-]{subsection.5.8.2}{\376\377\000F\000a\000s\000e\000\040\0002\000:\000\040\000C\000o\000r\000e\000\040\000d\000e\000l\000\040\000S\000i\000s\000t\000e\000m\000a\000\040\000\050\000M\000e\000s\000e\000s\000\040\0004\000-\0006\000\051}{section.5.8}% 67
\BOOKMARK [2][-]{subsection.5.8.3}{\376\377\000F\000a\000s\000e\000\040\0003\000:\000\040\000F\000u\000n\000c\000i\000o\000n\000a\000l\000i\000d\000a\000d\000e\000s\000\040\000A\000v\000a\000n\000z\000a\000d\000a\000s\000\040\000\050\000M\000e\000s\000e\000s\000\040\0007\000-\0009\000\051}{section.5.8}% 68
\BOOKMARK [2][-]{subsection.5.8.4}{\376\377\000F\000a\000s\000e\000\040\0004\000:\000\040\000O\000p\000t\000i\000m\000i\000z\000a\000c\000i\000\363\000n\000\040\000\050\000M\000e\000s\000e\000s\000\040\0001\0000\000-\0001\0002\000\051}{section.5.8}% 69
\BOOKMARK [1][-]{section.5.9}{\376\377\000C\000o\000n\000c\000l\000u\000s\000i\000o\000n\000e\000s\000\040\000d\000e\000\040\000l\000a\000\040\000S\000e\000l\000e\000c\000c\000i\000\363\000n\000\040\000T\000e\000c\000n\000o\000l\000\363\000g\000i\000c\000a}{chapter.5}% 70
\BOOKMARK [0][-]{chapter.6}{\376\377\000G\000l\000o\000s\000a\000r\000i\000o}{part.1}% 71
\BOOKMARK [1][-]{section.6.1}{\376\377\000T\000\351\000r\000m\000i\000n\000o\000s\000\040\000t\000\351\000c\000n\000i\000c\000o\000s}{chapter.6}% 72
\BOOKMARK [1][-]{section.6.2}{\376\377\000T\000\351\000r\000m\000i\000n\000o\000s\000\040\000d\000e\000l\000\040\000n\000e\000g\000o\000c\000i\000o}{chapter.6}% 73
\BOOKMARK [0][-]{chapter.7}{\376\377\000M\000o\000d\000e\000l\000o\000\040\000d\000e\000\040\000I\000n\000f\000o\000r\000m\000a\000c\000i\000\363\000n}{part.1}% 74
\BOOKMARK [1][-]{section.7.1}{\376\377\000A\000l\000u\000m\000n\000o}{chapter.7}% 75
\BOOKMARK [1][-]{section.7.2}{\376\377\000E\000n\000t\000i\000d\000a\000d\000:\000\040\000A\000l\000u\000m\000n\000o}{chapter.7}% 76
\BOOKMARK [1][-]{section.7.3}{\376\377\000E\000n\000t\000i\000d\000a\000d\000:\000\040\000D\000o\000m\000i\000c\000i\000l\000i\000o}{chapter.7}% 77
\BOOKMARK [1][-]{section.7.4}{\376\377\000E\000n\000t\000i\000d\000a\000d\000:\000\040\000A\000l\000u\000m\000n\000o\000\040\000A\000s\000e\000g\000u\000r\000a\000d\000o}{chapter.7}% 78
\BOOKMARK [1][-]{section.7.5}{\376\377\000E\000n\000t\000i\000d\000a\000d\000:\000\040\000I\000n\000f\000o\000r\000m\000a\000c\000i\000\363\000n\000\040\000M\000\351\000d\000i\000c\000a}{chapter.7}% 79
\BOOKMARK [1][-]{section.7.6}{\376\377\000E\000n\000t\000i\000d\000a\000d\000:\000\040\000C\000o\000n\000t\000a\000c\000t\000o\000\040\000d\000e\000\040\000A\000l\000u\000m\000n\000o}{chapter.7}% 80
\BOOKMARK [1][-]{section.7.7}{\376\377\000E\000n\000t\000i\000d\000a\000d\000:\000\040\000C\000o\000n\000t\000a\000c\000t\000o\000\040\000P\000e\000r\000s\000o\000n\000a\000l}{chapter.7}% 81
\BOOKMARK [1][-]{section.7.8}{\376\377\000E\000n\000t\000i\000d\000a\000d\000:\000\040\000C\000o\000n\000t\000a\000c\000t\000o\000\040\000d\000e\000\040\000T\000u\000t\000o\000r}{chapter.7}% 82
\BOOKMARK [1][-]{section.7.9}{\376\377\000E\000n\000t\000i\000d\000a\000d\000:\000\040\000E\000n\000f\000e\000r\000m\000e\000d\000a\000d\000\040\000e\000n\000\040\000I\000n\000f\000o\000r\000m\000a\000c\000i\000\363\000n\000\040\000M\000\351\000d\000i\000c\000a}{chapter.7}% 83
\BOOKMARK [1][-]{section.7.10}{\376\377\000E\000n\000t\000i\000d\000a\000d\000:\000\040\000A\000l\000u\000m\000n\000o\000\040\000c\000o\000n\000\040\000D\000e\000p\000o\000r\000t\000e}{chapter.7}% 84
\BOOKMARK [1][-]{section.7.11}{\376\377\000E\000n\000t\000i\000d\000a\000d\000:\000\040\000D\000i\000s\000c\000a\000p\000a\000c\000i\000d\000a\000d\000\040\000e\000n\000\040\000I\000n\000f\000o\000r\000m\000a\000c\000i\000\363\000n\000\040\000M\000\351\000d\000i\000c\000a}{chapter.7}% 85
\BOOKMARK [1][-]{section.7.12}{\376\377\000E\000n\000t\000i\000d\000a\000d\000:\000\040\000D\000o\000c\000u\000m\000e\000n\000t\000o\000\040\000d\000e\000\040\000I\000d\000e\000n\000t\000i\000d\000a\000d}{chapter.7}% 86
\BOOKMARK [1][-]{section.7.13}{\376\377\000I\000n\000s\000c\000r\000i\000p\000c\000i\000o\000n\000e\000s}{chapter.7}% 87
\BOOKMARK [1][-]{section.7.14}{\376\377\000E\000n\000t\000i\000d\000a\000d\000:\000\040\000A\000l\000u\000m\000n\000o\000\040\000A\000s\000i\000g\000n\000a\000d\000o}{chapter.7}% 88
\BOOKMARK [1][-]{section.7.15}{\376\377\000E\000n\000t\000i\000d\000a\000d\000:\000\040\000A\000l\000u\000m\000n\000o\000\040\000I\000n\000s\000c\000r\000i\000t\000o}{chapter.7}% 89
\BOOKMARK [1][-]{section.7.16}{\376\377\000E\000n\000t\000i\000d\000a\000d\000:\000\040\000T\000r\000a\000y\000e\000c\000t\000o\000r\000i\000a\000\040\000d\000e\000\040\000A\000l\000u\000m\000n\000o\000\040\000A\000s\000i\000g\000n\000a\000d\000o}{chapter.7}% 90
\BOOKMARK [1][-]{section.7.17}{\376\377\000E\000n\000t\000i\000d\000a\000d\000:\000\040\000D\000o\000c\000u\000m\000e\000n\000t\000o\000\040\000d\000e\000\040\000A\000s\000i\000g\000n\000a\000c\000i\000\363\000n}{chapter.7}% 91
\BOOKMARK [1][-]{section.7.18}{\376\377\000E\000n\000t\000i\000d\000a\000d\000:\000\040\000P\000r\000o\000c\000e\000s\000o}{chapter.7}% 92
\BOOKMARK [0][-]{chapter.8}{\376\377\000M\000o\000d\000e\000l\000o\000\040\000d\000e\000\040\000R\000e\000g\000l\000a\000s\000\040\000d\000e\000\040\000N\000e\000g\000o\000c\000i\000o}{part.1}% 93
\BOOKMARK [1][-]{section.8.1}{\376\377\000R\000e\000g\000l\000a\000s\000\040\000d\000e\000\040\000N\000e\000g\000o\000c\000i\000o\000\040\000d\000e\000\040\000S\000i\000s\000t\000e\000m\000a}{chapter.8}% 94
\BOOKMARK [1][-]{section.8.2}{\376\377\000B\000R\000-\000S\0000\0000\0001\000\040\000C\000a\000m\000p\000o\000s\000\040\000o\000b\000l\000i\000g\000a\000t\000o\000r\000i\000o\000s}{chapter.8}% 95
\BOOKMARK [1][-]{section.8.3}{\376\377\000B\000R\000-\000S\0000\0000\0002\000\040\000I\000n\000f\000o\000r\000m\000a\000c\000i\000\363\000n\000\040\000c\000o\000r\000r\000e\000c\000t\000a}{chapter.8}% 96
\BOOKMARK [0][-]{chapter.9}{\376\377\000M\000o\000d\000e\000l\000a\000d\000o\000\040\000D\000i\000n\000\341\000m\000i\000c\000o}{part.1}% 97
\BOOKMARK [1][-]{section.9.1}{\376\377\000H\000R\000-\000P\000R\000-\000C\000U\0001\000\040\000L\000l\000e\000n\000a\000r\000\040\000s\000o\000l\000i\000c\000i\000t\000u\000d\000\040\000d\000e\000\040\000u\000n\000i\000d\000a\000d\000e\000s\000\040\000d\000e\000\040\000a\000p\000r\000e\000n\000d\000i\000z\000a\000j\000e}{chapter.9}% 98
\BOOKMARK [2][-]{subsection.9.1.1}{\376\377\000R\000e\000s\000u\000m\000e\000n}{section.9.1}% 99
\BOOKMARK [2][-]{subsection.9.1.2}{\376\377\000D\000e\000s\000c\000r\000i\000p\000c\000i\000\363\000n}{section.9.1}% 100
\BOOKMARK [2][-]{subsection.9.1.3}{\376\377\000T\000r\000a\000y\000e\000c\000t\000o\000r\000i\000a\000s\000\040\000d\000e\000l\000\040\000C\000a\000s\000o\000\040\000d\000e\000\040\000U\000s\000o}{section.9.1}% 101
\BOOKMARK [1][-]{section.9.2}{\376\377\000H\000R\000-\000P\000R\000-\000C\000U\0002\000\040\000C\000o\000n\000s\000u\000l\000t\000a\000r\000\040\000S\000o\000l\000i\000c\000i\000t\000u\000d\000\040\000d\000e\000\040\000U\000n\000i\000d\000a\000d\000e\000s\000\040\000d\000e\000\040\000A\000p\000r\000e\000n\000d\000i\000z\000a\000j\000e}{chapter.9}% 102
\BOOKMARK [2][-]{subsection.9.2.1}{\376\377\000R\000e\000s\000u\000m\000e\000n}{section.9.2}% 103
\BOOKMARK [2][-]{subsection.9.2.2}{\376\377\000D\000e\000s\000c\000r\000i\000p\000c\000i\000\363\000n}{section.9.2}% 104
\BOOKMARK [2][-]{subsection.9.2.3}{\376\377\000T\000r\000a\000y\000e\000c\000t\000o\000r\000i\000a\000s\000\040\000d\000e\000l\000\040\000C\000a\000s\000o\000\040\000d\000e\000\040\000U\000s\000o}{section.9.2}% 105
\BOOKMARK [1][-]{section.9.3}{\376\377\000I\000N\000-\000D\000A\000E\000-\000C\000U\0001\000\040\000S\000e\000l\000e\000c\000c\000i\000\363\000n\000\040\000d\000e\000\040\000C\000i\000c\000l\000o\000\040\000E\000s\000c\000o\000l\000a\000r\000\040\000y\000\040\000M\000o\000d\000a\000l\000i\000d\000a\000d}{chapter.9}% 106
\BOOKMARK [2][-]{subsection.9.3.1}{\376\377\000R\000e\000s\000u\000m\000e\000n}{section.9.3}% 107
\BOOKMARK [2][-]{subsection.9.3.2}{\376\377\000D\000e\000s\000c\000r\000i\000p\000c\000i\000\363\000n}{section.9.3}% 108
\BOOKMARK [2][-]{subsection.9.3.3}{\376\377\000T\000r\000a\000y\000e\000c\000t\000o\000r\000i\000a\000s\000\040\000d\000e\000l\000\040\000C\000a\000s\000o\000\040\000d\000e\000\040\000U\000s\000o}{section.9.3}% 109
\BOOKMARK [0][-]{chapter.10}{\376\377\000M\000o\000d\000e\000l\000o\000\040\000d\000e\000l\000\040\000A\000l\000c\000a\000n\000c\000e}{part.1}% 110
\BOOKMARK [1][-]{section.10.1}{\376\377\000M\000o\000d\000e\000l\000a\000d\000o\000\040\000d\000e\000\040\000U\000s\000u\000a\000r\000i\000o\000s}{chapter.10}% 111
\BOOKMARK [2][-]{subsection.10.1.1}{\376\377\000A\000c\000t\000o\000r\000\040\000G\000e\000r\000e\000n\000t\000e\000\040\000d\000e\000\040\000V\000e\000n\000t\000a\000s}{section.10.1}% 112
\BOOKMARK [2][-]{subsection.10.1.2}{\376\377\000A\000c\000t\000o\000r\000\040\000G\000e\000r\000e\000n\000t\000e\000\040\000d\000e\000\040\000V\000e\000n\000t\000a\000s\000\040\000J\000r}{section.10.1}% 113
\BOOKMARK [0][-]{chapter.11}{\376\377\000M\000e\000n\000s\000a\000j\000e\000s\000\040\000d\000e\000l\000\040\000s\000i\000s\000t\000e\000m\000a}{part.1}% 114
\BOOKMARK [1][-]{section.11.1}{\376\377\000M\000S\000G\0001\000\040\000O\000p\000e\000r\000a\000c\000i\000\363\000n\000\040\000E\000x\000i\000t\000o\000s\000a}{chapter.11}% 115
\BOOKMARK [1][-]{section.11.2}{\376\377\000M\000S\000G\0002\000\040\000O\000p\000e\000r\000a\000c\000i\000\363\000n\000\040\000F\000a\000l\000l\000i\000d\000a}{chapter.11}% 116
\BOOKMARK [1][-]{section.11.3}{\376\377\000M\000S\000G\0003\000\040\000E\000l\000e\000m\000e\000n\000t\000o\000s\000\040\000N\000o\000\040\000D\000i\000s\000p\000o\000n\000i\000b\000l\000e\000s}{chapter.11}% 117
\BOOKMARK [1][-]{section.11.4}{\376\377\000M\000S\000G\0004\000\040\000E\000l\000e\000m\000e\000n\000t\000o\000\040\000N\000o\000\040\000D\000i\000s\000p\000o\000n\000i\000b\000l\000e}{chapter.11}% 118
\BOOKMARK [1][-]{section.11.5}{\376\377\000M\000S\000G\0005\000\040\000D\000u\000p\000l\000i\000c\000a\000d\000o\000\040\000d\000e\000\040\000I\000n\000f\000o\000r\000m\000a\000c\000i\000\363\000n}{chapter.11}% 119
\BOOKMARK [1][-]{section.11.6}{\376\377\000M\000S\000G\0006\000\040\000F\000a\000l\000t\000a\000\040\000d\000a\000t\000o\000\040\000o\000b\000l\000i\000g\000a\000t\000o\000r\000i\000o}{chapter.11}% 120
\BOOKMARK [1][-]{section.11.7}{\376\377\000M\000S\000G\0007\000\040\000F\000o\000r\000m\000a\000t\000o\000\040\000d\000e\000\040\000c\000a\000m\000p\000o\000\040\000I\000n\000c\000o\000r\000r\000e\000c\000t\000o}{chapter.11}% 121
\BOOKMARK [1][-]{section.11.8}{\376\377\000M\000S\000G\0008\000\040\000O\000p\000e\000r\000a\000c\000i\000\363\000n\000\040\000p\000o\000r\000\040\000A\000t\000e\000n\000d\000e\000r}{chapter.11}% 122
\BOOKMARK [1][-]{section.11.9}{\376\377\000M\000S\000G\0009\000\040\000L\000\355\000m\000i\000t\000e\000\040\000d\000e\000\040\000T\000i\000e\000m\000p\000o}{chapter.11}% 123
\BOOKMARK [1][-]{section.11.10}{\376\377\000M\000S\000G\0001\0000\000\040\000C\000i\000e\000r\000r\000e\000\040\000d\000e\000\040\000O\000p\000e\000r\000a\000c\000i\000\363\000n}{chapter.11}% 124
\BOOKMARK [1][-]{section.11.11}{\376\377\000M\000S\000G\0001\0001\000\040\000R\000e\000c\000o\000m\000e\000n\000d\000a\000c\000i\000\363\000n\000\040\000p\000a\000r\000a\000\040\000r\000e\000v\000i\000s\000a\000r\000\040\000c\000o\000n\000f\000i\000g\000u\000r\000a\000c\000i\000\363\000n\000\040\000d\000e\000\040\000s\000e\000r\000v\000i\000c\000i\000o\000s\000\040\000w\000e\000b}{chapter.11}% 125
\BOOKMARK [1][-]{section.11.12}{\376\377\000M\000S\000G\0001\0002\000\040\000C\000o\000n\000f\000i\000r\000m\000a\000r\000\040\000o\000p\000e\000r\000a\000c\000i\000\363\000n\000\040\000s\000i\000n\000\040\000c\000a\000m\000b\000i\000o\000s\000\040\000p\000o\000s\000t\000e\000r\000i\000o\000r\000e\000s}{chapter.11}% 126
\BOOKMARK [1][-]{section.11.13}{\376\377\000M\000S\000G\0001\0003\000\040\000O\000p\000e\000r\000a\000c\000i\000\363\000n\000\040\000e\000n\000\040\000C\000u\000r\000s\000o}{chapter.11}% 127
\BOOKMARK [1][-]{section.11.14}{\376\377\000M\000S\000G\0001\0004\000\040\000N\000o\000\040\000t\000i\000e\000n\000e\000s\000\040\000n\000o\000t\000i\000f\000i\000c\000a\000c\000i\000o\000n\000e\000s\000\040\000p\000o\000r\000\040\000a\000t\000e\000n\000d\000e\000r}{chapter.11}% 128
\BOOKMARK [1][-]{section.11.15}{\376\377\000M\000S\000G\0001\0005\000\040\000N\000o\000\040\000e\000x\000i\000s\000t\000e\000\040\000i\000n\000f\000o\000r\000m\000a\000c\000i\000\363\000n\000\040\000e\000n\000\040\000e\000l\000\040\000s\000i\000s\000t\000e\000m\000a}{chapter.11}% 129
\BOOKMARK [1][-]{section.11.16}{\376\377\000M\000S\000G\0001\0006\000\040\000C\000o\000n\000d\000i\000c\000i\000o\000n\000e\000s\000\040\000n\000e\000c\000e\000s\000a\000r\000i\000a\000s\000\040\000p\000a\000r\000a\000\040\000r\000e\000a\000l\000i\000z\000a\000r\000\040\000o\000p\000e\000r\000a\000c\000i\000\363\000n}{chapter.11}% 130
\BOOKMARK [1][-]{section.11.17}{\376\377\000M\000S\000G\0001\0007\000\040\000E\000l\000i\000m\000i\000n\000a\000r\000\040\000e\000l\000e\000m\000e\000n\000t\000o}{chapter.11}% 131
\BOOKMARK [1][-]{section.11.18}{\376\377\000M\000S\000G\0001\0008\000\040\000R\000e\000l\000a\000c\000i\000\363\000n\000\040\000d\000e\000\040\000f\000e\000c\000h\000a\000s\000\040\000i\000n\000c\000o\000r\000r\000e\000c\000t\000a}{chapter.11}% 132
\BOOKMARK [1][-]{section.11.19}{\376\377\000M\000S\000G\0001\0009\000\040\000R\000e\000l\000a\000c\000i\000\363\000n\000\040\000d\000e\000\040\000c\000a\000n\000t\000i\000d\000a\000d\000e\000s\000\040\000i\000n\000c\000o\000r\000r\000e\000c\000t\000a}{chapter.11}% 133
\BOOKMARK [1][-]{section.11.20}{\376\377\000M\000S\000G\0002\0000\000\040\000R\000e\000l\000a\000c\000i\000\363\000n\000\040\000d\000e\000\040\000h\000o\000r\000a\000s\000\040\000i\000n\000c\000o\000r\000r\000e\000c\000t\000a}{chapter.11}% 134
\BOOKMARK [1][-]{section.11.21}{\376\377\000M\000S\000G\0002\0001\000\040\000E\000l\000e\000m\000e\000n\000t\000o\000s\000\040\000m\000\355\000n\000i\000m\000o\000s\000\040\000n\000e\000c\000e\000s\000a\000r\000i\000o\000s}{chapter.11}% 135
\BOOKMARK [1][-]{section.11.22}{\376\377\000M\000S\000G\0002\0002\000\040\000N\000o\000t\000i\000f\000i\000c\000a\000c\000i\000\363\000n\000\040\000d\000e\000\040\000o\000p\000e\000r\000a\000c\000i\000\363\000n\000.}{chapter.11}% 136
\BOOKMARK [1][-]{section.11.23}{\376\377\000M\000S\000G\0002\0003\000\040\000N\000o\000\040\000e\000s\000\040\000p\000o\000s\000i\000b\000l\000e\000\040\000r\000e\000a\000l\000i\000z\000a\000r\000\040\000o\000p\000e\000r\000a\000c\000i\000\363\000n\000\040\000s\000o\000b\000r\000e\000\040\000e\000l\000e\000m\000e\000n\000t\000o}{chapter.11}% 137
\BOOKMARK [1][-]{section.11.24}{\376\377\000M\000S\000G\0002\0004\000\040\000C\000o\000n\000f\000i\000r\000m\000a\000c\000i\000\363\000n\000\040\000d\000e\000\040\000e\000l\000i\000m\000i\000n\000a\000c\000i\000\363\000n\000\040\000e\000n\000\040\000c\000a\000d\000e\000n\000a}{chapter.11}% 138
\BOOKMARK [1][-]{section.11.25}{\376\377\000M\000S\000G\0002\0005\000\040\000C\000o\000n\000f\000i\000r\000m\000a\000c\000i\000\363\000n\000\040\000d\000e\000\040\000o\000p\000e\000r\000a\000c\000i\000\363\000n}{chapter.11}% 139
\BOOKMARK [1][-]{section.11.26}{\376\377\000M\000S\000G\0005\0008\000\040\000O\000p\000e\000r\000a\000c\000i\000\363\000n\000\040\000f\000u\000e\000r\000a\000\040\000d\000e\000\040\000p\000e\000r\000i\000o\000d\000o}{chapter.11}% 140
\BOOKMARK [0][-]{chapter.12}{\376\377\000M\000o\000d\000e\000l\000o\000\040\000d\000e\000\040\000I\000n\000t\000e\000r\000a\000c\000c\000i\000\363\000n}{part.1}% 141
\BOOKMARK [1][-]{section.12.1}{\376\377\000I\000n\000t\000e\000r\000f\000a\000c\000e\000s\000\040\000d\000e\000\040\000M\000o\000d\000u\000l\000o\000\040\000d\000e\000\040\000I\000n\000s\000c\000r\000i\000p\000c\000i\000\363\000n}{chapter.12}% 142
\BOOKMARK [2][-]{subsection.12.1.1}{\376\377\000I\000N\000-\000D\000A\000E\000-\000C\000U\0001\000\040\000S\000e\000l\000e\000c\000c\000i\000\363\000n\000\040\000d\000e\000\040\000P\000e\000r\000i\000o\000d\000o\000\040\000E\000s\000c\000o\000l\000a\000r\000\040\000y\000\040\000M\000o\000d\000a\000l\000i\000d\000a\000d}{section.12.1}% 143
\BOOKMARK [0][-]{chapter.13}{\376\377\000R\000e\000f\000e\000r\000e\000n\000c\000i\000a\000s}{part.1}% 144
\BOOKMARK [-1][-]{part.2}{\376\377\000I\000I\000\040\000R\000e\000f\000e\000r\000e\000n\000c\000i\000a\000s\000\040\000C\000r\000u\000z\000a\000d\000a\000s}{}% 145
\BOOKMARK [0][-]{chapter*.33}{\376\377\000T\000e\000r\000m\000i\000n\000o\000s}{part.2}% 146
\BOOKMARK [0][-]{chapter*.34}{\376\377\000A\000c\000t\000o\000r\000e\000s}{part.2}% 147
\BOOKMARK [0][-]{chapter*.35}{\376\377\000O\000t\000r\000o\000s\000\040\000E\000l\000e\000m\000e\000n\000t\000o\000s}{part.2}% 148
\BOOKMARK [0][-]{chapter*.36}{\376\377\000R\000e\000g\000l\000a\000s\000\040\000d\000e\000\040\000N\000e\000g\000o\000c\000i\000o}{part.2}% 149
\BOOKMARK [0][-]{chapter*.37}{\376\377\000C\000a\000s\000o\000s\000\040\000d\000e\000\040\000U\000s\000o}{part.2}% 150
\BOOKMARK [0][-]{chapter*.38}{\376\377\000M\000e\000n\000s\000a\000j\000e\000s}{part.2}% 151
\BOOKMARK [0][-]{chapter*.39}{\376\377\000I\000n\000t\000e\000r\000f\000a\000c\000e\000s}{part.2}% 152
