\BOOKMARK [-1][-]{part.1}{\376\377\000I\000\040\000M\000o\000d\000e\000l\000a\000d\000o\000\040\000d\000e\000l\000\040\000n\000e\000g\000o\000c\000i\000o}{}% 1
\BOOKMARK [0][-]{chapter.1}{\376\377\000I\000n\000t\000r\000o\000d\000u\000c\000c\000i\000\363\000n}{part.1}% 2
\BOOKMARK [1][-]{section.1.1}{\376\377\000I\000n\000t\000e\000n\000c\000i\000\363\000n\000\040\000d\000e\000l\000\040\000d\000o\000c\000u\000m\000e\000n\000t\000o}{chapter.1}% 3
\BOOKMARK [1][-]{section.1.2}{\376\377\000E\000s\000t\000r\000u\000c\000t\000u\000r\000a\000\040\000d\000e\000l\000\040\000d\000o\000c\000u\000m\000e\000n\000t\000o}{chapter.1}% 4
\BOOKMARK [0][-]{chapter.2}{\376\377\000N\000o\000m\000e\000n\000c\000l\000a\000t\000u\000r\000a}{part.1}% 5
\BOOKMARK [1][-]{section.2.1}{\376\377\000M\000o\000d\000e\000l\000a\000d\000o\000\040\000d\000e\000l\000\040\000n\000e\000g\000o\000c\000i\000o}{chapter.2}% 6
\BOOKMARK [2][-]{subsection.2.1.1}{\376\377\000M\000o\000d\000e\000l\000a\000d\000o\000\040\000d\000e\000\040\000e\000s\000t\000r\000u\000c\000t\000u\000r\000a\000\040\000d\000e\000\040\000d\000a\000t\000o\000s}{section.2.1}% 7
\BOOKMARK [2][-]{subsection.2.1.2}{\376\377\000R\000e\000g\000l\000a\000s\000\040\000d\000e\000\040\000N\000e\000g\000o\000c\000i\000o}{section.2.1}% 8
\BOOKMARK [2][-]{subsection.2.1.3}{\376\377\000M\000a\000q\000u\000i\000n\000a\000s\000\040\000d\000e\000\040\000E\000s\000t\000a\000d\000o\000s}{section.2.1}% 9
\BOOKMARK [1][-]{section.2.2}{\376\377\000M\000o\000d\000e\000l\000a\000d\000o\000\040\000d\000e\000\040\000c\000a\000s\000o\000s\000\040\000d\000e\000\040\000u\000s\000o}{chapter.2}% 10
\BOOKMARK [1][-]{section.2.3}{\376\377\000M\000o\000d\000e\000l\000a\000d\000o\000\040\000d\000e\000\040\000i\000n\000t\000e\000r\000f\000a\000c\000e\000s}{chapter.2}% 11
\BOOKMARK [1][-]{section.2.4}{\376\377\000M\000o\000d\000e\000l\000a\000d\000o\000\040\000d\000e\000\040\000m\000e\000n\000s\000a\000j\000e\000s}{chapter.2}% 12
\BOOKMARK [0][-]{chapter.3}{\376\377\000G\000l\000o\000s\000a\000r\000i\000o}{part.1}% 13
\BOOKMARK [1][-]{section.3.1}{\376\377\000T\000\351\000r\000m\000i\000n\000o\000s\000\040\000t\000\351\000c\000n\000i\000c\000o\000s}{chapter.3}% 14
\BOOKMARK [1][-]{section.3.2}{\376\377\000T\000\351\000r\000m\000i\000n\000o\000s\000\040\000d\000e\000l\000\040\000n\000e\000g\000o\000c\000i\000o}{chapter.3}% 15
\BOOKMARK [0][-]{chapter.4}{\376\377\000M\000o\000d\000e\000l\000o\000\040\000d\000e\000\040\000I\000n\000f\000o\000r\000m\000a\000c\000i\000\363\000n}{part.1}% 16
\BOOKMARK [1][-]{section.4.1}{\376\377\000A\000l\000u\000m\000n\000o}{chapter.4}% 17
\BOOKMARK [1][-]{section.4.2}{\376\377\000E\000n\000t\000i\000d\000a\000d\000:\000\040\000A\000l\000u\000m\000n\000o}{chapter.4}% 18
\BOOKMARK [1][-]{section.4.3}{\376\377\000E\000n\000t\000i\000d\000a\000d\000:\000\040\000D\000o\000m\000i\000c\000i\000l\000i\000o}{chapter.4}% 19
\BOOKMARK [1][-]{section.4.4}{\376\377\000E\000n\000t\000i\000d\000a\000d\000:\000\040\000A\000l\000u\000m\000n\000o\000\040\000A\000s\000e\000g\000u\000r\000a\000d\000o}{chapter.4}% 20
\BOOKMARK [1][-]{section.4.5}{\376\377\000E\000n\000t\000i\000d\000a\000d\000:\000\040\000I\000n\000f\000o\000r\000m\000a\000c\000i\000\363\000n\000\040\000M\000\351\000d\000i\000c\000a}{chapter.4}% 21
\BOOKMARK [1][-]{section.4.6}{\376\377\000E\000n\000t\000i\000d\000a\000d\000:\000\040\000C\000o\000n\000t\000a\000c\000t\000o\000\040\000d\000e\000\040\000A\000l\000u\000m\000n\000o}{chapter.4}% 22
\BOOKMARK [1][-]{section.4.7}{\376\377\000E\000n\000t\000i\000d\000a\000d\000:\000\040\000C\000o\000n\000t\000a\000c\000t\000o\000\040\000P\000e\000r\000s\000o\000n\000a\000l}{chapter.4}% 23
\BOOKMARK [1][-]{section.4.8}{\376\377\000E\000n\000t\000i\000d\000a\000d\000:\000\040\000C\000o\000n\000t\000a\000c\000t\000o\000\040\000d\000e\000\040\000T\000u\000t\000o\000r}{chapter.4}% 24
\BOOKMARK [1][-]{section.4.9}{\376\377\000E\000n\000t\000i\000d\000a\000d\000:\000\040\000E\000n\000f\000e\000r\000m\000e\000d\000a\000d\000\040\000e\000n\000\040\000I\000n\000f\000o\000r\000m\000a\000c\000i\000\363\000n\000\040\000M\000\351\000d\000i\000c\000a}{chapter.4}% 25
\BOOKMARK [1][-]{section.4.10}{\376\377\000E\000n\000t\000i\000d\000a\000d\000:\000\040\000A\000l\000u\000m\000n\000o\000\040\000c\000o\000n\000\040\000D\000e\000p\000o\000r\000t\000e}{chapter.4}% 26
\BOOKMARK [1][-]{section.4.11}{\376\377\000E\000n\000t\000i\000d\000a\000d\000:\000\040\000D\000i\000s\000c\000a\000p\000a\000c\000i\000d\000a\000d\000\040\000e\000n\000\040\000I\000n\000f\000o\000r\000m\000a\000c\000i\000\363\000n\000\040\000M\000\351\000d\000i\000c\000a}{chapter.4}% 27
\BOOKMARK [1][-]{section.4.12}{\376\377\000E\000n\000t\000i\000d\000a\000d\000:\000\040\000D\000o\000c\000u\000m\000e\000n\000t\000o\000\040\000d\000e\000\040\000I\000d\000e\000n\000t\000i\000d\000a\000d}{chapter.4}% 28
\BOOKMARK [1][-]{section.4.13}{\376\377\000I\000n\000s\000c\000r\000i\000p\000c\000i\000o\000n\000e\000s}{chapter.4}% 29
\BOOKMARK [1][-]{section.4.14}{\376\377\000E\000n\000t\000i\000d\000a\000d\000:\000\040\000A\000l\000u\000m\000n\000o\000\040\000A\000s\000i\000g\000n\000a\000d\000o}{chapter.4}% 30
\BOOKMARK [1][-]{section.4.15}{\376\377\000E\000n\000t\000i\000d\000a\000d\000:\000\040\000A\000l\000u\000m\000n\000o\000\040\000I\000n\000s\000c\000r\000i\000t\000o}{chapter.4}% 31
\BOOKMARK [1][-]{section.4.16}{\376\377\000E\000n\000t\000i\000d\000a\000d\000:\000\040\000T\000r\000a\000y\000e\000c\000t\000o\000r\000i\000a\000\040\000d\000e\000\040\000A\000l\000u\000m\000n\000o\000\040\000A\000s\000i\000g\000n\000a\000d\000o}{chapter.4}% 32
\BOOKMARK [1][-]{section.4.17}{\376\377\000E\000n\000t\000i\000d\000a\000d\000:\000\040\000D\000o\000c\000u\000m\000e\000n\000t\000o\000\040\000d\000e\000\040\000A\000s\000i\000g\000n\000a\000c\000i\000\363\000n}{chapter.4}% 33
\BOOKMARK [1][-]{section.4.18}{\376\377\000E\000n\000t\000i\000d\000a\000d\000:\000\040\000P\000r\000o\000c\000e\000s\000o}{chapter.4}% 34
\BOOKMARK [0][-]{chapter.5}{\376\377\000M\000o\000d\000e\000l\000o\000\040\000d\000e\000\040\000R\000e\000g\000l\000a\000s\000\040\000d\000e\000\040\000N\000e\000g\000o\000c\000i\000o}{part.1}% 35
\BOOKMARK [1][-]{section.5.1}{\376\377\000R\000e\000g\000l\000a\000s\000\040\000d\000e\000\040\000N\000e\000g\000o\000c\000i\000o\000\040\000d\000e\000\040\000S\000i\000s\000t\000e\000m\000a}{chapter.5}% 36
\BOOKMARK [1][-]{section.5.2}{\376\377\000B\000R\000-\000S\0000\0000\0001\000\040\000C\000a\000m\000p\000o\000s\000\040\000o\000b\000l\000i\000g\000a\000t\000o\000r\000i\000o\000s}{chapter.5}% 37
\BOOKMARK [1][-]{section.5.3}{\376\377\000B\000R\000-\000S\0000\0000\0002\000\040\000I\000n\000f\000o\000r\000m\000a\000c\000i\000\363\000n\000\040\000c\000o\000r\000r\000e\000c\000t\000a}{chapter.5}% 38
\BOOKMARK [0][-]{chapter.6}{\376\377\000M\000o\000d\000e\000l\000o\000\040\000d\000e\000l\000\040\000A\000l\000c\000a\000n\000c\000e}{part.1}% 39
\BOOKMARK [1][-]{section.6.1}{\376\377\000M\000o\000d\000e\000l\000a\000d\000o\000\040\000d\000e\000\040\000U\000s\000u\000a\000r\000i\000o\000s}{chapter.6}% 40
\BOOKMARK [2][-]{subsection.6.1.1}{\376\377\000A\000c\000t\000o\000r\000\040\000G\000e\000r\000e\000n\000t\000e\000\040\000d\000e\000\040\000V\000e\000n\000t\000a\000s}{section.6.1}% 41
\BOOKMARK [2][-]{subsection.6.1.2}{\376\377\000A\000c\000t\000o\000r\000\040\000G\000e\000r\000e\000n\000t\000e\000\040\000d\000e\000\040\000V\000e\000n\000t\000a\000s\000\040\000J\000r}{section.6.1}% 42
\BOOKMARK [0][-]{chapter.7}{\376\377\000M\000o\000d\000e\000l\000a\000d\000o\000\040\000D\000i\000n\000\341\000m\000i\000c\000o}{part.1}% 43
\BOOKMARK [1][-]{section.7.1}{\376\377\000H\000R\000-\000P\000R\000-\000C\000U\0001\000\040\000L\000l\000e\000n\000a\000r\000\040\000s\000o\000l\000i\000c\000i\000t\000u\000d\000\040\000d\000e\000\040\000u\000n\000i\000d\000a\000d\000e\000s\000\040\000d\000e\000\040\000a\000p\000r\000e\000n\000d\000i\000z\000a\000j\000e}{chapter.7}% 44
\BOOKMARK [2][-]{subsection.7.1.1}{\376\377\000R\000e\000s\000u\000m\000e\000n}{section.7.1}% 45
\BOOKMARK [2][-]{subsection.7.1.2}{\376\377\000D\000e\000s\000c\000r\000i\000p\000c\000i\000\363\000n}{section.7.1}% 46
\BOOKMARK [2][-]{subsection.7.1.3}{\376\377\000T\000r\000a\000y\000e\000c\000t\000o\000r\000i\000a\000s\000\040\000d\000e\000l\000\040\000C\000a\000s\000o\000\040\000d\000e\000\040\000U\000s\000o}{section.7.1}% 47
\BOOKMARK [1][-]{section.7.2}{\376\377\000H\000R\000-\000P\000R\000-\000C\000U\0002\000\040\000C\000o\000n\000s\000u\000l\000t\000a\000r\000\040\000S\000o\000l\000i\000c\000i\000t\000u\000d\000\040\000d\000e\000\040\000U\000n\000i\000d\000a\000d\000e\000s\000\040\000d\000e\000\040\000A\000p\000r\000e\000n\000d\000i\000z\000a\000j\000e}{chapter.7}% 48
\BOOKMARK [2][-]{subsection.7.2.1}{\376\377\000R\000e\000s\000u\000m\000e\000n}{section.7.2}% 49
\BOOKMARK [2][-]{subsection.7.2.2}{\376\377\000D\000e\000s\000c\000r\000i\000p\000c\000i\000\363\000n}{section.7.2}% 50
\BOOKMARK [2][-]{subsection.7.2.3}{\376\377\000T\000r\000a\000y\000e\000c\000t\000o\000r\000i\000a\000s\000\040\000d\000e\000l\000\040\000C\000a\000s\000o\000\040\000d\000e\000\040\000U\000s\000o}{section.7.2}% 51
\BOOKMARK [1][-]{section.7.3}{\376\377\000I\000N\000-\000D\000A\000E\000-\000C\000U\0001\000\040\000S\000e\000l\000e\000c\000c\000i\000\363\000n\000\040\000d\000e\000\040\000C\000i\000c\000l\000o\000\040\000E\000s\000c\000o\000l\000a\000r\000\040\000y\000\040\000M\000o\000d\000a\000l\000i\000d\000a\000d}{chapter.7}% 52
\BOOKMARK [2][-]{subsection.7.3.1}{\376\377\000R\000e\000s\000u\000m\000e\000n}{section.7.3}% 53
\BOOKMARK [2][-]{subsection.7.3.2}{\376\377\000D\000e\000s\000c\000r\000i\000p\000c\000i\000\363\000n}{section.7.3}% 54
\BOOKMARK [2][-]{subsection.7.3.3}{\376\377\000T\000r\000a\000y\000e\000c\000t\000o\000r\000i\000a\000s\000\040\000d\000e\000l\000\040\000C\000a\000s\000o\000\040\000d\000e\000\040\000U\000s\000o}{section.7.3}% 55
\BOOKMARK [0][-]{chapter.8}{\376\377\000M\000e\000n\000s\000a\000j\000e\000s\000\040\000d\000e\000l\000\040\000s\000i\000s\000t\000e\000m\000a}{part.1}% 56
\BOOKMARK [1][-]{section.8.1}{\376\377\000M\000S\000G\0001\000\040\000O\000p\000e\000r\000a\000c\000i\000\363\000n\000\040\000E\000x\000i\000t\000o\000s\000a}{chapter.8}% 57
\BOOKMARK [1][-]{section.8.2}{\376\377\000M\000S\000G\0002\000\040\000O\000p\000e\000r\000a\000c\000i\000\363\000n\000\040\000F\000a\000l\000l\000i\000d\000a}{chapter.8}% 58
\BOOKMARK [1][-]{section.8.3}{\376\377\000M\000S\000G\0003\000\040\000E\000l\000e\000m\000e\000n\000t\000o\000s\000\040\000N\000o\000\040\000D\000i\000s\000p\000o\000n\000i\000b\000l\000e\000s}{chapter.8}% 59
\BOOKMARK [1][-]{section.8.4}{\376\377\000M\000S\000G\0004\000\040\000E\000l\000e\000m\000e\000n\000t\000o\000\040\000N\000o\000\040\000D\000i\000s\000p\000o\000n\000i\000b\000l\000e}{chapter.8}% 60
\BOOKMARK [1][-]{section.8.5}{\376\377\000M\000S\000G\0005\000\040\000D\000u\000p\000l\000i\000c\000a\000d\000o\000\040\000d\000e\000\040\000I\000n\000f\000o\000r\000m\000a\000c\000i\000\363\000n}{chapter.8}% 61
\BOOKMARK [1][-]{section.8.6}{\376\377\000M\000S\000G\0006\000\040\000F\000a\000l\000t\000a\000\040\000d\000a\000t\000o\000\040\000o\000b\000l\000i\000g\000a\000t\000o\000r\000i\000o}{chapter.8}% 62
\BOOKMARK [1][-]{section.8.7}{\376\377\000M\000S\000G\0007\000\040\000F\000o\000r\000m\000a\000t\000o\000\040\000d\000e\000\040\000c\000a\000m\000p\000o\000\040\000I\000n\000c\000o\000r\000r\000e\000c\000t\000o}{chapter.8}% 63
\BOOKMARK [1][-]{section.8.8}{\376\377\000M\000S\000G\0008\000\040\000O\000p\000e\000r\000a\000c\000i\000\363\000n\000\040\000p\000o\000r\000\040\000A\000t\000e\000n\000d\000e\000r}{chapter.8}% 64
\BOOKMARK [1][-]{section.8.9}{\376\377\000M\000S\000G\0009\000\040\000L\000\355\000m\000i\000t\000e\000\040\000d\000e\000\040\000T\000i\000e\000m\000p\000o}{chapter.8}% 65
\BOOKMARK [1][-]{section.8.10}{\376\377\000M\000S\000G\0001\0000\000\040\000C\000i\000e\000r\000r\000e\000\040\000d\000e\000\040\000O\000p\000e\000r\000a\000c\000i\000\363\000n}{chapter.8}% 66
\BOOKMARK [1][-]{section.8.11}{\376\377\000M\000S\000G\0001\0001\000\040\000R\000e\000c\000o\000m\000e\000n\000d\000a\000c\000i\000\363\000n\000\040\000p\000a\000r\000a\000\040\000r\000e\000v\000i\000s\000a\000r\000\040\000c\000o\000n\000f\000i\000g\000u\000r\000a\000c\000i\000\363\000n\000\040\000d\000e\000\040\000s\000e\000r\000v\000i\000c\000i\000o\000s\000\040\000w\000e\000b}{chapter.8}% 67
\BOOKMARK [1][-]{section.8.12}{\376\377\000M\000S\000G\0001\0002\000\040\000C\000o\000n\000f\000i\000r\000m\000a\000r\000\040\000o\000p\000e\000r\000a\000c\000i\000\363\000n\000\040\000s\000i\000n\000\040\000c\000a\000m\000b\000i\000o\000s\000\040\000p\000o\000s\000t\000e\000r\000i\000o\000r\000e\000s}{chapter.8}% 68
\BOOKMARK [1][-]{section.8.13}{\376\377\000M\000S\000G\0001\0003\000\040\000O\000p\000e\000r\000a\000c\000i\000\363\000n\000\040\000e\000n\000\040\000C\000u\000r\000s\000o}{chapter.8}% 69
\BOOKMARK [1][-]{section.8.14}{\376\377\000M\000S\000G\0001\0004\000\040\000N\000o\000\040\000t\000i\000e\000n\000e\000s\000\040\000n\000o\000t\000i\000f\000i\000c\000a\000c\000i\000o\000n\000e\000s\000\040\000p\000o\000r\000\040\000a\000t\000e\000n\000d\000e\000r}{chapter.8}% 70
\BOOKMARK [1][-]{section.8.15}{\376\377\000M\000S\000G\0001\0005\000\040\000N\000o\000\040\000e\000x\000i\000s\000t\000e\000\040\000i\000n\000f\000o\000r\000m\000a\000c\000i\000\363\000n\000\040\000e\000n\000\040\000e\000l\000\040\000s\000i\000s\000t\000e\000m\000a}{chapter.8}% 71
\BOOKMARK [1][-]{section.8.16}{\376\377\000M\000S\000G\0001\0006\000\040\000C\000o\000n\000d\000i\000c\000i\000o\000n\000e\000s\000\040\000n\000e\000c\000e\000s\000a\000r\000i\000a\000s\000\040\000p\000a\000r\000a\000\040\000r\000e\000a\000l\000i\000z\000a\000r\000\040\000o\000p\000e\000r\000a\000c\000i\000\363\000n}{chapter.8}% 72
\BOOKMARK [1][-]{section.8.17}{\376\377\000M\000S\000G\0001\0007\000\040\000E\000l\000i\000m\000i\000n\000a\000r\000\040\000e\000l\000e\000m\000e\000n\000t\000o}{chapter.8}% 73
\BOOKMARK [1][-]{section.8.18}{\376\377\000M\000S\000G\0001\0008\000\040\000R\000e\000l\000a\000c\000i\000\363\000n\000\040\000d\000e\000\040\000f\000e\000c\000h\000a\000s\000\040\000i\000n\000c\000o\000r\000r\000e\000c\000t\000a}{chapter.8}% 74
\BOOKMARK [1][-]{section.8.19}{\376\377\000M\000S\000G\0001\0009\000\040\000R\000e\000l\000a\000c\000i\000\363\000n\000\040\000d\000e\000\040\000c\000a\000n\000t\000i\000d\000a\000d\000e\000s\000\040\000i\000n\000c\000o\000r\000r\000e\000c\000t\000a}{chapter.8}% 75
\BOOKMARK [1][-]{section.8.20}{\376\377\000M\000S\000G\0002\0000\000\040\000R\000e\000l\000a\000c\000i\000\363\000n\000\040\000d\000e\000\040\000h\000o\000r\000a\000s\000\040\000i\000n\000c\000o\000r\000r\000e\000c\000t\000a}{chapter.8}% 76
\BOOKMARK [1][-]{section.8.21}{\376\377\000M\000S\000G\0002\0001\000\040\000E\000l\000e\000m\000e\000n\000t\000o\000s\000\040\000m\000\355\000n\000i\000m\000o\000s\000\040\000n\000e\000c\000e\000s\000a\000r\000i\000o\000s}{chapter.8}% 77
\BOOKMARK [1][-]{section.8.22}{\376\377\000M\000S\000G\0002\0002\000\040\000N\000o\000t\000i\000f\000i\000c\000a\000c\000i\000\363\000n\000\040\000d\000e\000\040\000o\000p\000e\000r\000a\000c\000i\000\363\000n\000.}{chapter.8}% 78
\BOOKMARK [1][-]{section.8.23}{\376\377\000M\000S\000G\0002\0003\000\040\000N\000o\000\040\000e\000s\000\040\000p\000o\000s\000i\000b\000l\000e\000\040\000r\000e\000a\000l\000i\000z\000a\000r\000\040\000o\000p\000e\000r\000a\000c\000i\000\363\000n\000\040\000s\000o\000b\000r\000e\000\040\000e\000l\000e\000m\000e\000n\000t\000o}{chapter.8}% 79
\BOOKMARK [1][-]{section.8.24}{\376\377\000M\000S\000G\0002\0004\000\040\000C\000o\000n\000f\000i\000r\000m\000a\000c\000i\000\363\000n\000\040\000d\000e\000\040\000e\000l\000i\000m\000i\000n\000a\000c\000i\000\363\000n\000\040\000e\000n\000\040\000c\000a\000d\000e\000n\000a}{chapter.8}% 80
\BOOKMARK [1][-]{section.8.25}{\376\377\000M\000S\000G\0002\0005\000\040\000C\000o\000n\000f\000i\000r\000m\000a\000c\000i\000\363\000n\000\040\000d\000e\000\040\000o\000p\000e\000r\000a\000c\000i\000\363\000n}{chapter.8}% 81
\BOOKMARK [1][-]{section.8.26}{\376\377\000M\000S\000G\0005\0008\000\040\000O\000p\000e\000r\000a\000c\000i\000\363\000n\000\040\000f\000u\000e\000r\000a\000\040\000d\000e\000\040\000p\000e\000r\000i\000o\000d\000o}{chapter.8}% 82
\BOOKMARK [0][-]{chapter.9}{\376\377\000M\000o\000d\000e\000l\000o\000\040\000d\000e\000\040\000I\000n\000t\000e\000r\000a\000c\000c\000i\000\363\000n}{part.1}% 83
\BOOKMARK [1][-]{section.9.1}{\376\377\000I\000n\000t\000e\000r\000f\000a\000c\000e\000s\000\040\000d\000e\000\040\000M\000o\000d\000u\000l\000o\000\040\000d\000e\000\040\000I\000n\000s\000c\000r\000i\000p\000c\000i\000\363\000n}{chapter.9}% 84
\BOOKMARK [2][-]{subsection.9.1.1}{\376\377\000I\000N\000-\000D\000A\000E\000-\000C\000U\0001\000\040\000S\000e\000l\000e\000c\000c\000i\000\363\000n\000\040\000d\000e\000\040\000P\000e\000r\000i\000o\000d\000o\000\040\000E\000s\000c\000o\000l\000a\000r\000\040\000y\000\040\000M\000o\000d\000a\000l\000i\000d\000a\000d}{section.9.1}% 85
\BOOKMARK [-1][-]{part.2}{\376\377\000I\000I\000\040\000R\000e\000f\000e\000r\000e\000n\000c\000i\000a\000s\000\040\000C\000r\000u\000z\000a\000d\000a\000s}{}% 86
\BOOKMARK [0][-]{chapter*.22}{\376\377\000T\000e\000r\000m\000i\000n\000o\000s}{part.2}% 87
\BOOKMARK [0][-]{chapter*.23}{\376\377\000A\000c\000t\000o\000r\000e\000s}{part.2}% 88
\BOOKMARK [0][-]{chapter*.24}{\376\377\000O\000t\000r\000o\000s\000\040\000E\000l\000e\000m\000e\000n\000t\000o\000s}{part.2}% 89
\BOOKMARK [0][-]{chapter*.25}{\376\377\000R\000e\000g\000l\000a\000s\000\040\000d\000e\000\040\000N\000e\000g\000o\000c\000i\000o}{part.2}% 90
\BOOKMARK [0][-]{chapter*.26}{\376\377\000C\000a\000s\000o\000s\000\040\000d\000e\000\040\000U\000s\000o}{part.2}% 91
\BOOKMARK [0][-]{chapter*.27}{\376\377\000M\000e\000n\000s\000a\000j\000e\000s}{part.2}% 92
\BOOKMARK [0][-]{chapter*.28}{\376\377\000I\000n\000t\000e\000r\000f\000a\000c\000e\000s}{part.2}% 93
