\BOOKMARK [0][-]{chapter.1}{\376\377\000I\000n\000t\000r\000o\000d\000u\000c\000c\000i\000\363\000n}{}% 1
\BOOKMARK [1][-]{section.1.1}{\376\377\000P\000l\000a\000n\000t\000e\000a\000m\000i\000e\000n\000t\000o\000\040\000d\000e\000l\000\040\000P\000r\000o\000b\000l\000e\000m\000a}{chapter.1}% 2
\BOOKMARK [2][-]{subsection.1.1.1}{\376\377\000C\000o\000n\000t\000e\000x\000t\000o\000\040\000y\000\040\000s\000i\000t\000u\000a\000c\000i\000\363\000n\000\040\000p\000r\000o\000b\000l\000e\000m\000\341\000t\000i\000c\000a}{section.1.1}% 3
\BOOKMARK [2][-]{subsection.1.1.2}{\376\377\000P\000r\000o\000b\000l\000e\000m\000a\000\040\000a\000\040\000r\000e\000s\000o\000l\000v\000e\000r}{section.1.1}% 4
\BOOKMARK [1][-]{section.1.2}{\376\377\000S\000o\000l\000u\000c\000i\000\363\000n\000\040\000P\000r\000o\000p\000u\000e\000s\000t\000a}{chapter.1}% 5
\BOOKMARK [1][-]{section.1.3}{\376\377\000J\000u\000s\000t\000i\000f\000i\000c\000a\000c\000i\000\363\000n}{chapter.1}% 6
\BOOKMARK [2][-]{subsection.1.3.1}{\376\377\000\301\000m\000b\000i\000t\000o\000\040\000s\000o\000c\000i\000a\000l\000\040\000e\000\040\000i\000n\000s\000t\000i\000t\000u\000c\000i\000o\000n\000a\000l}{section.1.3}% 7
\BOOKMARK [2][-]{subsection.1.3.2}{\376\377\000P\000e\000r\000s\000p\000e\000c\000t\000i\000v\000a\000\040\000t\000\351\000c\000n\000i\000c\000a}{section.1.3}% 8
\BOOKMARK [1][-]{section.1.4}{\376\377\000O\000b\000j\000e\000t\000i\000v\000o\000s}{chapter.1}% 9
\BOOKMARK [2][-]{subsection.1.4.1}{\376\377\000O\000b\000j\000e\000t\000i\000v\000o\000\040\000G\000e\000n\000e\000r\000a\000l}{section.1.4}% 10
\BOOKMARK [2][-]{subsection.1.4.2}{\376\377\000O\000b\000j\000e\000t\000i\000v\000o\000s\000\040\000e\000s\000p\000e\000c\000\355\000f\000i\000c\000o\000s}{section.1.4}% 11
\BOOKMARK [1][-]{section.1.5}{\376\377\000A\000l\000c\000a\000n\000c\000e\000s\000\040\000y\000\040\000L\000i\000m\000i\000t\000a\000c\000i\000o\000n\000e\000s}{chapter.1}% 12
\BOOKMARK [2][-]{subsection.1.5.1}{\376\377\000A\000l\000c\000a\000n\000c\000e\000s}{section.1.5}% 13
\BOOKMARK [2][-]{subsection.1.5.2}{\376\377\000L\000i\000m\000i\000t\000a\000c\000i\000o\000n\000e\000s}{section.1.5}% 14
\BOOKMARK [0][-]{chapter.2}{\376\377\000E\000s\000t\000a\000d\000o\000\040\000d\000e\000l\000\040\000A\000r\000t\000e}{}% 15
\BOOKMARK [1][-]{section.2.1}{\376\377\000S\000i\000s\000t\000e\000m\000a\000\040\000I\000n\000t\000e\000g\000r\000a\000l\000\040\000d\000e\000\040\000D\000e\000n\000u\000n\000c\000i\000a\000s\000\040\000C\000i\000u\000d\000a\000d\000a\000n\000a\000s\000\040\000\050\000S\000I\000D\000E\000C\000\051}{chapter.2}% 16
\BOOKMARK [1][-]{section.2.2}{\376\377\000D\000e\000n\000u\000n\000c\000i\000a\000\040\000D\000i\000g\000i\000t\000a\000l\000\040\000\050\000C\000D\000M\000X\000\051\000\040\000y\000\040\000S\000i\000s\000t\000e\000m\000a\000s\000\040\000E\000s\000t\000a\000t\000a\000l\000e\000s}{chapter.2}% 17
\BOOKMARK [2][-]{subsection.2.2.1}{\376\377\000S\000e\000r\000v\000i\000c\000i\000o\000s\000\040\000d\000e\000\040\000P\000r\000o\000c\000u\000r\000a\000c\000i\000\363\000n\000\040\000D\000i\000g\000i\000t\000a\000l\000:\000\040\000M\000P\000\040\000V\000i\000r\000t\000u\000a\000l\000\040\000y\000\040\000D\000e\000n\000u\000n\000c\000i\000a\000\040\000A\000n\000\363\000n\000i\000m\000a\000\040\000\050\000F\000G\000J\000-\000C\000D\000M\000X\000\051}{section.2.2}% 18
\BOOKMARK [1][-]{section.2.3}{\376\377\000A\000p\000l\000i\000c\000a\000c\000i\000o\000n\000e\000s\000\040\000M\000\363\000v\000i\000l\000e\000s\000\040\000y\000\040\000D\000e\000n\000u\000n\000c\000i\000a\000\040\000G\000e\000o\000r\000r\000e\000f\000e\000r\000e\000n\000c\000i\000a\000d\000a}{chapter.2}% 19
\BOOKMARK [2][-]{subsection.2.3.1}{\376\377\000A\000n\000\341\000l\000i\000s\000i\000s\000\040\000d\000e\000\040\000P\000l\000a\000t\000a\000f\000o\000r\000m\000a\000s\000\040\000I\000n\000t\000e\000r\000n\000a\000c\000i\000o\000n\000a\000l\000e\000s}{section.2.3}% 20
\BOOKMARK [2][-]{subsection.2.3.2}{\376\377\000S\000i\000s\000t\000e\000m\000a\000s\000\040\000d\000e\000\040\000C\000o\000n\000t\000e\000x\000t\000o\000\040\000A\000c\000a\000d\000\351\000m\000i\000c\000o\000\040\000e\000\040\000I\000n\000s\000t\000i\000t\000u\000c\000i\000o\000n\000a\000l}{section.2.3}% 21
\BOOKMARK [2][-]{subsection.2.3.3}{\376\377\000A\000n\000\341\000l\000i\000s\000i\000s\000\040\000C\000o\000m\000p\000a\000r\000a\000t\000i\000v\000o\000\040\000d\000e\000\040\000P\000l\000a\000t\000a\000f\000o\000r\000m\000a\000s}{section.2.3}% 22
\BOOKMARK [2][-]{subsection.2.3.4}{\376\377\000S\000\355\000n\000t\000e\000s\000i\000s\000\040\000d\000e\000\040\000l\000a\000\040\000B\000r\000e\000c\000h\000a\000\040\000T\000e\000c\000n\000o\000l\000\363\000g\000i\000c\000a\000\040\000y\000\040\000V\000a\000l\000o\000r\000\040\000A\000g\000r\000e\000g\000a\000d\000o}{section.2.3}% 23
\BOOKMARK [0][-]{chapter.3}{\376\377\000M\000a\000r\000c\000o\000\040\000N\000o\000r\000m\000a\000t\000i\000v\000o}{}% 24
\BOOKMARK [1][-]{section.3.1}{\376\377\000C\000o\000n\000t\000e\000x\000t\000o\000\040\000I\000n\000s\000t\000i\000t\000u\000c\000i\000o\000n\000a\000l\000\040\000y\000\040\000N\000o\000r\000m\000a\000t\000i\000v\000o}{chapter.3}% 25
\BOOKMARK [2][-]{subsection.3.1.1}{\376\377\000D\000e\000f\000e\000n\000s\000o\000r\000\355\000a\000\040\000d\000e\000\040\000D\000e\000r\000e\000c\000h\000o\000s\000\040\000P\000o\000l\000i\000t\000\351\000c\000n\000i\000c\000o\000s\000\040\000\050\000D\000D\000P\000\051}{section.3.1}% 26
\BOOKMARK [2][-]{subsection.3.1.2}{\376\377\000M\000a\000n\000u\000a\000l\000e\000s\000\040\000d\000e\000\040\000O\000r\000g\000a\000n\000i\000z\000a\000c\000i\000\363\000n\000\040\000y\000\040\000P\000r\000o\000c\000e\000d\000i\000m\000i\000e\000n\000t\000o\000s}{section.3.1}% 27
\BOOKMARK [2][-]{subsection.3.1.3}{\376\377\000P\000r\000o\000t\000o\000c\000o\000l\000o\000\040\000p\000a\000r\000a\000\040\000l\000a\000\040\000P\000r\000e\000v\000e\000n\000c\000i\000\363\000n\000,\000\040\000D\000e\000t\000e\000c\000c\000i\000\363\000n\000,\000\040\000A\000t\000e\000n\000c\000i\000\363\000n\000\040\000y\000\040\000S\000a\000n\000c\000i\000\363\000n\000\040\000d\000e\000\040\000l\000a\000\040\000V\000i\000o\000l\000e\000n\000c\000i\000a\000\040\000d\000e\000\040\000G\000\351\000n\000e\000r\000o}{section.3.1}% 28
\BOOKMARK [1][-]{section.3.2}{\376\377\000L\000\363\000g\000i\000c\000a\000\040\000d\000e\000\040\000N\000e\000g\000o\000c\000i\000o\000\040\000y\000\040\000F\000l\000u\000j\000o\000\040\000d\000e\000\040\000P\000r\000o\000c\000e\000s\000o\000s}{chapter.3}% 29
\BOOKMARK [2][-]{subsection.3.2.1}{\376\377\000F\000l\000u\000j\000o\000\040\000O\000p\000e\000r\000a\000t\000i\000v\000o\000\040\000d\000e\000\040\000l\000a\000\040\000Q\000u\000e\000j\000a}{section.3.2}% 30
\BOOKMARK [2][-]{subsection.3.2.2}{\376\377\000R\000o\000l\000e\000s\000\040\000A\000d\000m\000i\000n\000i\000s\000t\000r\000a\000t\000i\000v\000o\000s\000\040\000y\000\040\000O\000p\000e\000r\000a\000t\000i\000v\000o\000s}{section.3.2}% 31
\BOOKMARK [2][-]{subsection.3.2.3}{\376\377\000T\000\351\000r\000m\000i\000n\000o\000s\000\040\000y\000\040\000P\000l\000a\000z\000o\000s\000\040\000d\000e\000n\000t\000r\000o\000\040\000d\000e\000l\000\040\000P\000r\000o\000c\000e\000s\000o}{section.3.2}% 32
\BOOKMARK [2][-]{subsection.3.2.4}{\376\377\000I\000n\000s\000t\000r\000u\000m\000e\000n\000t\000o\000s\000\040\000d\000e\000\040\000C\000a\000p\000t\000u\000r\000a\000\040\000y\000\040\000G\000e\000s\000t\000i\000\363\000n\000\040\000d\000e\000\040\000D\000o\000c\000u\000m\000e\000n\000t\000o\000s}{section.3.2}% 33
\BOOKMARK [0][-]{chapter.4}{\376\377\000M\000a\000r\000c\000o\000\040\000T\000e\000\363\000r\000i\000c\000o}{}% 34
\BOOKMARK [1][-]{section.4.1}{\376\377\000P\000r\000o\000b\000l\000e\000m\000a\000\040\000d\000e\000\040\000c\000l\000a\000s\000i\000f\000i\000c\000a\000c\000i\000\363\000n\000\040\000e\000n\000\040\000e\000l\000\040\000c\000o\000n\000t\000e\000x\000t\000o\000\040\000d\000e\000\040\000l\000a\000\040\000D\000D\000P}{chapter.4}% 35
\BOOKMARK [2][-]{subsection.4.1.1}{\376\377\000T\000a\000x\000o\000n\000o\000m\000\355\000a\000\040\000d\000e\000\040\000d\000e\000n\000u\000n\000c\000i\000a\000s}{section.4.1}% 36
\BOOKMARK [2][-]{subsection.4.1.2}{\376\377\000C\000l\000a\000s\000i\000f\000i\000c\000a\000c\000i\000\363\000n\000\040\000m\000u\000l\000t\000i\000c\000l\000a\000s\000e\000\040\000v\000s\000\040\000m\000u\000l\000t\000i\000e\000t\000i\000q\000u\000e\000t\000a}{section.4.1}% 37
\BOOKMARK [2][-]{subsection.4.1.3}{\376\377\000C\000i\000c\000l\000o\000\040\000d\000e\000\040\000v\000i\000d\000a\000\040\000d\000e\000\040\000l\000o\000s\000\040\000d\000a\000t\000o\000s\000\040\000e\000n\000\040\000e\000l\000\040\000a\000p\000r\000e\000n\000d\000i\000z\000a\000j\000e\000\040\000s\000u\000p\000e\000r\000v\000i\000s\000a\000d\000o}{section.4.1}% 38
\BOOKMARK [1][-]{section.4.2}{\376\377\000F\000u\000n\000d\000a\000m\000e\000n\000t\000o\000s\000\040\000l\000\363\000g\000i\000c\000o\000s}{chapter.4}% 39
\BOOKMARK [2][-]{subsection.4.2.1}{\376\377\000I\000n\000f\000e\000r\000e\000n\000c\000i\000a\000\040\000B\000a\000y\000e\000s\000i\000a\000n\000a\000\040\000\050\000p\000r\000o\000b\000a\000b\000i\000l\000i\000d\000a\000d\000\040\000a\000\040\000p\000r\000i\000o\000r\000i\000\040\000y\000\040\000a\000\040\000p\000o\000s\000t\000e\000r\000i\000o\000r\000i\000\051}{section.4.2}% 40
\BOOKMARK [2][-]{subsection.4.2.2}{\376\377\000A\000l\000g\000e\000b\000r\000a\000\040\000l\000i\000n\000e\000a\000l\000\040\000e\000n\000\040\000P\000L\000N}{section.4.2}% 41
\BOOKMARK [1][-]{section.4.3}{\376\377\000P\000r\000e\000p\000r\000o\000c\000e\000s\000a\000m\000i\000e\000n\000t\000o\000\040\000a\000v\000a\000n\000z\000a\000d\000o\000\040\000d\000e\000\040\000l\000e\000n\000g\000u\000a\000j\000e\000\040\000n\000a\000t\000u\000r\000a\000l\000\040\000\050\000P\000L\000N\000\051}{chapter.4}% 42
\BOOKMARK [2][-]{subsection.4.3.1}{\376\377\000L\000i\000m\000p\000i\000e\000z\000a\000\040\000e\000s\000t\000r\000u\000c\000t\000u\000r\000a\000l\000\040\000\050\000n\000o\000r\000m\000a\000l\000i\000z\000a\000c\000i\000\363\000n\000\040\000d\000e\000\040\000U\000n\000i\000c\000o\000d\000e\000,\000\040\000e\000l\000i\000m\000i\000n\000a\000c\000i\000\363\000n\000\040\000d\000e\000\040\000r\000u\000i\000d\000o\000\040\000y\000\040\000s\000t\000o\000p\000w\000o\000r\000d\000s\000\040\000e\000s\000p\000e\000c\000i\000f\000i\000c\000a\000s\000\051}{section.4.3}% 43
\BOOKMARK [2][-]{subsection.4.3.2}{\376\377\000A\000n\000a\000l\000i\000s\000i\000s\000\040\000m\000o\000r\000f\000o\000s\000i\000n\000t\000\341\000c\000t\000i\000c\000o}{section.4.3}% 44
\BOOKMARK [2][-]{subsection.4.3.3}{\376\377\000E\000s\000t\000r\000a\000t\000e\000g\000i\000a\000s\000\040\000d\000e\000\040\000t\000o\000k\000e\000n\000i\000z\000a\000c\000i\000\363\000n\000\040\000\050\000U\000n\000i\000g\000r\000a\000m\000a\000s\000,\000\040\000B\000i\000g\000r\000a\000m\000a\000s\000\040\000y\000\040\000s\000u\000\040\000i\000m\000p\000a\000c\000t\000o\000\040\000e\000n\000\040\000l\000a\000\040\000c\000a\000p\000t\000u\000r\000a\000\040\000d\000e\000\040\000f\000r\000a\000s\000e\000s\000\051}{section.4.3}% 45
\BOOKMARK [1][-]{section.4.4}{\376\377\000V\000e\000c\000t\000o\000r\000i\000z\000a\000c\000i\000\363\000n\000\040\000\050\000R\000e\000p\000r\000e\000s\000e\000n\000t\000a\000c\000i\000\363\000n\000\040\000n\000u\000m\000\351\000r\000i\000c\000a\000\051}{chapter.4}% 46
\BOOKMARK [2][-]{subsection.4.4.1}{\376\377\000M\000o\000d\000e\000l\000o\000s\000\040\000d\000e\000\040\000b\000o\000l\000s\000a\000\040\000d\000e\000\040\000p\000a\000l\000a\000b\000r\000a\000s\000\040\000\050\000B\000o\000W\000\051}{section.4.4}% 47
\BOOKMARK [2][-]{subsection.4.4.2}{\376\377\000T\000F\000-\000I\000D\000F\000\040\000\050\000T\000e\000r\000m\000\040\000F\000r\000e\000q\000u\000e\000n\000c\000y\000\040\000-\000\040\000I\000n\000v\000e\000r\000s\000e\000\040\000D\000o\000c\000u\000m\000e\000n\000t\000\040\000F\000r\000e\000q\000u\000e\000n\000c\000y\000\051}{section.4.4}% 48
\BOOKMARK [2][-]{subsection.4.4.3}{\376\377\000M\000o\000d\000e\000l\000o\000s\000\040\000d\000e\000\040\000c\000o\000n\000t\000i\000n\000u\000i\000d\000a\000d\000\040\000\050\000W\000o\000r\000d\000\040\000e\000m\000b\000e\000d\000d\000i\000n\000g\000s\000\051}{section.4.4}% 49
\BOOKMARK [1][-]{section.4.5}{\376\377\000P\000r\000o\000f\000u\000n\000d\000i\000z\000a\000c\000i\000\363\000n\000\040\000e\000n\000\040\000e\000l\000\040\000A\000l\000g\000o\000r\000i\000t\000m\000o\000\040\000M\000u\000l\000t\000i\000n\000o\000m\000i\000a\000l\000\040\000N\000a\000i\000v\000e\000\040\000B\000a\000y\000e\000s}{chapter.4}% 50
\BOOKMARK [2][-]{subsection.4.5.1}{\376\377\000S\000u\000p\000u\000e\000s\000t\000o\000\040\000d\000e\000\040\000i\000n\000d\000e\000p\000e\000n\000d\000e\000n\000c\000i\000a\000\040\000c\000o\000n\000d\000i\000c\000i\000o\000n\000a\000l\000\040\000\050\000v\000e\000n\000t\000a\000j\000a\000s\000\040\000y\000\040\000d\000e\000s\000v\000e\000n\000t\000a\000j\000a\000s\000\051}{section.4.5}% 51
\BOOKMARK [2][-]{subsection.4.5.2}{\376\377\000E\000s\000t\000i\000m\000a\000c\000i\000\363\000n\000\040\000d\000e\000\040\000m\000\341\000x\000i\000m\000a\000\040\000v\000e\000r\000o\000s\000i\000m\000i\000l\000i\000t\000u\000d}{section.4.5}% 52
\BOOKMARK [2][-]{subsection.4.5.3}{\376\377\000E\000l\000\040\000p\000r\000o\000b\000l\000e\000m\000a\000\040\000d\000e\000\040\000l\000a\000\040\000p\000r\000o\000b\000a\000b\000i\000l\000i\000d\000a\000d\000\040\000c\000e\000r\000o}{section.4.5}% 53
\BOOKMARK [1][-]{section.4.6}{\376\377\000S\000u\000p\000p\000o\000r\000t\000\040\000V\000e\000c\000t\000o\000r\000\040\000M\000a\000c\000h\000i\000n\000e\000s}{chapter.4}% 54
\BOOKMARK [2][-]{subsection.4.6.1}{\376\377\000O\000p\000t\000i\000m\000i\000z\000a\000c\000i\000\363\000n\000\040\000d\000e\000\040\000h\000i\000p\000e\000r\000p\000l\000a\000n\000o\000\040\000d\000e\000\040\000s\000e\000p\000a\000r\000a\000c\000i\000\363\000n\000\040\000\050\000m\000a\000r\000g\000e\000n\000\040\000m\000\341\000x\000i\000m\000o\000\051}{section.4.6}% 55
\BOOKMARK [2][-]{subsection.4.6.2}{\376\377\000F\000l\000e\000x\000i\000b\000i\000l\000i\000d\000a\000d\000\040\000m\000e\000d\000i\000a\000n\000t\000e\000\040\000v\000a\000r\000i\000a\000b\000l\000e\000s\000\040\000d\000e\000\040\000h\000o\000l\000g\000u\000r\000a}{section.4.6}% 56
\BOOKMARK [2][-]{subsection.4.6.3}{\376\377\000E\000l\000\040\000t\000r\000u\000c\000o\000\040\000k\000e\000r\000n\000e\000l}{section.4.6}% 57
\BOOKMARK [2][-]{subsection.4.6.4}{\376\377\000E\000n\000f\000o\000q\000u\000e\000\040\000m\000a\000t\000e\000m\000\341\000t\000i\000c\000o}{section.4.6}% 58
\BOOKMARK [1][-]{section.4.7}{\376\377\000E\000s\000t\000r\000a\000t\000e\000g\000i\000a\000s\000\040\000d\000e\000\040\000e\000n\000t\000r\000e\000n\000a\000m\000i\000e\000n\000t\000o\000\040\000y\000\040\000v\000a\000l\000i\000d\000a\000c\000i\000\363\000n}{chapter.4}% 59
\BOOKMARK [2][-]{subsection.4.7.1}{\376\377\000M\000a\000n\000e\000j\000o\000\040\000d\000e\000\040\000c\000l\000a\000s\000e\000s\000\040\000d\000e\000s\000b\000a\000l\000a\000n\000c\000e\000a\000d\000a\000s}{section.4.7}% 60
\BOOKMARK [2][-]{subsection.4.7.2}{\376\377\000O\000p\000t\000i\000m\000i\000z\000a\000c\000i\000\363\000n\000\040\000d\000e\000\040\000h\000i\000p\000e\000r\000p\000a\000r\000\341\000m\000e\000t\000r\000o\000s}{section.4.7}% 61
\BOOKMARK [2][-]{subsection.4.7.3}{\376\377\000V\000a\000l\000i\000d\000a\000c\000i\000\363\000n\000\040\000c\000r\000u\000z\000a\000d\000a\000\040\000\050\000K\000-\000F\000o\000l\000d\000\040\000C\000r\000o\000s\000s\000-\000V\000a\000l\000i\000d\000a\000t\000i\000o\000n\000\051}{section.4.7}% 62
\BOOKMARK [1][-]{section.4.8}{\376\377\000E\000v\000a\000l\000u\000a\000c\000i\000\363\000n\000\040\000d\000e\000\040\000l\000a\000\040\000i\000n\000t\000e\000l\000i\000g\000e\000n\000c\000i\000a\000\040\000d\000e\000l\000\040\000s\000i\000s\000t\000e\000m\000a}{chapter.4}% 63
\BOOKMARK [1][-]{section.4.9}{\376\377\000S\000e\000l\000e\000c\000c\000i\000\363\000n\000\040\000d\000e\000\040\000T\000e\000c\000n\000o\000l\000o\000g\000\355\000a\000s}{chapter.4}% 64
\BOOKMARK [2][-]{subsection.4.9.1}{\376\377\000D\000e\000f\000i\000n\000i\000c\000i\000\363\000n\000\040\000d\000e\000\040\000a\000r\000q\000u\000i\000t\000e\000c\000t\000u\000r\000a\000\040\000d\000e\000\040\000s\000o\000f\000t\000w\000a\000r\000e}{section.4.9}% 65
\BOOKMARK [2][-]{subsection.4.9.2}{\376\377\000A\000r\000q\000u\000i\000t\000e\000c\000t\000u\000r\000a\000\040\000d\000e\000l\000\040\000S\000i\000s\000t\000e\000m\000a}{section.4.9}% 66
\BOOKMARK [1][-]{section.4.10}{\376\377\000D\000e\000f\000i\000n\000i\000c\000i\000\363\000n\000\040\000d\000e\000\040\000a\000r\000q\000u\000i\000t\000e\000c\000t\000u\000r\000a\000\040\000d\000e\000\040\000s\000o\000f\000t\000w\000a\000r\000e}{chapter.4}% 67
\BOOKMARK [2][-]{subsection.4.10.1}{\376\377\000I\000m\000p\000o\000r\000t\000a\000n\000c\000i\000a\000\040\000e\000n\000\040\000e\000l\000\040\000d\000e\000s\000a\000r\000r\000o\000l\000l\000o\000\040\000d\000e\000\040\000s\000i\000s\000t\000e\000m\000a\000s}{section.4.10}% 68
\BOOKMARK [2][-]{subsection.4.10.2}{\376\377\000F\000a\000c\000t\000o\000r\000e\000s\000\040\000d\000e\000\040\000c\000a\000l\000i\000d\000a\000d}{section.4.10}% 69
\BOOKMARK [2][-]{subsection.4.10.3}{\376\377\000C\000l\000a\000s\000i\000f\000i\000c\000a\000c\000i\000\363\000n\000\040\000d\000e\000\040\000a\000r\000q\000u\000i\000t\000e\000c\000t\000u\000r\000a\000s}{section.4.10}% 70
\BOOKMARK [1][-]{section.4.11}{\376\377\000A\000r\000q\000u\000i\000t\000e\000c\000t\000u\000r\000a\000\040\000d\000e\000l\000\040\000S\000i\000s\000t\000e\000m\000a}{chapter.4}% 71
\BOOKMARK [2][-]{subsection.4.11.1}{\376\377\000A\000r\000q\000u\000i\000t\000e\000c\000t\000u\000r\000a\000\040\000d\000e\000\040\000M\000i\000c\000r\000o\000s\000e\000r\000v\000i\000c\000i\000o\000s}{section.4.11}% 72
\BOOKMARK [2][-]{subsection.4.11.2}{\376\377\000A\000r\000q\000u\000i\000t\000e\000c\000t\000u\000r\000a\000\040\000I\000n\000t\000e\000r\000n\000a\000\040\000d\000e\000\040\000l\000o\000s\000\040\000S\000e\000r\000v\000i\000c\000i\000o\000s\000:\000\040\000P\000a\000t\000r\000\363\000n\000\040\000d\000e\000\040\0003\000\040\000C\000a\000p\000a\000s}{section.4.11}% 73
\BOOKMARK [2][-]{subsection.4.11.3}{\376\377\000S\000e\000r\000v\000i\000d\000o\000r\000\040\000W\000e\000b\000\040\000y\000\040\000P\000r\000o\000x\000y\000\040\000I\000n\000v\000e\000r\000s\000o\000\040\000\050\000N\000g\000i\000n\000x\000\051}{section.4.11}% 74
\BOOKMARK [1][-]{section.4.12}{\376\377\000T\000e\000c\000n\000o\000l\000o\000g\000\355\000a\000s\000\040\000d\000e\000\040\000D\000e\000s\000a\000r\000r\000o\000l\000l\000o\000\040\000B\000a\000c\000k\000e\000n\000d}{chapter.4}% 75
\BOOKMARK [2][-]{subsection.4.12.1}{\376\377\000L\000e\000n\000g\000u\000a\000j\000e\000\040\000d\000e\000\040\000P\000r\000o\000g\000r\000a\000m\000a\000c\000i\000\363\000n\000:\000\040\000J\000a\000v\000a}{section.4.12}% 76
\BOOKMARK [2][-]{subsection.4.12.2}{\376\377\000F\000u\000n\000d\000a\000m\000e\000n\000t\000o\000s\000\040\000T\000\351\000c\000n\000i\000c\000o\000s\000\040\000y\000\040\000M\000e\000c\000a\000n\000i\000s\000m\000o\000s\000\040\000I\000n\000t\000e\000r\000n\000o\000s\000\040\000d\000e\000\040\000J\000a\000v\000a}{section.4.12}% 77
\BOOKMARK [2][-]{subsection.4.12.3}{\376\377\000F\000r\000a\000m\000e\000w\000o\000r\000k\000:\000\040\000S\000p\000r\000i\000n\000g\000\040\000B\000o\000o\000t}{section.4.12}% 78
\BOOKMARK [1][-]{section.4.13}{\376\377\000T\000e\000c\000n\000o\000l\000o\000g\000\355\000a\000s\000\040\000d\000e\000\040\000D\000e\000s\000a\000r\000r\000o\000l\000l\000o\000\040\000F\000r\000o\000n\000t\000e\000n\000d}{chapter.4}% 79
\BOOKMARK [2][-]{subsection.4.13.1}{\376\377\000F\000r\000a\000m\000e\000w\000o\000r\000k\000\040\000d\000e\000\040\000I\000n\000t\000e\000r\000f\000a\000z\000\040\000d\000e\000\040\000U\000s\000u\000a\000r\000i\000o\000:\000\040\000A\000n\000g\000u\000l\000a\000r}{section.4.13}% 80
\BOOKMARK [1][-]{section.4.14}{\376\377\000G\000e\000s\000t\000i\000\363\000n\000\040\000d\000e\000\040\000B\000a\000s\000e\000s\000\040\000d\000e\000\040\000D\000a\000t\000o\000s}{chapter.4}% 81
\BOOKMARK [2][-]{subsection.4.14.1}{\376\377\000S\000i\000s\000t\000e\000m\000a\000\040\000d\000e\000\040\000G\000e\000s\000t\000i\000\363\000n\000\040\000d\000e\000\040\000B\000a\000s\000e\000s\000\040\000d\000e\000\040\000D\000a\000t\000o\000s\000\040\000R\000e\000l\000a\000c\000i\000o\000n\000a\000l\000\040\000\050\000R\000D\000B\000M\000S\000\051\000:\000\040\000P\000o\000s\000t\000g\000r\000e\000S\000Q\000L}{section.4.14}% 82
\BOOKMARK [1][-]{section.4.15}{\376\377\000I\000n\000f\000r\000a\000e\000s\000t\000r\000u\000c\000t\000u\000r\000a\000\040\000y\000\040\000D\000e\000s\000p\000l\000i\000e\000g\000u\000e}{chapter.4}% 83
\BOOKMARK [2][-]{subsection.4.15.1}{\376\377\000P\000l\000a\000t\000a\000f\000o\000r\000m\000a\000\040\000d\000e\000\040\000C\000o\000n\000t\000e\000n\000e\000r\000i\000z\000a\000c\000i\000\363\000n\000:\000\040\000D\000o\000c\000k\000e\000r}{section.4.15}% 84
\BOOKMARK [1][-]{section.4.16}{\376\377\000C\000o\000n\000t\000r\000o\000l\000\040\000d\000e\000\040\000V\000e\000r\000s\000i\000o\000n\000e\000s\000\040\000y\000\040\000T\000r\000a\000b\000a\000j\000o\000\040\000C\000o\000l\000a\000b\000o\000r\000a\000t\000i\000v\000o}{chapter.4}% 85
\BOOKMARK [2][-]{subsection.4.16.1}{\376\377\000R\000e\000p\000o\000s\000i\000t\000o\000r\000i\000o\000\040\000y\000\040\000F\000l\000u\000j\000o\000s\000\040\000d\000e\000\040\000T\000r\000a\000b\000a\000j\000o\000:\000\040\000G\000i\000t\000H\000u\000b}{section.4.16}% 86
\BOOKMARK [0][-]{chapter.5}{\376\377\000M\000e\000t\000o\000d\000o\000l\000o\000g\000\355\000a\000\040\000d\000e\000\040\000D\000e\000s\000a\000r\000r\000o\000l\000l\000o}{}% 87
\BOOKMARK [1][-]{section.5.1}{\376\377\000E\000n\000f\000o\000q\000u\000e\000\040\000\301\000g\000i\000l\000\040\000H\000\355\000b\000r\000i\000d\000o\000:\000\040\000S\000c\000r\000u\000m\000-\000b\000a\000n}{chapter.5}% 88
\BOOKMARK [1][-]{section.5.2}{\376\377\000J\000u\000s\000t\000i\000f\000i\000c\000a\000c\000i\000\363\000n\000\040\000d\000e\000\040\000l\000a\000\040\000M\000e\000t\000o\000d\000o\000l\000o\000g\000\355\000a}{chapter.5}% 89
\BOOKMARK [1][-]{section.5.3}{\376\377\000F\000a\000s\000e\000s\000\040\000d\000e\000l\000\040\000C\000i\000c\000l\000o\000\040\000d\000e\000\040\000V\000i\000d\000a\000\040\000d\000e\000l\000\040\000P\000r\000o\000y\000e\000c\000t\000o}{chapter.5}% 90
\BOOKMARK [2][-]{subsection.5.3.1}{\376\377\000F\000a\000s\000e\000\040\0001\000:\000\040\000P\000l\000a\000n\000i\000f\000i\000c\000a\000c\000i\000\363\000n\000\040\000y\000\040\000D\000e\000f\000i\000n\000i\000c\000i\000\363\000n\000\040\000\050\000B\000a\000c\000k\000l\000o\000g\000\040\000G\000r\000o\000o\000m\000i\000n\000g\000\051}{section.5.3}% 91
\BOOKMARK [2][-]{subsection.5.3.2}{\376\377\000F\000a\000s\000e\000\040\0002\000:\000\040\000E\000j\000e\000c\000u\000c\000i\000\363\000n\000\040\000I\000t\000e\000r\000a\000t\000i\000v\000a\000\040\000\050\000S\000p\000r\000i\000n\000t\000s\000\051}{section.5.3}% 92
\BOOKMARK [2][-]{subsection.5.3.3}{\376\377\000F\000a\000s\000e\000\040\0003\000:\000\040\000C\000o\000n\000t\000r\000o\000l\000\040\000y\000\040\000O\000p\000t\000i\000m\000i\000z\000a\000c\000i\000\363\000n\000\040\000\050\000F\000l\000u\000j\000o\000\040\000K\000a\000n\000b\000a\000n\000\051}{section.5.3}% 93
\BOOKMARK [2][-]{subsection.5.3.4}{\376\377\000F\000a\000s\000e\000\040\0004\000:\000\040\000R\000e\000v\000i\000s\000i\000\363\000n\000\040\000y\000\040\000C\000i\000e\000r\000r\000e\000\040\000d\000e\000\040\000I\000n\000c\000r\000e\000m\000e\000n\000t\000o}{section.5.3}% 94
\BOOKMARK [1][-]{section.5.4}{\376\377\000R\000o\000l\000e\000s\000\040\000y\000\040\000R\000e\000s\000p\000o\000n\000s\000a\000b\000i\000l\000i\000d\000a\000d\000e\000s}{chapter.5}% 95
\BOOKMARK [0][-]{chapter.6}{\376\377\000A\000n\000\341\000l\000i\000s\000i\000s\000\040\000d\000e\000l\000\040\000S\000i\000s\000t\000e\000m\000a}{}% 96
\BOOKMARK [1][-]{section.6.1}{\376\377\000P\000r\000o\000b\000l\000e\000m\000a\000\040\000G\000e\000n\000e\000r\000a\000l}{chapter.6}% 97
\BOOKMARK [1][-]{section.6.2}{\376\377\000C\000a\000u\000s\000a\000s\000\040\000d\000e\000l\000\040\000P\000r\000o\000b\000l\000e\000m\000a}{chapter.6}% 98
\BOOKMARK [1][-]{section.6.3}{\376\377\000P\000r\000o\000b\000l\000e\000m\000a\000s\000\040\000E\000s\000p\000e\000c\000\355\000f\000i\000c\000o\000s}{chapter.6}% 99
\BOOKMARK [1][-]{section.6.4}{\376\377\000S\000o\000l\000u\000c\000i\000\363\000n\000\040\000I\000n\000d\000e\000p\000e\000n\000d\000i\000e\000n\000t\000e}{chapter.6}% 100
\BOOKMARK [2][-]{subsection.6.4.1}{\376\377\000C\000l\000a\000s\000i\000f\000i\000c\000a\000d\000o\000r\000\040\000d\000e\000\040\000C\000o\000m\000p\000e\000t\000e\000n\000c\000i\000a}{section.6.4}% 101
\BOOKMARK [2][-]{subsection.6.4.2}{\376\377\000R\000e\000p\000o\000s\000i\000t\000o\000r\000i\000o\000\040\000D\000i\000g\000i\000t\000a\000l\000\040\000d\000e\000\040\000I\000n\000f\000o\000r\000m\000a\000c\000i\000\363\000n}{section.6.4}% 102
\BOOKMARK [2][-]{subsection.6.4.3}{\376\377\000P\000o\000r\000t\000a\000l\000\040\000d\000e\000\040\000s\000e\000g\000u\000i\000m\000i\000e\000n\000t\000o\000\040\000y\000\040\000c\000o\000m\000u\000n\000i\000c\000a\000c\000i\000\363\000n}{section.6.4}% 103
\BOOKMARK [2][-]{subsection.6.4.4}{\376\377\000M\000i\000t\000i\000g\000a\000c\000i\000\363\000n\000\040\000d\000e\000\040\000q\000u\000e\000j\000a\000s\000\040\000i\000n\000c\000o\000m\000p\000l\000e\000t\000a\000s}{section.6.4}% 104
\BOOKMARK [2][-]{subsection.6.4.5}{\376\377\000C\000o\000n\000t\000r\000o\000l\000\040\000d\000e\000\040\000A\000c\000c\000e\000s\000o\000\040\000y\000\040\000P\000r\000i\000v\000a\000c\000i\000d\000a\000d\000\040\000d\000e\000\040\000l\000a\000\040\000I\000n\000f\000o\000r\000m\000a\000c\000i\000\363\000n}{section.6.4}% 105
\BOOKMARK [1][-]{section.6.5}{\376\377\000S\000o\000l\000u\000c\000i\000\363\000n\000\040\000I\000n\000t\000e\000g\000r\000a\000l}{chapter.6}% 106
\BOOKMARK [2][-]{subsection.6.5.1}{\376\377\000A\000r\000q\000u\000i\000t\000e\000c\000t\000u\000r\000a\000\040\000d\000e\000l\000\040\000s\000i\000s\000t\000e\000m\000a}{section.6.5}% 107
\BOOKMARK [2][-]{subsection.6.5.2}{\376\377\000C\000e\000n\000t\000r\000a\000l\000i\000z\000a\000c\000i\000\363\000n\000\040\000y\000\040\000T\000r\000a\000z\000a\000b\000i\000l\000i\000d\000a\000d\000\040\000d\000e\000l\000\040\000c\000i\000c\000l\000o\000\040\000d\000e\000\040\000v\000i\000d\000a\000\040\000d\000e\000\040\000l\000a\000\040\000q\000u\000e\000j\000a}{section.6.5}% 108
\BOOKMARK [2][-]{subsection.6.5.3}{\376\377\000V\000a\000l\000i\000d\000a\000c\000i\000\363\000n\000\040\000d\000e\000\040\000q\000u\000e\000j\000a\000s\000\040\000e\000n\000\040\000e\000l\000\040\000o\000r\000i\000g\000e\000n}{section.6.5}% 109
\BOOKMARK [2][-]{subsection.6.5.4}{\376\377\000C\000o\000n\000t\000r\000o\000l\000\040\000d\000e\000\040\000A\000c\000c\000e\000s\000o\000\040\000B\000a\000s\000a\000d\000o\000\040\000e\000n\000\040\000R\000o\000l\000e\000s\000\040\000\050\000R\000B\000A\000C\000\051}{section.6.5}% 110
\BOOKMARK [2][-]{subsection.6.5.5}{\376\377\000C\000o\000n\000s\000i\000d\000e\000r\000a\000c\000i\000o\000n\000e\000s\000\040\000s\000o\000b\000r\000e\000\040\000p\000r\000o\000b\000l\000e\000m\000a\000s\000\040\000e\000x\000t\000e\000r\000n\000o\000s}{section.6.5}% 111
\BOOKMARK [1][-]{section.6.6}{\376\377\000R\000e\000q\000u\000e\000r\000i\000m\000i\000e\000n\000t\000o\000s\000\040\000d\000e\000\040\000U\000s\000u\000a\000r\000i\000o}{chapter.6}% 112
\BOOKMARK [1][-]{section.6.7}{\376\377\000R\000e\000q\000u\000e\000r\000i\000m\000i\000e\000n\000t\000o\000s\000\040\000d\000e\000\040\000S\000i\000s\000t\000e\000m\000a}{chapter.6}% 113
\BOOKMARK [1][-]{section.6.8}{\376\377\000R\000e\000q\000u\000e\000r\000i\000m\000i\000e\000n\000t\000o\000s\000\040\000F\000u\000n\000c\000i\000o\000n\000a\000l\000e\000s}{chapter.6}% 114
\BOOKMARK [1][-]{section.6.9}{\376\377\000R\000e\000q\000u\000e\000r\000i\000m\000i\000e\000n\000t\000o\000s\000\040\000n\000o\000\040\000F\000u\000n\000c\000i\000o\000n\000a\000l\000e\000s}{chapter.6}% 115
\BOOKMARK [1][-]{section.6.10}{\376\377\000R\000e\000g\000l\000a\000s\000\040\000d\000e\000\040\000N\000e\000g\000o\000c\000i\000o}{chapter.6}% 116
\BOOKMARK [0][-]{chapter.7}{\376\377\000D\000i\000s\000e\000\361\000o\000\040\000d\000e\000l\000\040\000S\000i\000s\000t\000e\000m\000a}{}% 117
\BOOKMARK [1][-]{section.7.1}{\376\377\000P\000r\000i\000m\000e\000r\000\040\000D\000i\000s\000e\000\361\000o\000\040\000d\000e\000l\000\040\000S\000i\000s\000t\000e\000m\000a}{chapter.7}% 118
\BOOKMARK [1][-]{section.7.2}{\376\377\000M\000o\000d\000e\000l\000o\000\040\000d\000e\000\040\000A\000r\000q\000u\000i\000t\000e\000c\000t\000u\000r\000a}{chapter.7}% 119
\BOOKMARK [1][-]{section.7.3}{\376\377\000M\000o\000d\000e\000l\000o\000\040\000E\000s\000t\000\341\000t\000i\000c\000o}{chapter.7}% 120
\BOOKMARK [1][-]{section.7.4}{\376\377\000M\000o\000d\000e\000l\000o\000\040\000D\000i\000n\000\341\000m\000i\000c\000o}{chapter.7}% 121
\BOOKMARK [2][-]{subsection.7.4.1}{\376\377\000D\000i\000a\000g\000r\000a\000m\000a\000\040\000d\000e\000\040\000S\000e\000c\000u\000e\000n\000c\000i\000a\000:\000\040\000R\000e\000g\000i\000s\000t\000r\000o\000\040\000y\000\040\000C\000l\000a\000s\000i\000f\000i\000c\000a\000c\000i\000\363\000n}{section.7.4}% 122
\BOOKMARK [1][-]{section.7.5}{\376\377\000M\000o\000d\000e\000l\000o\000\040\000d\000e\000\040\000P\000e\000r\000s\000i\000s\000t\000e\000n\000c\000i\000a}{chapter.7}% 123
\BOOKMARK [1][-]{section.7.6}{\376\377\000M\000o\000d\000e\000l\000o\000\040\000d\000e\000\040\000C\000l\000a\000s\000i\000f\000i\000c\000a\000d\000o\000r}{chapter.7}% 124
\BOOKMARK [1][-]{section.7.7}{\376\377\000A\000n\000\341\000l\000i\000s\000i\000s\000\040\000d\000e\000\040\000R\000i\000e\000s\000g\000o}{chapter.7}% 125
\BOOKMARK [1][-]{section.7.8}{\376\377\000C\000o\000s\000t\000o\000s\000\040\000d\000e\000l\000\040\000P\000r\000o\000y\000e\000c\000t\000o}{chapter.7}% 126
\BOOKMARK [0][-]{appendix*.22}{\376\377\000A\000p\000\351\000n\000d\000i\000c\000e\000\040\000M\000o\000c\000k\000u\000p\000s\000\040\000d\000e\000\040\000I\000n\000t\000e\000r\000f\000a\000c\000e\000s\000\040\000d\000e\000l\000\040\000S\000i\000s\000t\000e\000m\000a}{}% 127
\BOOKMARK [1][-]{section.1.Alph0.1}{\376\377\000P\000e\000r\000f\000i\000l\000:\000\040\000Q\000u\000e\000j\000o\000s\000o}{appendix*.22}% 128
\BOOKMARK [1][-]{section.1.Alph0.2}{\376\377\000P\000e\000r\000f\000i\000l\000:\000\040\000A\000d\000m\000i\000n\000i\000s\000t\000r\000a\000c\000i\000\363\000n\000\040\000y\000\040\000D\000e\000f\000e\000n\000s\000o\000r\000\355\000a}{appendix*.22}% 129
\BOOKMARK [2][-]{subsection.1.Alph0.2.1}{\376\377\000D\000e\000p\000a\000r\000t\000a\000m\000e\000n\000t\000o\000\040\000d\000e\000\040\000R\000e\000c\000e\000p\000c\000i\000\363\000n}{section.1.Alph0.2}% 130
\BOOKMARK [2][-]{subsection.1.Alph0.2.2}{\376\377\000D\000e\000p\000a\000r\000t\000a\000m\000e\000n\000t\000o\000\040\000d\000e\000\040\000P\000r\000i\000m\000e\000r\000\040\000C\000o\000n\000t\000a\000c\000t\000o}{section.1.Alph0.2}% 131
\BOOKMARK [0][-]{appendix*.23}{\376\377\000A\000p\000\351\000n\000d\000i\000c\000e\000\040\000C\000a\000s\000o\000s\000\040\000d\000e\000\040\000U\000s\000o}{}% 132
\BOOKMARK [1][-]{section.2.Alph0.1}{\376\377\000E\000s\000p\000e\000c\000i\000f\000i\000c\000a\000c\000i\000\363\000n\000\040\000d\000e\000t\000a\000l\000l\000a\000d\000a\000\040\000d\000e\000\040\000C\000a\000s\000o\000s\000\040\000d\000e\000\040\000U\000s\000o}{appendix*.23}% 133
\BOOKMARK [2][-]{subsection.2.Alph0.1.1}{\376\377\000C\000U\0000\0001\000:\000\040\000C\000r\000e\000a\000r\000\040\000c\000u\000e\000n\000t\000a\000\040\000d\000e\000\040\000u\000s\000u\000a\000r\000i\000o}{section.2.Alph0.1}% 134
\BOOKMARK [2][-]{subsection.2.Alph0.1.2}{\376\377\000C\000U\0000\0002\000:\000\040\000I\000n\000i\000c\000i\000a\000r\000\040\000s\000e\000s\000i\000\363\000n}{section.2.Alph0.1}% 135
\BOOKMARK [2][-]{subsection.2.Alph0.1.3}{\376\377\000C\000U\0000\0003\000:\000\040\000R\000e\000c\000u\000p\000e\000r\000a\000r\000\040\000c\000o\000n\000t\000r\000a\000s\000e\000\361\000a}{section.2.Alph0.1}% 136
\BOOKMARK [2][-]{subsection.2.Alph0.1.4}{\376\377\000C\000U\0000\0004\000:\000\040\000E\000d\000i\000t\000a\000r\000\040\000p\000e\000r\000f\000i\000l\000\040\000d\000e\000\040\000u\000s\000u\000a\000r\000i\000o}{section.2.Alph0.1}% 137
\BOOKMARK [2][-]{subsection.2.Alph0.1.5}{\376\377\000C\000U\0000\0005\000:\000\040\000R\000e\000g\000i\000s\000t\000r\000a\000r\000\040\000d\000a\000t\000o\000s\000\040\000d\000e\000\040\000t\000u\000t\000o\000r}{section.2.Alph0.1}% 138
\BOOKMARK [2][-]{subsection.2.Alph0.1.6}{\376\377\000C\000U\0000\0006\000:\000\040\000L\000e\000v\000a\000n\000t\000a\000r\000\040\000q\000u\000e\000j\000a}{section.2.Alph0.1}% 139
\BOOKMARK [2][-]{subsection.2.Alph0.1.7}{\376\377\000C\000U\0000\0007\000:\000\040\000A\000d\000j\000u\000n\000t\000a\000r\000\040\000e\000v\000i\000d\000e\000n\000c\000i\000a}{section.2.Alph0.1}% 140
\BOOKMARK [2][-]{subsection.2.Alph0.1.8}{\376\377\000C\000U\0000\0008\000:\000\040\000C\000o\000n\000s\000u\000l\000t\000a\000r\000\040\000t\000a\000b\000l\000e\000r\000o\000\040\000d\000e\000\040\000t\000r\000\341\000m\000i\000t\000e\000s}{section.2.Alph0.1}% 141
\BOOKMARK [2][-]{subsection.2.Alph0.1.9}{\376\377\000C\000U\0000\0009\000:\000\040\000M\000o\000d\000i\000f\000i\000c\000a\000r\000\040\000q\000u\000e\000j\000a}{section.2.Alph0.1}% 142
\BOOKMARK [2][-]{subsection.2.Alph0.1.10}{\376\377\000C\000U\0001\0000\000:\000\040\000E\000l\000i\000m\000i\000n\000a\000r\000\040\000b\000o\000r\000r\000a\000d\000o\000r\000\040\000d\000e\000\040\000q\000u\000e\000j\000a}{section.2.Alph0.1}% 143
\BOOKMARK [2][-]{subsection.2.Alph0.1.11}{\376\377\000C\000U\0001\0001\000:\000\040\000R\000e\000c\000i\000b\000i\000r\000\040\000n\000o\000t\000i\000f\000i\000c\000a\000c\000i\000o\000n\000e\000s\000\040\000d\000e\000\040\000s\000t\000a\000t\000u\000s}{section.2.Alph0.1}% 144
\BOOKMARK [2][-]{subsection.2.Alph0.1.12}{\376\377\000C\000U\0001\0002\000:\000\040\000C\000o\000m\000p\000l\000e\000t\000a\000r\000\040\000i\000n\000f\000o\000r\000m\000a\000c\000i\000\363\000n\000\040\000r\000e\000q\000u\000e\000r\000i\000d\000a}{section.2.Alph0.1}% 145
\BOOKMARK [2][-]{subsection.2.Alph0.1.13}{\376\377\000C\000U\0001\0003\000:\000\040\000C\000o\000n\000s\000u\000l\000t\000a\000r\000\040\000m\000e\000d\000i\000d\000a\000s\000\040\000p\000r\000e\000c\000a\000u\000t\000o\000r\000i\000a\000s}{section.2.Alph0.1}% 146
\BOOKMARK [2][-]{subsection.2.Alph0.1.14}{\376\377\000C\000U\0001\0004\000:\000\040\000C\000o\000n\000s\000u\000l\000t\000a\000r\000\040\000p\000r\000o\000p\000u\000e\000s\000t\000a\000\040\000d\000e\000\040\000c\000o\000n\000c\000i\000l\000i\000a\000c\000i\000\363\000n}{section.2.Alph0.1}% 147
\BOOKMARK [2][-]{subsection.2.Alph0.1.15}{\376\377\000C\000U\0001\0005\000:\000\040\000A\000c\000e\000p\000t\000a\000r\000\040\000p\000r\000o\000p\000u\000e\000s\000t\000a\000\040\000d\000e\000\040\000c\000o\000n\000c\000i\000l\000i\000a\000c\000i\000\363\000n}{section.2.Alph0.1}% 148
\BOOKMARK [2][-]{subsection.2.Alph0.1.16}{\376\377\000C\000U\0001\0006\000:\000\040\000R\000e\000c\000h\000a\000z\000a\000r\000\040\000p\000r\000o\000p\000u\000e\000s\000t\000a\000\040\000d\000e\000\040\000c\000o\000n\000c\000i\000l\000i\000a\000c\000i\000\363\000n}{section.2.Alph0.1}% 149
\BOOKMARK [2][-]{subsection.2.Alph0.1.17}{\376\377\000C\000U\0001\0007\000:\000\040\000D\000e\000s\000c\000a\000r\000g\000a\000r\000\040\000a\000c\000u\000s\000e\000\040\000d\000e\000\040\000r\000e\000c\000i\000b\000o\000\040\000c\000o\000n\000\040\000s\000e\000l\000l\000o\000\040\000d\000i\000g\000i\000t\000a\000l}{section.2.Alph0.1}% 150
\BOOKMARK [2][-]{subsection.2.Alph0.1.18}{\376\377\000C\000U\0001\0008\000:\000\040\000C\000o\000n\000s\000u\000l\000t\000a\000r\000\040\000D\000e\000t\000a\000l\000l\000e\000s\000\040\000d\000e\000l\000\040\000t\000r\000\341\000m\000i\000t\000e\000\040\000c\000o\000m\000p\000l\000e\000t\000o\000s}{section.2.Alph0.1}% 151
\BOOKMARK [0][-]{appendix*.42}{\376\377\000C\000a\000t\000\341\000l\000o\000g\000o\000\040\000d\000e\000\040\000M\000e\000n\000s\000a\000j\000e\000s}{}% 152
\BOOKMARK [0][-]{appendix*.43}{\376\377\000C\000a\000t\000\341\000l\000o\000g\000o\000\040\000d\000e\000\040\000E\000r\000r\000o\000r\000e\000s}{}% 153
