This is pdfTeX, Version 3.141592653-2.6-1.40.25 (TeX Live 2023/Debian) (preloaded format=pdflatex 2025.9.3)  11 FEB 2026 09:43
entering extended mode
 restricted \write18 enabled.
 file:line:error style messages enabled.
 %&-line parsing enabled.
**"/home/bicho/Documents/Plataforma-Quejas-Defensoria-Politecnica/Documentacion/Base de Datos/BasedeDatos.tex"
(/home/bicho/Documents/Plataforma-Quejas-Defensoria-Politecnica/Documentacion/Base de Datos/BasedeDatos.tex
LaTeX2e <2023-11-01> patch level 1
L3 programming layer <2024-01-22>
(/usr/share/texlive/texmf-dist/tex/latex/base/article.cls
Document Class: article 2023/05/17 v1.4n Standard LaTeX document class
(/usr/share/texlive/texmf-dist/tex/latex/base/size12.clo
File: size12.clo 2023/05/17 v1.4n Standard LaTeX file (size option)
)
\c@part=\count187
\c@section=\count188
\c@subsection=\count189
\c@subsubsection=\count190
\c@paragraph=\count191
\c@subparagraph=\count192
\c@figure=\count193
\c@table=\count194
\abovecaptionskip=\skip48
\belowcaptionskip=\skip49
\bibindent=\dimen140
) (/usr/share/texlive/texmf-dist/tex/generic/babel/babel.sty
Package: babel 2024/01/07 v24.1 The Babel package
\babel@savecnt=\count195
\U@D=\dimen141
\l@unhyphenated=\language89
 (/usr/share/texlive/texmf-dist/tex/generic/babel/txtbabel.def)
\bbl@readstream=\read2
\bbl@dirlevel=\count196
 (/usr/share/texlive/texmf-dist/tex/generic/babel-spanish/spanish.ldf
Language: spanish.ldf 2021/05/27 v5.0q Spanish support from the babel system
\es@quottoks=\toks17
\es@quotdepth=\count197
Package babel Info: Making " an active character on input line 570.
Package babel Info: Making . an active character on input line 675.
Package babel Info: Making < an active character on input line 722.
Package babel Info: Making > an active character on input line 722.
)) (/usr/share/texlive/texmf-dist/tex/generic/babel/locale/es/babel-spanish.tex
Package babel Info: Importing font and identification data for spanish
(babel)             from babel-es.ini. Reported on input line 11.
) (/usr/share/texlive/texmf-dist/tex/latex/base/inputenc.sty
Package: inputenc 2021/02/14 v1.3d Input encoding file
\inpenc@prehook=\toks18
\inpenc@posthook=\toks19
) (/usr/share/texlive/texmf-dist/tex/latex/geometry/geometry.sty
Package: geometry 2020/01/02 v5.9 Page Geometry
 (/usr/share/texlive/texmf-dist/tex/latex/graphics/keyval.sty
Package: keyval 2022/05/29 v1.15 key=value parser (DPC)
\KV@toks@=\toks20
) (/usr/share/texlive/texmf-dist/tex/generic/iftex/ifvtex.sty
Package: ifvtex 2019/10/25 v1.7 ifvtex legacy package. Use iftex instead.
 (/usr/share/texlive/texmf-dist/tex/generic/iftex/iftex.sty
Package: iftex 2022/02/03 v1.0f TeX engine tests
))
\Gm@cnth=\count198
\Gm@cntv=\count199
\c@Gm@tempcnt=\count266
\Gm@bindingoffset=\dimen142
\Gm@wd@mp=\dimen143
\Gm@odd@mp=\dimen144
\Gm@even@mp=\dimen145
\Gm@layoutwidth=\dimen146
\Gm@layoutheight=\dimen147
\Gm@layouthoffset=\dimen148
\Gm@layoutvoffset=\dimen149
\Gm@dimlist=\toks21
) (/usr/share/texlive/texmf-dist/tex/latex/graphics/graphicx.sty
Package: graphicx 2021/09/16 v1.2d Enhanced LaTeX Graphics (DPC,SPQR)
 (/usr/share/texlive/texmf-dist/tex/latex/graphics/graphics.sty
Package: graphics 2022/03/10 v1.4e Standard LaTeX Graphics (DPC,SPQR)
 (/usr/share/texlive/texmf-dist/tex/latex/graphics/trig.sty
Package: trig 2021/08/11 v1.11 sin cos tan (DPC)
) (/usr/share/texlive/texmf-dist/tex/latex/graphics-cfg/graphics.cfg
File: graphics.cfg 2016/06/04 v1.11 sample graphics configuration
)
Package graphics Info: Driver file: pdftex.def on input line 107.
 (/usr/share/texlive/texmf-dist/tex/latex/graphics-def/pdftex.def
File: pdftex.def 2022/09/22 v1.2b Graphics/color driver for pdftex
))
\Gin@req@height=\dimen150
\Gin@req@width=\dimen151
) (/usr/share/texlive/texmf-dist/tex/latex/fancyhdr/fancyhdr.sty
Package: fancyhdr 2022/11/09 v4.1 Extensive control of page headers and footers
\f@nch@headwidth=\skip50
\f@nch@O@elh=\skip51
\f@nch@O@erh=\skip52
\f@nch@O@olh=\skip53
\f@nch@O@orh=\skip54
\f@nch@O@elf=\skip55
\f@nch@O@erf=\skip56
\f@nch@O@olf=\skip57
\f@nch@O@orf=\skip58
) (/usr/share/texlive/texmf-dist/tex/latex/tcolorbox/tcolorbox.sty
Package: tcolorbox 2024/01/10 version 6.2.0 text color boxes
 (/usr/share/texlive/texmf-dist/tex/latex/pgf/basiclayer/pgf.sty (/usr/share/texlive/texmf-dist/tex/latex/pgf/utilities/pgfrcs.sty (/usr/share/texlive/texmf-dist/tex/generic/pgf/utilities/pgfutil-common.tex
\pgfutil@everybye=\toks22
\pgfutil@tempdima=\dimen152
\pgfutil@tempdimb=\dimen153
) (/usr/share/texlive/texmf-dist/tex/generic/pgf/utilities/pgfutil-latex.def
\pgfutil@abb=\box51
) (/usr/share/texlive/texmf-dist/tex/generic/pgf/utilities/pgfrcs.code.tex (/usr/share/texlive/texmf-dist/tex/generic/pgf/pgf.revision.tex)
Package: pgfrcs 2023-01-15 v3.1.10 (3.1.10)
))
Package: pgf 2023-01-15 v3.1.10 (3.1.10)
 (/usr/share/texlive/texmf-dist/tex/latex/pgf/basiclayer/pgfcore.sty (/usr/share/texlive/texmf-dist/tex/latex/pgf/systemlayer/pgfsys.sty (/usr/share/texlive/texmf-dist/tex/generic/pgf/systemlayer/pgfsys.code.tex
Package: pgfsys 2023-01-15 v3.1.10 (3.1.10)
 (/usr/share/texlive/texmf-dist/tex/generic/pgf/utilities/pgfkeys.code.tex
\pgfkeys@pathtoks=\toks23
\pgfkeys@temptoks=\toks24
 (/usr/share/texlive/texmf-dist/tex/generic/pgf/utilities/pgfkeyslibraryfiltered.code.tex
\pgfkeys@tmptoks=\toks25
))
\pgf@x=\dimen154
\pgf@y=\dimen155
\pgf@xa=\dimen156
\pgf@ya=\dimen157
\pgf@xb=\dimen158
\pgf@yb=\dimen159
\pgf@xc=\dimen160
\pgf@yc=\dimen161
\pgf@xd=\dimen162
\pgf@yd=\dimen163
\w@pgf@writea=\write3
\r@pgf@reada=\read3
\c@pgf@counta=\count267
\c@pgf@countb=\count268
\c@pgf@countc=\count269
\c@pgf@countd=\count270
\t@pgf@toka=\toks26
\t@pgf@tokb=\toks27
\t@pgf@tokc=\toks28
\pgf@sys@id@count=\count271
 (/usr/share/texlive/texmf-dist/tex/generic/pgf/systemlayer/pgf.cfg
File: pgf.cfg 2023-01-15 v3.1.10 (3.1.10)
)
Driver file for pgf: pgfsys-pdftex.def
 (/usr/share/texlive/texmf-dist/tex/generic/pgf/systemlayer/pgfsys-pdftex.def
File: pgfsys-pdftex.def 2023-01-15 v3.1.10 (3.1.10)
 (/usr/share/texlive/texmf-dist/tex/generic/pgf/systemlayer/pgfsys-common-pdf.def
File: pgfsys-common-pdf.def 2023-01-15 v3.1.10 (3.1.10)
))) (/usr/share/texlive/texmf-dist/tex/generic/pgf/systemlayer/pgfsyssoftpath.code.tex
File: pgfsyssoftpath.code.tex 2023-01-15 v3.1.10 (3.1.10)
\pgfsyssoftpath@smallbuffer@items=\count272
\pgfsyssoftpath@bigbuffer@items=\count273
) (/usr/share/texlive/texmf-dist/tex/generic/pgf/systemlayer/pgfsysprotocol.code.tex
File: pgfsysprotocol.code.tex 2023-01-15 v3.1.10 (3.1.10)
)) (/usr/share/texlive/texmf-dist/tex/latex/xcolor/xcolor.sty
Package: xcolor 2023/11/15 v3.01 LaTeX color extensions (UK)
 (/usr/share/texlive/texmf-dist/tex/latex/graphics-cfg/color.cfg
File: color.cfg 2016/01/02 v1.6 sample color configuration
)
Package xcolor Info: Driver file: pdftex.def on input line 274.
 (/usr/share/texlive/texmf-dist/tex/latex/graphics/mathcolor.ltx)
Package xcolor Info: Model `cmy' substituted by `cmy0' on input line 1350.
Package xcolor Info: Model `hsb' substituted by `rgb' on input line 1354.
Package xcolor Info: Model `RGB' extended on input line 1366.
Package xcolor Info: Model `HTML' substituted by `rgb' on input line 1368.
Package xcolor Info: Model `Hsb' substituted by `hsb' on input line 1369.
Package xcolor Info: Model `tHsb' substituted by `hsb' on input line 1370.
Package xcolor Info: Model `HSB' substituted by `hsb' on input line 1371.
Package xcolor Info: Model `Gray' substituted by `gray' on input line 1372.
Package xcolor Info: Model `wave' substituted by `hsb' on input line 1373.
) (/usr/share/texlive/texmf-dist/tex/generic/pgf/basiclayer/pgfcore.code.tex
Package: pgfcore 2023-01-15 v3.1.10 (3.1.10)
 (/usr/share/texlive/texmf-dist/tex/generic/pgf/math/pgfmath.code.tex (/usr/share/texlive/texmf-dist/tex/generic/pgf/math/pgfmathutil.code.tex) (/usr/share/texlive/texmf-dist/tex/generic/pgf/math/pgfmathparser.code.tex
\pgfmath@dimen=\dimen164
\pgfmath@count=\count274
\pgfmath@box=\box52
\pgfmath@toks=\toks29
\pgfmath@stack@operand=\toks30
\pgfmath@stack@operation=\toks31
) (/usr/share/texlive/texmf-dist/tex/generic/pgf/math/pgfmathfunctions.code.tex) (/usr/share/texlive/texmf-dist/tex/generic/pgf/math/pgfmathfunctions.basic.code.tex) (/usr/share/texlive/texmf-dist/tex/generic/pgf/math/pgfmathfunctions.trigonometric.code.tex) (/usr/share/texlive/texmf-dist/tex/generic/pgf/math/pgfmathfunctions.random.code.tex) (/usr/share/texlive/texmf-dist/tex/generic/pgf/math/pgfmathfunctions.comparison.code.tex) (/usr/share/texlive/texmf-dist/tex/generic/pgf/math/pgfmathfunctions.base.code.tex) (/usr/share/texlive/texmf-dist/tex/generic/pgf/math/pgfmathfunctions.round.code.tex) (/usr/share/texlive/texmf-dist/tex/generic/pgf/math/pgfmathfunctions.misc.code.tex) (/usr/share/texlive/texmf-dist/tex/generic/pgf/math/pgfmathfunctions.integerarithmetics.code.tex) (/usr/share/texlive/texmf-dist/tex/generic/pgf/math/pgfmathcalc.code.tex) (/usr/share/texlive/texmf-dist/tex/generic/pgf/math/pgfmathfloat.code.tex
\c@pgfmathroundto@lastzeros=\count275
)) (/usr/share/texlive/texmf-dist/tex/generic/pgf/math/pgfint.code.tex) (/usr/share/texlive/texmf-dist/tex/generic/pgf/basiclayer/pgfcorepoints.code.tex
File: pgfcorepoints.code.tex 2023-01-15 v3.1.10 (3.1.10)
\pgf@picminx=\dimen165
\pgf@picmaxx=\dimen166
\pgf@picminy=\dimen167
\pgf@picmaxy=\dimen168
\pgf@pathminx=\dimen169
\pgf@pathmaxx=\dimen170
\pgf@pathminy=\dimen171
\pgf@pathmaxy=\dimen172
\pgf@xx=\dimen173
\pgf@xy=\dimen174
\pgf@yx=\dimen175
\pgf@yy=\dimen176
\pgf@zx=\dimen177
\pgf@zy=\dimen178
) (/usr/share/texlive/texmf-dist/tex/generic/pgf/basiclayer/pgfcorepathconstruct.code.tex
File: pgfcorepathconstruct.code.tex 2023-01-15 v3.1.10 (3.1.10)
\pgf@path@lastx=\dimen179
\pgf@path@lasty=\dimen180
) (/usr/share/texlive/texmf-dist/tex/generic/pgf/basiclayer/pgfcorepathusage.code.tex
File: pgfcorepathusage.code.tex 2023-01-15 v3.1.10 (3.1.10)
\pgf@shorten@end@additional=\dimen181
\pgf@shorten@start@additional=\dimen182
) (/usr/share/texlive/texmf-dist/tex/generic/pgf/basiclayer/pgfcorescopes.code.tex
File: pgfcorescopes.code.tex 2023-01-15 v3.1.10 (3.1.10)
\pgfpic=\box53
\pgf@hbox=\box54
\pgf@layerbox@main=\box55
\pgf@picture@serial@count=\count276
) (/usr/share/texlive/texmf-dist/tex/generic/pgf/basiclayer/pgfcoregraphicstate.code.tex
File: pgfcoregraphicstate.code.tex 2023-01-15 v3.1.10 (3.1.10)
\pgflinewidth=\dimen183
) (/usr/share/texlive/texmf-dist/tex/generic/pgf/basiclayer/pgfcoretransformations.code.tex
File: pgfcoretransformations.code.tex 2023-01-15 v3.1.10 (3.1.10)
\pgf@pt@x=\dimen184
\pgf@pt@y=\dimen185
\pgf@pt@temp=\dimen186
) (/usr/share/texlive/texmf-dist/tex/generic/pgf/basiclayer/pgfcorequick.code.tex
File: pgfcorequick.code.tex 2023-01-15 v3.1.10 (3.1.10)
) (/usr/share/texlive/texmf-dist/tex/generic/pgf/basiclayer/pgfcoreobjects.code.tex
File: pgfcoreobjects.code.tex 2023-01-15 v3.1.10 (3.1.10)
) (/usr/share/texlive/texmf-dist/tex/generic/pgf/basiclayer/pgfcorepathprocessing.code.tex
File: pgfcorepathprocessing.code.tex 2023-01-15 v3.1.10 (3.1.10)
) (/usr/share/texlive/texmf-dist/tex/generic/pgf/basiclayer/pgfcorearrows.code.tex
File: pgfcorearrows.code.tex 2023-01-15 v3.1.10 (3.1.10)
\pgfarrowsep=\dimen187
) (/usr/share/texlive/texmf-dist/tex/generic/pgf/basiclayer/pgfcoreshade.code.tex
File: pgfcoreshade.code.tex 2023-01-15 v3.1.10 (3.1.10)
\pgf@max=\dimen188
\pgf@sys@shading@range@num=\count277
\pgf@shadingcount=\count278
) (/usr/share/texlive/texmf-dist/tex/generic/pgf/basiclayer/pgfcoreimage.code.tex
File: pgfcoreimage.code.tex 2023-01-15 v3.1.10 (3.1.10)
) (/usr/share/texlive/texmf-dist/tex/generic/pgf/basiclayer/pgfcoreexternal.code.tex
File: pgfcoreexternal.code.tex 2023-01-15 v3.1.10 (3.1.10)
\pgfexternal@startupbox=\box56
) (/usr/share/texlive/texmf-dist/tex/generic/pgf/basiclayer/pgfcorelayers.code.tex
File: pgfcorelayers.code.tex 2023-01-15 v3.1.10 (3.1.10)
) (/usr/share/texlive/texmf-dist/tex/generic/pgf/basiclayer/pgfcoretransparency.code.tex
File: pgfcoretransparency.code.tex 2023-01-15 v3.1.10 (3.1.10)
) (/usr/share/texlive/texmf-dist/tex/generic/pgf/basiclayer/pgfcorepatterns.code.tex
File: pgfcorepatterns.code.tex 2023-01-15 v3.1.10 (3.1.10)
) (/usr/share/texlive/texmf-dist/tex/generic/pgf/basiclayer/pgfcorerdf.code.tex
File: pgfcorerdf.code.tex 2023-01-15 v3.1.10 (3.1.10)
))) (/usr/share/texlive/texmf-dist/tex/generic/pgf/modules/pgfmoduleshapes.code.tex
File: pgfmoduleshapes.code.tex 2023-01-15 v3.1.10 (3.1.10)
\pgfnodeparttextbox=\box57
) (/usr/share/texlive/texmf-dist/tex/generic/pgf/modules/pgfmoduleplot.code.tex
File: pgfmoduleplot.code.tex 2023-01-15 v3.1.10 (3.1.10)
) (/usr/share/texlive/texmf-dist/tex/latex/pgf/compatibility/pgfcomp-version-0-65.sty
Package: pgfcomp-version-0-65 2023-01-15 v3.1.10 (3.1.10)
\pgf@nodesepstart=\dimen189
\pgf@nodesepend=\dimen190
) (/usr/share/texlive/texmf-dist/tex/latex/pgf/compatibility/pgfcomp-version-1-18.sty
Package: pgfcomp-version-1-18 2023-01-15 v3.1.10 (3.1.10)
)) (/usr/share/texlive/texmf-dist/tex/latex/tools/verbatim.sty
Package: verbatim 2023-11-06 v1.5v LaTeX2e package for verbatim enhancements
\every@verbatim=\toks32
\verbatim@line=\toks33
\verbatim@in@stream=\read4
) (/usr/share/texlive/texmf-dist/tex/latex/environ/environ.sty
Package: environ 2014/05/04 v0.3 A new way to define environments
 (/usr/share/texlive/texmf-dist/tex/latex/trimspaces/trimspaces.sty
Package: trimspaces 2009/09/17 v1.1 Trim spaces around a token list
)
\@envbody=\toks34
) (/usr/share/texlive/texmf-dist/tex/latex/etoolbox/etoolbox.sty
Package: etoolbox 2020/10/05 v2.5k e-TeX tools for LaTeX (JAW)
\etb@tempcnta=\count279
)
\tcb@titlebox=\box58
\tcb@upperbox=\box59
\tcb@lowerbox=\box60
\tcb@phantombox=\box61
\c@tcbbreakpart=\count280
\c@tcblayer=\count281
\c@tcolorbox@number=\count282
\l__tcobox_tmpa_box=\box62
\l__tcobox_tmpa_dim=\dimen191
\tcb@temp=\box63
\tcb@temp=\box64
\tcb@temp=\box65
\tcb@temp=\box66
) (/usr/share/texlive/texmf-dist/tex/latex/enumitem/enumitem.sty
Package: enumitem 2019/06/20 v3.9 Customized lists
\labelindent=\skip59
\enit@outerparindent=\dimen192
\enit@toks=\toks35
\enit@inbox=\box67
\enit@count@id=\count283
\enitdp@description=\count284
) (/usr/share/texlive/texmf-dist/tex/latex/booktabs/booktabs.sty
Package: booktabs 2020/01/12 v1.61803398 Publication quality tables
\heavyrulewidth=\dimen193
\lightrulewidth=\dimen194
\cmidrulewidth=\dimen195
\belowrulesep=\dimen196
\belowbottomsep=\dimen197
\aboverulesep=\dimen198
\abovetopsep=\dimen199
\cmidrulesep=\dimen256
\cmidrulekern=\dimen257
\defaultaddspace=\dimen258
\@cmidla=\count285
\@cmidlb=\count286
\@aboverulesep=\dimen259
\@belowrulesep=\dimen260
\@thisruleclass=\count287
\@lastruleclass=\count288
\@thisrulewidth=\dimen261
) (/usr/share/texlive/texmf-dist/tex/latex/tools/longtable.sty
Package: longtable 2023-11-01 v4.19 Multi-page Table package (DPC)
\LTleft=\skip60
\LTright=\skip61
\LTpre=\skip62
\LTpost=\skip63
\LTchunksize=\count289
\LTcapwidth=\dimen262
\LT@head=\box68
\LT@firsthead=\box69
\LT@foot=\box70
\LT@lastfoot=\box71
\LT@gbox=\box72
\LT@cols=\count290
\LT@rows=\count291
\c@LT@tables=\count292
\c@LT@chunks=\count293
\LT@p@ftn=\toks36
) (/usr/share/texlive/texmf-dist/tex/latex/tools/array.sty
Package: array 2023/10/16 v2.5g Tabular extension package (FMi)
\col@sep=\dimen263
\ar@mcellbox=\box73
\extrarowheight=\dimen264
\NC@list=\toks37
\extratabsurround=\skip64
\backup@length=\skip65
\ar@cellbox=\box74
) (/usr/share/texlive/texmf-dist/tex/latex/pdflscape/pdflscape.sty
Package: pdflscape 2022-10-27 v0.13 Display of landscape pages in PDF
 (/usr/share/texlive/texmf-dist/tex/latex/pdflscape/pdflscape-nometadata.sty
Package: pdflscape-nometadata 2022-10-28 v0.13 Display of landscape pages in PDF (HO)
 (/usr/share/texlive/texmf-dist/tex/latex/graphics/lscape.sty
Package: lscape 2020/05/28 v3.02 Landscape Pages (DPC)
)
Package pdflscape Info: Auto-detected driver: pdftex on input line 81.
)) (/usr/share/texlive/texmf-dist/tex/latex/hyperref/hyperref.sty
Package: hyperref 2024-01-20 v7.01h Hypertext links for LaTeX
 (/usr/share/texlive/texmf-dist/tex/latex/kvsetkeys/kvsetkeys.sty
Package: kvsetkeys 2022-10-05 v1.19 Key value parser (HO)
) (/usr/share/texlive/texmf-dist/tex/generic/kvdefinekeys/kvdefinekeys.sty
Package: kvdefinekeys 2019-12-19 v1.6 Define keys (HO)
) (/usr/share/texlive/texmf-dist/tex/generic/pdfescape/pdfescape.sty
Package: pdfescape 2019/12/09 v1.15 Implements pdfTeX's escape features (HO)
 (/usr/share/texlive/texmf-dist/tex/generic/ltxcmds/ltxcmds.sty
Package: ltxcmds 2023-12-04 v1.26 LaTeX kernel commands for general use (HO)
) (/usr/share/texlive/texmf-dist/tex/generic/pdftexcmds/pdftexcmds.sty
Package: pdftexcmds 2020-06-27 v0.33 Utility functions of pdfTeX for LuaTeX (HO)
 (/usr/share/texlive/texmf-dist/tex/generic/infwarerr/infwarerr.sty
Package: infwarerr 2019/12/03 v1.5 Providing info/warning/error messages (HO)
)
Package pdftexcmds Info: \pdf@primitive is available.
Package pdftexcmds Info: \pdf@ifprimitive is available.
Package pdftexcmds Info: \pdfdraftmode found.
)) (/usr/share/texlive/texmf-dist/tex/latex/hycolor/hycolor.sty
Package: hycolor 2020-01-27 v1.10 Color options for hyperref/bookmark (HO)
) (/usr/share/texlive/texmf-dist/tex/latex/auxhook/auxhook.sty
Package: auxhook 2019-12-17 v1.6 Hooks for auxiliary files (HO)
) (/usr/share/texlive/texmf-dist/tex/latex/hyperref/nameref.sty
Package: nameref 2023-11-26 v2.56 Cross-referencing by name of section
 (/usr/share/texlive/texmf-dist/tex/latex/refcount/refcount.sty
Package: refcount 2019/12/15 v3.6 Data extraction from label references (HO)
) (/usr/share/texlive/texmf-dist/tex/generic/gettitlestring/gettitlestring.sty
Package: gettitlestring 2019/12/15 v1.6 Cleanup title references (HO)
 (/usr/share/texlive/texmf-dist/tex/latex/kvoptions/kvoptions.sty
Package: kvoptions 2022-06-15 v3.15 Key value format for package options (HO)
))
\c@section@level=\count294
)
\@linkdim=\dimen265
\Hy@linkcounter=\count295
\Hy@pagecounter=\count296
 (/usr/share/texlive/texmf-dist/tex/latex/hyperref/pd1enc.def
File: pd1enc.def 2024-01-20 v7.01h Hyperref: PDFDocEncoding definition (HO)
Now handling font encoding PD1 ...
... no UTF-8 mapping file for font encoding PD1
) (/usr/share/texlive/texmf-dist/tex/generic/intcalc/intcalc.sty
Package: intcalc 2019/12/15 v1.3 Expandable calculations with integers (HO)
)
\Hy@SavedSpaceFactor=\count297
 (/usr/share/texlive/texmf-dist/tex/latex/hyperref/puenc.def
File: puenc.def 2024-01-20 v7.01h Hyperref: PDF Unicode definition (HO)
Now handling font encoding PU ...
... no UTF-8 mapping file for font encoding PU
)
Package hyperref Info: Hyper figures OFF on input line 4179.
Package hyperref Info: Link nesting OFF on input line 4184.
Package hyperref Info: Hyper index ON on input line 4187.
Package hyperref Info: Plain pages OFF on input line 4194.
Package hyperref Info: Backreferencing OFF on input line 4199.
Package hyperref Info: Implicit mode ON; LaTeX internals redefined.
Package hyperref Info: Bookmarks ON on input line 4446.
\c@Hy@tempcnt=\count298
 (/usr/share/texlive/texmf-dist/tex/latex/url/url.sty
\Urlmuskip=\muskip16
Package: url 2013/09/16  ver 3.4  Verb mode for urls, etc.
)
LaTeX Info: Redefining \url on input line 4784.
\XeTeXLinkMargin=\dimen266
 (/usr/share/texlive/texmf-dist/tex/generic/bitset/bitset.sty
Package: bitset 2019/12/09 v1.3 Handle bit-vector datatype (HO)
 (/usr/share/texlive/texmf-dist/tex/generic/bigintcalc/bigintcalc.sty
Package: bigintcalc 2019/12/15 v1.5 Expandable calculations on big integers (HO)
))
\Fld@menulength=\count299
\Field@Width=\dimen267
\Fld@charsize=\dimen268
Package hyperref Info: Hyper figures OFF on input line 6063.
Package hyperref Info: Link nesting OFF on input line 6068.
Package hyperref Info: Hyper index ON on input line 6071.
Package hyperref Info: backreferencing OFF on input line 6078.
Package hyperref Info: Link coloring OFF on input line 6083.
Package hyperref Info: Link coloring with OCG OFF on input line 6088.
Package hyperref Info: PDF/A mode OFF on input line 6093.
 (/usr/share/texlive/texmf-dist/tex/latex/base/atbegshi-ltx.sty
Package: atbegshi-ltx 2021/01/10 v1.0c Emulation of the original atbegshi
package with kernel methods
)
\Hy@abspage=\count300
\c@Item=\count301
\c@Hfootnote=\count302
)
Package hyperref Info: Driver (autodetected): hpdftex.
 (/usr/share/texlive/texmf-dist/tex/latex/hyperref/hpdftex.def
File: hpdftex.def 2024-01-20 v7.01h Hyperref driver for pdfTeX
 (/usr/share/texlive/texmf-dist/tex/latex/base/atveryend-ltx.sty
Package: atveryend-ltx 2020/08/19 v1.0a Emulation of the original atveryend package
with kernel methods
)
\Fld@listcount=\count303
\c@bookmark@seq@number=\count304
 (/usr/share/texlive/texmf-dist/tex/latex/rerunfilecheck/rerunfilecheck.sty
Package: rerunfilecheck 2022-07-10 v1.10 Rerun checks for auxiliary files (HO)
 (/usr/share/texlive/texmf-dist/tex/generic/uniquecounter/uniquecounter.sty
Package: uniquecounter 2019/12/15 v1.4 Provide unlimited unique counter (HO)
)
Package uniquecounter Info: New unique counter `rerunfilecheck' on input line 285.
)
\Hy@SectionHShift=\skip66
) (/usr/share/texlive/texmf-dist/tex/latex/multirow/multirow.sty
Package: multirow 2021/03/15 v2.8 Span multiple rows of a table
\multirow@colwidth=\skip67
\multirow@cntb=\count305
\multirow@dima=\skip68
\bigstrutjot=\dimen269
) (/usr/share/texlive/texmf-dist/tex/latex/float/float.sty
Package: float 2001/11/08 v1.3d Float enhancements (AL)
\c@float@type=\count306
\float@exts=\toks38
\float@box=\box75
\@float@everytoks=\toks39
\@floatcapt=\box76
) (/usr/share/texlive/texmf-dist/tex/latex/caption/caption.sty
Package: caption 2023/08/05 v3.6o Customizing captions (AR)
 (/usr/share/texlive/texmf-dist/tex/latex/caption/caption3.sty
Package: caption3 2023/07/31 v2.4d caption3 kernel (AR)
\caption@tempdima=\dimen270
\captionmargin=\dimen271
\caption@leftmargin=\dimen272
\caption@rightmargin=\dimen273
\caption@width=\dimen274
\caption@indent=\dimen275
\caption@parindent=\dimen276
\caption@hangindent=\dimen277
Package caption Info: Standard document class detected.
)
\c@caption@flags=\count307
\c@continuedfloat=\count308
Package caption Info: float package is loaded.
Package caption Info: hyperref package is loaded.
Package caption Info: longtable package is loaded.
 (/usr/share/texlive/texmf-dist/tex/latex/caption/ltcaption.sty
Package: ltcaption 2021/01/08 v1.4c longtable captions (AR)
)) (/usr/share/texlive/texmf-dist/tex/latex/colortbl/colortbl.sty
Package: colortbl 2022/06/20 v1.0f Color table columns (DPC)
\everycr=\toks40
\minrowclearance=\skip69
\rownum=\count309
) (/usr/share/texlive/texmf-dist/tex/latex/tcolorbox/tcbskins.code.tex
Library (tcolorbox): 'tcbskins.code.tex' version '6.2.0'
(/usr/share/texlive/texmf-dist/tex/latex/pgf/frontendlayer/tikz.sty (/usr/share/texlive/texmf-dist/tex/latex/pgf/utilities/pgffor.sty (/usr/share/texlive/texmf-dist/tex/latex/pgf/utilities/pgfkeys.sty (/usr/share/texlive/texmf-dist/tex/generic/pgf/utilities/pgfkeys.code.tex)) (/usr/share/texlive/texmf-dist/tex/latex/pgf/math/pgfmath.sty (/usr/share/texlive/texmf-dist/tex/generic/pgf/math/pgfmath.code.tex)) (/usr/share/texlive/texmf-dist/tex/generic/pgf/utilities/pgffor.code.tex
Package: pgffor 2023-01-15 v3.1.10 (3.1.10)
\pgffor@iter=\dimen278
\pgffor@skip=\dimen279
\pgffor@stack=\toks41
\pgffor@toks=\toks42
)) (/usr/share/texlive/texmf-dist/tex/generic/pgf/frontendlayer/tikz/tikz.code.tex
Package: tikz 2023-01-15 v3.1.10 (3.1.10)
 (/usr/share/texlive/texmf-dist/tex/generic/pgf/libraries/pgflibraryplothandlers.code.tex
File: pgflibraryplothandlers.code.tex 2023-01-15 v3.1.10 (3.1.10)
\pgf@plot@mark@count=\count310
\pgfplotmarksize=\dimen280
)
\tikz@lastx=\dimen281
\tikz@lasty=\dimen282
\tikz@lastxsaved=\dimen283
\tikz@lastysaved=\dimen284
\tikz@lastmovetox=\dimen285
\tikz@lastmovetoy=\dimen286
\tikzleveldistance=\dimen287
\tikzsiblingdistance=\dimen288
\tikz@figbox=\box77
\tikz@figbox@bg=\box78
\tikz@tempbox=\box79
\tikz@tempbox@bg=\box80
\tikztreelevel=\count311
\tikznumberofchildren=\count312
\tikznumberofcurrentchild=\count313
\tikz@fig@count=\count314
 (/usr/share/texlive/texmf-dist/tex/generic/pgf/modules/pgfmodulematrix.code.tex
File: pgfmodulematrix.code.tex 2023-01-15 v3.1.10 (3.1.10)
\pgfmatrixcurrentrow=\count315
\pgfmatrixcurrentcolumn=\count316
\pgf@matrix@numberofcolumns=\count317
)
\tikz@expandcount=\count318
 (/usr/share/texlive/texmf-dist/tex/generic/pgf/frontendlayer/tikz/libraries/tikzlibrarytopaths.code.tex
File: tikzlibrarytopaths.code.tex 2023-01-15 v3.1.10 (3.1.10)
))) (/usr/share/texlive/texmf-dist/tex/latex/tikzfill/tikzfill.image.sty
Package: tikzfill.image 2023/08/08 v1.0.1 Image filling library for TikZ
 (/usr/share/texlive/texmf-dist/tex/latex/tikzfill/tikzfill-common.sty
Package: tikzfill-common 2023/08/08 v1.0.1 Auxiliary code for tikzfill
) (/usr/share/texlive/texmf-dist/tex/latex/tikzfill/tikzlibraryfill.image.code.tex
File: tikzlibraryfill.image.code.tex 2023/08/08 v1.0.1 Image filling library
\l__tikzfill_img_box=\box81
)) (/usr/share/texlive/texmf-dist/tex/latex/tcolorbox/tcbskinsjigsaw.code.tex
Library (tcolorbox): 'tcbskinsjigsaw.code.tex' version '6.2.0'
)) (/usr/share/texlive/texmf-dist/tex/latex/tcolorbox/tcbbreakable.code.tex
Library (tcolorbox): 'tcbbreakable.code.tex' version '6.2.0'
(/usr/share/texlive/texmf-dist/tex/latex/pdfcol/pdfcol.sty
Package: pdfcol 2022-09-21 v1.7 Handle new color stacks for pdfTeX (HO)
)
Package pdfcol Info: New color stack `tcb@breakable' = 1 on input line 23.
\tcb@testbox=\box82
\tcb@totalupperbox=\box83
\tcb@totallowerbox=\box84
) (/usr/share/texlive/texmf-dist/tex/latex/l3backend/l3backend-pdftex.def
File: l3backend-pdftex.def 2024-01-04 L3 backend support: PDF output (pdfTeX)
\l__color_backend_stack_int=\count319
\l__pdf_internal_box=\box85
) (./BasedeDatos.aux
LaTeX Info: Redefining \. on input line 11.
LaTeX Info: Redefining \% on input line 11.
)
\openout1 = `BasedeDatos.aux'.

LaTeX Font Info:    Checking defaults for OML/cmm/m/it on input line 41.
LaTeX Font Info:    ... okay on input line 41.
LaTeX Font Info:    Checking defaults for OMS/cmsy/m/n on input line 41.
LaTeX Font Info:    ... okay on input line 41.
LaTeX Font Info:    Checking defaults for OT1/cmr/m/n on input line 41.
LaTeX Font Info:    ... okay on input line 41.
LaTeX Font Info:    Checking defaults for T1/cmr/m/n on input line 41.
LaTeX Font Info:    ... okay on input line 41.
LaTeX Font Info:    Checking defaults for TS1/cmr/m/n on input line 41.
LaTeX Font Info:    ... okay on input line 41.
LaTeX Font Info:    Checking defaults for OMX/cmex/m/n on input line 41.
LaTeX Font Info:    ... okay on input line 41.
LaTeX Font Info:    Checking defaults for U/cmr/m/n on input line 41.
LaTeX Font Info:    ... okay on input line 41.
LaTeX Font Info:    Checking defaults for PD1/pdf/m/n on input line 41.
LaTeX Font Info:    ... okay on input line 41.
LaTeX Font Info:    Checking defaults for PU/pdf/m/n on input line 41.
LaTeX Font Info:    ... okay on input line 41.
LaTeX Info: Redefining \. on input line 41.
LaTeX Info: Redefining \% on input line 41.

*geometry* driver: auto-detecting
*geometry* detected driver: pdftex
*geometry* verbose mode - [ preamble ] result:
* driver: pdftex
* paper: a4paper
* layout: <same size as paper>
* layoutoffset:(h,v)=(0.0pt,0.0pt)
* modes: 
* h-part:(L,W,R)=(71.13188pt, 455.24411pt, 71.13188pt)
* v-part:(T,H,B)=(71.13188pt, 702.78308pt, 71.13188pt)
* \paperwidth=597.50787pt
* \paperheight=845.04684pt
* \textwidth=455.24411pt
* \textheight=702.78308pt
* \oddsidemargin=-1.1381pt
* \evensidemargin=-1.1381pt
* \topmargin=-38.1381pt
* \headheight=14.0pt
* \headsep=10.0pt
* \topskip=12.0pt
* \footskip=30.0pt
* \marginparwidth=35.0pt
* \marginparsep=10.0pt
* \columnsep=10.0pt
* \skip\footins=10.8pt plus 4.0pt minus 2.0pt
* \hoffset=0.0pt
* \voffset=0.0pt
* \mag=1000
* \@twocolumnfalse
* \@twosidefalse
* \@mparswitchfalse
* \@reversemarginfalse
* (1in=72.27pt=25.4mm, 1cm=28.453pt)

(/usr/share/texlive/texmf-dist/tex/context/base/mkii/supp-pdf.mkii
[Loading MPS to PDF converter (version 2006.09.02).]
\scratchcounter=\count320
\scratchdimen=\dimen289
\scratchbox=\box86
\nofMPsegments=\count321
\nofMParguments=\count322
\everyMPshowfont=\toks43
\MPscratchCnt=\count323
\MPscratchDim=\dimen290
\MPnumerator=\count324
\makeMPintoPDFobject=\count325
\everyMPtoPDFconversion=\toks44
) (/usr/share/texlive/texmf-dist/tex/latex/epstopdf-pkg/epstopdf-base.sty
Package: epstopdf-base 2020-01-24 v2.11 Base part for package epstopdf
Package epstopdf-base Info: Redefining graphics rule for `.eps' on input line 485.
 (/usr/share/texlive/texmf-dist/tex/latex/latexconfig/epstopdf-sys.cfg
File: epstopdf-sys.cfg 2010/07/13 v1.3 Configuration of (r)epstopdf for TeX Live
))
Package hyperref Info: Link coloring OFF on input line 41.
 (./BasedeDatos.out) (./BasedeDatos.out)
\@outlinefile=\write4
\openout4 = `BasedeDatos.out'.

Package caption Info: Begin \AtBeginDocument code.
Package caption Info: End \AtBeginDocument code.
LaTeX Font Info:    External font `cmex10' loaded for size
(Font)              <14.4> on input line 44.
LaTeX Font Info:    External font `cmex10' loaded for size
(Font)              <7> on input line 44.
LaTeX Font Info:    External font `cmex10' loaded for size
(Font)              <12> on input line 55.
LaTeX Font Info:    External font `cmex10' loaded for size
(Font)              <8> on input line 55.
LaTeX Font Info:    External font `cmex10' loaded for size
(Font)              <6> on input line 55.
 [1

{/var/lib/texmf/fonts/map/pdftex/updmap/pdftex.map}] (./BasedeDatos.toc
LaTeX Info: Redefining \. on input line 1.
LaTeX Info: Redefining \% on input line 1.
 [2])
\tf@toc=\write5
\openout5 = `BasedeDatos.toc'.

 [3]
Underfull \hbox (badness 10000) in paragraph at lines 127--127
[]|\OT1/cmr/m/n/12 PRIMARY
 []


Overfull \hbox (9.13814pt too wide) in paragraph at lines 129--129
[]|\OT1/cmr/m/n/12 VARCHAR(50)| 
 []


Underfull \hbox (badness 10000) in paragraph at lines 129--129
[]|\OT1/cmr/m/n/12 NOT NULL,
 []


Overfull \hbox (15.01308pt too wide) in paragraph at lines 131--131
[]|\OT1/cmr/m/n/12 VARCHAR(255)| 
 []


Overfull \hbox (1.95766pt too wide) in paragraph at lines 133--133
[]|\OT1/cmr/m/n/12 TIMESTAMP| 
 []


Underfull \hbox (badness 10000) in paragraph at lines 133--133
[]|\OT1/cmr/m/n/12 DEFAULT
 []


Underfull \hbox (badness 10000) in paragraph at lines 143--143
[]|\OT1/cmr/m/n/12 PRIMARY
 []


Underfull \hbox (badness 10000) in paragraph at lines 145--145
[]|\OT1/cmr/m/n/12 DEFAULT
 []


Overfull \hbox (15.14235pt too wide) in paragraph at lines 145--145
\OT1/cmr/m/n/12 gen[]random[]uuid(),
 []


Overfull \hbox (21.08257pt too wide) in paragraph at lines 147--147
\OT1/cmr/m/n/12 (cat[]tipo[]persona.id)| 
 []


Overfull \hbox (15.01308pt too wide) in paragraph at lines 149--149
[]|\OT1/cmr/m/n/12 VARCHAR(100)| 
 []


Overfull \hbox (15.01308pt too wide) in paragraph at lines 151--151
[]|\OT1/cmr/m/n/12 VARCHAR(100)| 
 []


Overfull \hbox (15.01308pt too wide) in paragraph at lines 153--153
[]|\OT1/cmr/m/n/12 VARCHAR(100)| 
 []


Overfull \hbox (15.01308pt too wide) in paragraph at lines 155--155
[]|\OT1/cmr/m/n/12 VARCHAR(150)| 
 []


Underfull \hbox (badness 10000) in paragraph at lines 155--155
[]|\OT1/cmr/m/n/12 NOT NULL,
 []


Overfull \hbox (9.13814pt too wide) in paragraph at lines 157--157
[]|\OT1/cmr/m/n/12 VARCHAR(20)| 
 []


Overfull \hbox (9.13814pt too wide) in paragraph at lines 159--159
[]|\OT1/cmr/m/n/12 VARCHAR(18)| 
 []


Overfull \hbox (9.13814pt too wide) in paragraph at lines 161--161
[]|\OT1/cmr/m/n/12 VARCHAR(13)| 
 []


Overfull \hbox (9.13814pt too wide) in paragraph at lines 163--163
[]|\OT1/cmr/m/n/12 VARCHAR(20)| 
 []


Overfull \hbox (9.13814pt too wide) in paragraph at lines 165--165
[]|\OT1/cmr/m/n/12 VARCHAR(20)| 
 []


Overfull \hbox (6.79091pt too wide) in paragraph at lines 167--167
[]|\OT1/cmr/m/n/12 unidad[]academica[]id| 
 []


Overfull \hbox (49.08644pt too wide) in paragraph at lines 167--167
\OT1/cmr/m/n/12 (cat[]unidad[]academica.id)| 
 []


Overfull \hbox (1.95766pt too wide) in paragraph at lines 169--169
[]|\OT1/cmr/m/n/12 TIMESTAMP| 
 []


Underfull \hbox (badness 10000) in paragraph at lines 169--169
[]|\OT1/cmr/m/n/12 DEFAULT
 []


Overfull \hbox (1.95766pt too wide) in paragraph at lines 171--171
[]|\OT1/cmr/m/n/12 TIMESTAMP| 
 []


Overfull \hbox (1.95766pt too wide) in paragraph at lines 173--173
[]|\OT1/cmr/m/n/12 TIMESTAMP| 
 []

[4{/usr/share/texmf/fonts/enc/dvips/cm-super/cm-super-ts1.enc}]
Underfull \hbox (badness 10000) in paragraph at lines 183--183
[]|\OT1/cmr/m/n/12 PRIMARY
 []


Overfull \hbox (0.53334pt too wide) in paragraph at lines 185--185
\OT1/cmr/m/n/12 (per[]persona.id),
 []


Overfull \hbox (15.01308pt too wide) in paragraph at lines 187--187
[]|\OT1/cmr/m/n/12 VARCHAR(255)| 
 []


Overfull \hbox (15.01308pt too wide) in paragraph at lines 191--191
[]|\OT1/cmr/m/n/12 VARCHAR(255)| 
 []


Overfull \hbox (1.95766pt too wide) in paragraph at lines 193--193
[]|\OT1/cmr/m/n/12 TIMESTAMP| 
 []


Overfull \hbox (1.95766pt too wide) in paragraph at lines 195--195
[]|\OT1/cmr/m/n/12 TIMESTAMP| 
 []


Overfull \hbox (1.95766pt too wide) in paragraph at lines 199--199
[]|\OT1/cmr/m/n/12 TIMESTAMP| 
 []


Overfull \hbox (15.01308pt too wide) in paragraph at lines 203--203
[]|\OT1/cmr/m/n/12 VARCHAR(100)| 
 []


Overfull \hbox (1.95766pt too wide) in paragraph at lines 205--205
[]|\OT1/cmr/m/n/12 TIMESTAMP| 
 []


Underfull \hbox (badness 10000) in paragraph at lines 205--205
[]|\OT1/cmr/m/n/12 DEFAULT
 []


Overfull \hbox (1.95766pt too wide) in paragraph at lines 207--207
[]|\OT1/cmr/m/n/12 TIMESTAMP| 
 []


Overfull \hbox (1.95766pt too wide) in paragraph at lines 209--209
[]|\OT1/cmr/m/n/12 TIMESTAMP| 
 []

[5]
Underfull \hbox (badness 10000) in paragraph at lines 219--219
[]|\OT1/cmr/m/n/12 PRIMARY
 []


Overfull \hbox (9.13814pt too wide) in paragraph at lines 221--221
[]|\OT1/cmr/m/n/12 VARCHAR(50)| 
 []


Underfull \hbox (badness 10000) in paragraph at lines 221--221
[]|\OT1/cmr/m/n/12 NOT NULL,
 []


Underfull \hbox (badness 10000) in paragraph at lines 221--222
[]|\OT1/cmr/m/n/12 ROLE[]QUEJOSO, RO-
 []


Overfull \hbox (15.01308pt too wide) in paragraph at lines 223--223
[]|\OT1/cmr/m/n/12 VARCHAR(255)| 
 []


Overfull \hbox (1.95766pt too wide) in paragraph at lines 227--227
[]|\OT1/cmr/m/n/12 TIMESTAMP| 
 []


Underfull \hbox (badness 10000) in paragraph at lines 227--227
[]|\OT1/cmr/m/n/12 DEFAULT
 []


Overfull \hbox (1.95766pt too wide) in paragraph at lines 243--243
[]|\OT1/cmr/m/n/12 TIMESTAMP| 
 []


Underfull \hbox (badness 10000) in paragraph at lines 243--243
[]|\OT1/cmr/m/n/12 DEFAULT
 []


Underfull \hbox (badness 10000) in paragraph at lines 255--255
[]|\OT1/cmr/m/n/12 PRIMARY
 []


Overfull \hbox (9.13814pt too wide) in paragraph at lines 257--257
[]|\OT1/cmr/m/n/12 VARCHAR(20)| 
 []


Underfull \hbox (badness 10000) in paragraph at lines 257--257
[]|\OT1/cmr/m/n/12 NOT NULL,
 []


Overfull \hbox (15.01308pt too wide) in paragraph at lines 259--259
[]|\OT1/cmr/m/n/12 VARCHAR(150)| 
 []


Overfull \hbox (9.13814pt too wide) in paragraph at lines 261--261
[]|\OT1/cmr/m/n/12 VARCHAR(30)| 
 []


Overfull \hbox (9.13814pt too wide) in paragraph at lines 263--263
[]|\OT1/cmr/m/n/12 VARCHAR(30)| 
 []


Overfull \hbox (1.95766pt too wide) in paragraph at lines 265--265
[]|\OT1/cmr/m/n/12 TIMESTAMP| 
 []


Underfull \hbox (badness 10000) in paragraph at lines 265--265
[]|\OT1/cmr/m/n/12 DEFAULT
 []


Underfull \hbox (badness 10000) in paragraph at lines 281--281
[]|\OT1/cmr/m/n/12 PRIMARY
 []


Underfull \hbox (badness 10000) in paragraph at lines 283--283
[]|\OT1/cmr/m/n/12 DEFAULT
 []


Overfull \hbox (15.14235pt too wide) in paragraph at lines 283--283
\OT1/cmr/m/n/12 gen[]random[]uuid(),
 []


Overfull \hbox (9.13814pt too wide) in paragraph at lines 285--285
[]|\OT1/cmr/m/n/12 VARCHAR(20)| 
 []


Underfull \hbox (badness 10000) in paragraph at lines 285--285
[]|\OT1/cmr/m/n/12 NOT NULL,
 []

LaTeX Font Info:    Trying to load font information for OMS+cmr on input line 285.
(/usr/share/texlive/texmf-dist/tex/latex/base/omscmr.fd
File: omscmr.fd 2023/04/13 v2.5m Standard LaTeX font definitions
)
LaTeX Font Info:    Font shape `OMS/cmr/m/n' in size <12> not available
(Font)              Font shape `OMS/cmsy/m/n' tried instead on input line 285.

Underfull \hbox (badness 10000) in paragraph at lines 285--286
[]|\OT1/cmr/m/n/12 DDP-\OMS/cmsy/m/n/12 f\OT1/cmr/m/n/12 A[]NO\OMS/cmsy/m/n/12 g\OT1/cmr/m/n/12 -
 []


Overfull \hbox (9.13814pt too wide) in paragraph at lines 287--287
[]|\OT1/cmr/m/n/12 VARCHAR(20)| 
 []


Underfull \hbox (badness 10000) in paragraph at lines 287--288
[]|\OT1/cmr/m/n/12 EXP-\OMS/cmsy/m/n/12 f\OT1/cmr/m/n/12 A[]NO\OMS/cmsy/m/n/12 g\OT1/cmr/m/n/12 -
 []


Underfull \hbox (badness 10000) in paragraph at lines 289--289
[]|\OT1/cmr/m/n/12 NOT NULL,
 []


Overfull \hbox (26.05669pt too wide) in paragraph at lines 293--293
\OT1/cmr/m/n/12 (cat[]subdefensoria.id)| 
 []


Overfull \hbox (20.62965pt too wide) in paragraph at lines 295--295
[]|\OT1/cmr/m/n/12 abogado[]responsable[]id| 
 []


Overfull \hbox (10.5117pt too wide) in paragraph at lines 297--297
[]|\OT1/cmr/m/n/12 titular[]responsable[]id| 
 []


Overfull \hbox (1.95766pt too wide) in paragraph at lines 299--299
[]|\OT1/cmr/m/n/12 TIMESTAMP| 
 []


Overfull \hbox (1.95766pt too wide) in paragraph at lines 301--301
[]|\OT1/cmr/m/n/12 TIMESTAMP| 
 []


Underfull \hbox (badness 7576) in paragraph at lines 301--302
[]|\OT1/cmr/m/n/12 Fecha de asig-na-ci^^Son de
 []


Overfull \hbox (1.95766pt too wide) in paragraph at lines 303--303
[]|\OT1/cmr/m/n/12 TIMESTAMP| 
 []


Overfull \hbox (15.01308pt too wide) in paragraph at lines 305--305
[]|\OT1/cmr/m/n/12 VARCHAR(255)| 
 []


Underfull \hbox (badness 10000) in paragraph at lines 311--311
[]|\OT1/cmr/m/n/12 NOT NULL,
 []


Overfull \hbox (21.08257pt too wide) in paragraph at lines 311--311
\OT1/cmr/m/n/12 (cat[]estado[]queja.id)| 
 []


Overfull \hbox (32.26204pt too wide) in paragraph at lines 313--313
[]|\OT1/cmr/m/n/12 competencia[]determinada| 
 []


Overfull \hbox (28.99818pt too wide) in paragraph at lines 315--315
[]|\OT1/cmr/m/n/12 fundamento[]competencia| 
 []


Overfull \hbox (12.4178pt too wide) in paragraph at lines 317--317
[]|\OT1/cmr/m/n/12 instancia[]canalizacion| 
 []


Overfull \hbox (15.01308pt too wide) in paragraph at lines 317--317
[]|\OT1/cmr/m/n/12 VARCHAR(255)| 
 []


Overfull \hbox (1.95766pt too wide) in paragraph at lines 321--321
[]|\OT1/cmr/m/n/12 TIMESTAMP| 
 []


Overfull \hbox (34.46437pt too wide) in paragraph at lines 323--323
\OT1/cmr/m/n/12 (cat[]tipo[]conclusion.id)| 
 []


Overfull \hbox (1.95766pt too wide) in paragraph at lines 325--325
[]|\OT1/cmr/m/n/12 TIMESTAMP| 
 []


Underfull \hbox (badness 10000) in paragraph at lines 325--325
[]|\OT1/cmr/m/n/12 DEFAULT
 []


Overfull \hbox (1.95766pt too wide) in paragraph at lines 327--327
[]|\OT1/cmr/m/n/12 TIMESTAMP| 
 []


Overfull \hbox (1.95766pt too wide) in paragraph at lines 329--329
[]|\OT1/cmr/m/n/12 TIMESTAMP| 
 []

[6]
Underfull \hbox (badness 10000) in paragraph at lines 339--339
[]|\OT1/cmr/m/n/12 PRIMARY
 []


Overfull \hbox (9.13814pt too wide) in paragraph at lines 341--341
[]|\OT1/cmr/m/n/12 VARCHAR(50)| 
 []


Underfull \hbox (badness 10000) in paragraph at lines 341--341
[]|\OT1/cmr/m/n/12 NOT NULL,
 []


Overfull \hbox (9.13814pt too wide) in paragraph at lines 343--343
[]|\OT1/cmr/m/n/12 VARCHAR(30)| 
 []


Overfull \hbox (1.95766pt too wide) in paragraph at lines 349--349
[]|\OT1/cmr/m/n/12 TIMESTAMP| 
 []


Underfull \hbox (badness 10000) in paragraph at lines 349--349
[]|\OT1/cmr/m/n/12 DEFAULT
 []

[7]
Underfull \hbox (badness 10000) in paragraph at lines 359--359
[]|\OT1/cmr/m/n/12 PRIMARY
 []


Overfull \hbox (15.01308pt too wide) in paragraph at lines 361--361
[]|\OT1/cmr/m/n/12 VARCHAR(100)| 
 []


Underfull \hbox (badness 10000) in paragraph at lines 361--361
[]|\OT1/cmr/m/n/12 NOT NULL,
 []


Underfull \hbox (badness 6961) in paragraph at lines 361--362
[]|\OT1/cmr/m/n/12 Subdefensor^^S^^Pa Acad^^Semi-ca,
 []


Underfull \hbox (badness 10000) in paragraph at lines 367--367
[]|\OT1/cmr/m/n/12 DEFAULT
 []


Overfull \hbox (1.95766pt too wide) in paragraph at lines 369--369
[]|\OT1/cmr/m/n/12 TIMESTAMP| 
 []


Underfull \hbox (badness 10000) in paragraph at lines 369--369
[]|\OT1/cmr/m/n/12 DEFAULT
 []


Underfull \hbox (badness 10000) in paragraph at lines 379--379
[]|\OT1/cmr/m/n/12 PRIMARY
 []


Overfull \hbox (9.13814pt too wide) in paragraph at lines 381--381
[]|\OT1/cmr/m/n/12 VARCHAR(30)| 
 []


Underfull \hbox (badness 10000) in paragraph at lines 381--381
[]|\OT1/cmr/m/n/12 NOT NULL,
 []


Overfull \hbox (15.01308pt too wide) in paragraph at lines 383--383
[]|\OT1/cmr/m/n/12 VARCHAR(255)| 
 []


Underfull \hbox (badness 10000) in paragraph at lines 393--393
[]|\OT1/cmr/m/n/12 PRIMARY
 []


Overfull \hbox (9.13814pt too wide) in paragraph at lines 395--395
[]|\OT1/cmr/m/n/12 VARCHAR(50)| 
 []


Underfull \hbox (badness 10000) in paragraph at lines 395--395
[]|\OT1/cmr/m/n/12 NOT NULL,
 []


Underfull \hbox (badness 10000) in paragraph at lines 395--396
[]|\OT1/cmr/m/n/12 Recomendaci^^Son, Con-ci-lia-
 []


Overfull \hbox (14.96361pt too wide) in paragraph at lines 397--397
[]|\OT1/cmr/m/n/12 requiere[]cumplimiento| 
 []


Underfull \hbox (badness 10000) in paragraph at lines 397--397
[]|\OT1/cmr/m/n/12 DEFAULT
 []


Overfull \hbox (1.95766pt too wide) in paragraph at lines 399--399
[]|\OT1/cmr/m/n/12 TIMESTAMP| 
 []


Underfull \hbox (badness 10000) in paragraph at lines 399--399
[]|\OT1/cmr/m/n/12 DEFAULT
 []

[8]
Underfull \hbox (badness 10000) in paragraph at lines 415--415
[]|\OT1/cmr/m/n/12 PRIMARY
 []


Underfull \hbox (badness 10000) in paragraph at lines 417--417
[]|\OT1/cmr/m/n/12 NOT NULL,
 []


Overfull \hbox (6.13814pt too wide) in paragraph at lines 419--419
[]|\OT1/cmr/m/n/12 queja[]antecedente[]id| 
 []


Underfull \hbox (badness 10000) in paragraph at lines 419--419
[]|\OT1/cmr/m/n/12 NOT NULL,
 []


Overfull \hbox (9.13814pt too wide) in paragraph at lines 421--421
[]|\OT1/cmr/m/n/12 VARCHAR(20)| 
 []


Overfull \hbox (3.6054pt too wide) in paragraph at lines 423--423
[]|\OT1/cmr/m/n/12 similitud[]porcentaje| 
 []


Overfull \hbox (9.6298pt too wide) in paragraph at lines 423--423
[]|\OT1/cmr/m/n/12 DECIMAL(5,2)| 
 []


Overfull \hbox (1.95766pt too wide) in paragraph at lines 427--427
[]|\OT1/cmr/m/n/12 TIMESTAMP| 
 []


Overfull \hbox (1.95766pt too wide) in paragraph at lines 431--431
[]|\OT1/cmr/m/n/12 TIMESTAMP| 
 []


Underfull \hbox (badness 10000) in paragraph at lines 431--431
[]|\OT1/cmr/m/n/12 DEFAULT
 []


Underfull \hbox (badness 10000) in paragraph at lines 441--441
[]|\OT1/cmr/m/n/12 PRIMARY
 []


Underfull \hbox (badness 10000) in paragraph at lines 443--443
[]|\OT1/cmr/m/n/12 NOT NULL,
 []


Underfull \hbox (badness 10000) in paragraph at lines 443--443
\OT1/cmr/m/n/12 UNI-QUE, FO-
 []


Underfull \hbox (badness 10000) in paragraph at lines 443--443
\OT1/cmr/m/n/12 REIGN KEY
 []


Overfull \hbox (20.88802pt too wide) in paragraph at lines 445--445
[]|\OT1/cmr/m/n/12 VARCHAR(1000)| 
 []


Overfull \hbox (9.13814pt too wide) in paragraph at lines 447--447
[]|\OT1/cmr/m/n/12 VARCHAR(50)| 
 []


Overfull \hbox (9.13814pt too wide) in paragraph at lines 449--449
[]|\OT1/cmr/m/n/12 VARCHAR(20)| 
 []


Overfull \hbox (1.95766pt too wide) in paragraph at lines 451--451
[]|\OT1/cmr/m/n/12 TIMESTAMP| 
 []


Underfull \hbox (badness 10000) in paragraph at lines 451--451
[]|\OT1/cmr/m/n/12 DEFAULT
 []


Overfull \hbox (1.95766pt too wide) in paragraph at lines 453--453
[]|\OT1/cmr/m/n/12 TIMESTAMP| 
 []


Underfull \hbox (badness 10000) in paragraph at lines 469--469
[]|\OT1/cmr/m/n/12 PRIMARY
 []


Overfull \hbox (9.13814pt too wide) in paragraph at lines 471--471
[]|\OT1/cmr/m/n/12 VARCHAR(50)| 
 []


Underfull \hbox (badness 10000) in paragraph at lines 471--471
[]|\OT1/cmr/m/n/12 NOT NULL,
 []


Overfull \hbox (1.95766pt too wide) in paragraph at lines 479--479
[]|\OT1/cmr/m/n/12 TIMESTAMP| 
 []


Underfull \hbox (badness 10000) in paragraph at lines 479--479
[]|\OT1/cmr/m/n/12 DEFAULT
 []

[9]
Underfull \hbox (badness 10000) in paragraph at lines 489--489
[]|\OT1/cmr/m/n/12 PRIMARY
 []


Underfull \hbox (badness 10000) in paragraph at lines 491--491
[]|\OT1/cmr/m/n/12 DEFAULT
 []


Overfull \hbox (15.14235pt too wide) in paragraph at lines 491--491
\OT1/cmr/m/n/12 gen[]random[]uuid(),
 []


Underfull \hbox (badness 10000) in paragraph at lines 493--493
[]|\OT1/cmr/m/n/12 NOT NULL,
 []


Underfull \hbox (badness 10000) in paragraph at lines 495--495
[]|\OT1/cmr/m/n/12 NOT NULL,
 []


Overfull \hbox (37.66295pt too wide) in paragraph at lines 495--495
\OT1/cmr/m/n/12 (cat[]tipo[]documento.id)| 
 []


Overfull \hbox (15.01308pt too wide) in paragraph at lines 499--499
[]|\OT1/cmr/m/n/12 VARCHAR(255)| 
 []


Overfull \hbox (15.01308pt too wide) in paragraph at lines 501--501
[]|\OT1/cmr/m/n/12 VARCHAR(255)| 
 []


Overfull \hbox (8.76228pt too wide) in paragraph at lines 503--503
[]|\OT1/cmr/m/n/12 ruta[]almacenamiento| 
 []


Overfull \hbox (15.01308pt too wide) in paragraph at lines 503--503
[]|\OT1/cmr/m/n/12 VARCHAR(512)| 
 []


Overfull \hbox (15.01308pt too wide) in paragraph at lines 507--507
[]|\OT1/cmr/m/n/12 VARCHAR(100)| 
 []


Overfull \hbox (9.13814pt too wide) in paragraph at lines 509--509
[]|\OT1/cmr/m/n/12 VARCHAR(64)| 
 []


Overfull \hbox (9.13814pt too wide) in paragraph at lines 511--511
[]|\OT1/cmr/m/n/12 VARCHAR(20)| 
 []


Underfull \hbox (badness 10000) in paragraph at lines 513--513
[]|\OT1/cmr/m/n/12 NOT NULL,
 []


Overfull \hbox (1.95766pt too wide) in paragraph at lines 517--517
[]|\OT1/cmr/m/n/12 TIMESTAMP| 
 []


Overfull \hbox (15.01308pt too wide) in paragraph at lines 521--521
[]|\OT1/cmr/m/n/12 VARCHAR(255)| 
 []


Overfull \hbox (1.95766pt too wide) in paragraph at lines 523--523
[]|\OT1/cmr/m/n/12 TIMESTAMP| 
 []


Underfull \hbox (badness 10000) in paragraph at lines 523--523
[]|\OT1/cmr/m/n/12 DEFAULT
 []

[10]
Underfull \hbox (badness 10000) in paragraph at lines 533--533
[]|\OT1/cmr/m/n/12 PRIMARY
 []


Underfull \hbox (badness 10000) in paragraph at lines 535--535
[]|\OT1/cmr/m/n/12 NOT NULL,
 []


Overfull \hbox (15.15541pt too wide) in paragraph at lines 535--535
\OT1/cmr/m/n/12 (doc[]documento.id)| 
 []


Overfull \hbox (15.01308pt too wide) in paragraph at lines 539--539
[]|\OT1/cmr/m/n/12 VARCHAR(255)| 
 []


Overfull \hbox (8.76228pt too wide) in paragraph at lines 541--541
[]|\OT1/cmr/m/n/12 ruta[]almacenamiento| 
 []


Overfull \hbox (15.01308pt too wide) in paragraph at lines 541--541
[]|\OT1/cmr/m/n/12 VARCHAR(512)| 
 []


Overfull \hbox (9.13814pt too wide) in paragraph at lines 545--545
[]|\OT1/cmr/m/n/12 VARCHAR(64)| 
 []


Underfull \hbox (badness 10000) in paragraph at lines 547--547
[]|\OT1/cmr/m/n/12 NOT NULL,
 []


Overfull \hbox (1.95766pt too wide) in paragraph at lines 551--551
[]|\OT1/cmr/m/n/12 TIMESTAMP| 
 []


Underfull \hbox (badness 10000) in paragraph at lines 551--551
[]|\OT1/cmr/m/n/12 DEFAULT
 []


Underfull \hbox (badness 10000) in paragraph at lines 563--563
[]|\OT1/cmr/m/n/12 PRIMARY
 []


Underfull \hbox (badness 10000) in paragraph at lines 565--565
[]|\OT1/cmr/m/n/12 NOT NULL,
 []


Overfull \hbox (15.15541pt too wide) in paragraph at lines 565--565
\OT1/cmr/m/n/12 (doc[]documento.id)| 
 []


Underfull \hbox (badness 10000) in paragraph at lines 567--567
[]|\OT1/cmr/m/n/12 NOT NULL,
 []


Overfull \hbox (9.13814pt too wide) in paragraph at lines 569--569
[]|\OT1/cmr/m/n/12 VARCHAR(45)| 
 []


Overfull \hbox (1.95766pt too wide) in paragraph at lines 573--573
[]|\OT1/cmr/m/n/12 TIMESTAMP| 
 []


Underfull \hbox (badness 10000) in paragraph at lines 573--573
[]|\OT1/cmr/m/n/12 DEFAULT
 []


Underfull \hbox (badness 10000) in paragraph at lines 589--589
[]|\OT1/cmr/m/n/12 PRIMARY
 []


Overfull \hbox (9.13814pt too wide) in paragraph at lines 591--591
[]|\OT1/cmr/m/n/12 VARCHAR(50)| 
 []


Underfull \hbox (badness 10000) in paragraph at lines 591--591
[]|\OT1/cmr/m/n/12 NOT NULL,
 []


Overfull \hbox (1.95766pt too wide) in paragraph at lines 593--593
[]|\OT1/cmr/m/n/12 TIMESTAMP| 
 []


Underfull \hbox (badness 10000) in paragraph at lines 593--593
[]|\OT1/cmr/m/n/12 DEFAULT
 []

[11]
Underfull \hbox (badness 10000) in paragraph at lines 603--603
[]|\OT1/cmr/m/n/12 PRIMARY
 []


Underfull \hbox (badness 10000) in paragraph at lines 605--605
[]|\OT1/cmr/m/n/12 DEFAULT
 []


Overfull \hbox (15.14235pt too wide) in paragraph at lines 605--605
\OT1/cmr/m/n/12 gen[]random[]uuid(),
 []


Underfull \hbox (badness 10000) in paragraph at lines 607--607
[]|\OT1/cmr/m/n/12 NOT NULL,
 []


Underfull \hbox (badness 10000) in paragraph at lines 609--609
[]|\OT1/cmr/m/n/12 NOT NULL,
 []


Underfull \hbox (badness 10000) in paragraph at lines 611--611
[]|\OT1/cmr/m/n/12 NOT NULL,
 []


Overfull \hbox (30.48247pt too wide) in paragraph at lines 611--611
\OT1/cmr/m/n/12 (cat[]tipo[]actuacion.id)| 
 []


Overfull \hbox (1.95766pt too wide) in paragraph at lines 613--613
[]|\OT1/cmr/m/n/12 TIMESTAMP| 
 []


Overfull \hbox (9.13814pt too wide) in paragraph at lines 615--615
[]|\OT1/cmr/m/n/12 VARCHAR(30)| 
 []


Overfull \hbox (15.15541pt too wide) in paragraph at lines 619--619
\OT1/cmr/m/n/12 (doc[]documento.id)| 
 []


Overfull \hbox (1.95766pt too wide) in paragraph at lines 621--621
[]|\OT1/cmr/m/n/12 TIMESTAMP| 
 []


Underfull \hbox (badness 10000) in paragraph at lines 621--621
[]|\OT1/cmr/m/n/12 DEFAULT
 []


Overfull \hbox (1.95766pt too wide) in paragraph at lines 623--623
[]|\OT1/cmr/m/n/12 TIMESTAMP| 
 []


Underfull \hbox (badness 10000) in paragraph at lines 633--633
[]|\OT1/cmr/m/n/12 PRIMARY
 []


Underfull \hbox (badness 10000) in paragraph at lines 635--635
[]|\OT1/cmr/m/n/12 NOT NULL,
 []


Underfull \hbox (badness 10000) in paragraph at lines 637--637
[]|\OT1/cmr/m/n/12 NOT NULL,
 []


Overfull \hbox (15.15541pt too wide) in paragraph at lines 637--637
\OT1/cmr/m/n/12 (doc[]documento.id)| 
 []


Overfull \hbox (29.0504pt too wide) in paragraph at lines 639--639
[]|\OT1/cmr/m/n/12 autoridad[]destinatario[]id| 
 []


Underfull \hbox (badness 10000) in paragraph at lines 639--639
[]|\OT1/cmr/m/n/12 NOT NULL,
 []


Overfull \hbox (1.95766pt too wide) in paragraph at lines 641--641
[]|\OT1/cmr/m/n/12 TIMESTAMP| 
 []


Overfull \hbox (1.95766pt too wide) in paragraph at lines 643--643
[]|\OT1/cmr/m/n/12 TIMESTAMP| 
 []


Overfull \hbox (9.13814pt too wide) in paragraph at lines 645--645
[]|\OT1/cmr/m/n/12 VARCHAR(20)| 
 []


Underfull \hbox (badness 10000) in paragraph at lines 645--645
[]|\OT1/cmr/m/n/12 DEFAULT
 []


Overfull \hbox (12.01308pt too wide) in paragraph at lines 649--649
[]|\OT1/cmr/m/n/12 recordatorio[]origen[]id| 
 []


Overfull \hbox (1.95766pt too wide) in paragraph at lines 651--651
[]|\OT1/cmr/m/n/12 TIMESTAMP| 
 []


Underfull \hbox (badness 10000) in paragraph at lines 651--651
[]|\OT1/cmr/m/n/12 DEFAULT
 []


Overfull \hbox (1.95766pt too wide) in paragraph at lines 653--653
[]|\OT1/cmr/m/n/12 TIMESTAMP| 
 []

[12]
Underfull \hbox (badness 10000) in paragraph at lines 663--663
[]|\OT1/cmr/m/n/12 PRIMARY
 []


Underfull \hbox (badness 10000) in paragraph at lines 665--665
[]|\OT1/cmr/m/n/12 NOT NULL,
 []


Underfull \hbox (badness 10000) in paragraph at lines 667--667
[]|\OT1/cmr/m/n/12 NOT NULL,
 []


Overfull \hbox (15.15541pt too wide) in paragraph at lines 667--667
\OT1/cmr/m/n/12 (doc[]documento.id)| 
 []


Overfull \hbox (1.95766pt too wide) in paragraph at lines 669--669
[]|\OT1/cmr/m/n/12 TIMESTAMP| 
 []


Overfull \hbox (1.95766pt too wide) in paragraph at lines 671--671
[]|\OT1/cmr/m/n/12 TIMESTAMP| 
 []


Overfull \hbox (1.95766pt too wide) in paragraph at lines 673--673
[]|\OT1/cmr/m/n/12 TIMESTAMP| 
 []


Overfull \hbox (1.95766pt too wide) in paragraph at lines 677--677
[]|\OT1/cmr/m/n/12 TIMESTAMP| 
 []


Underfull \hbox (badness 10000) in paragraph at lines 677--677
[]|\OT1/cmr/m/n/12 DEFAULT
 []


Overfull \hbox (1.95766pt too wide) in paragraph at lines 679--679
[]|\OT1/cmr/m/n/12 TIMESTAMP| 
 []


Underfull \hbox (badness 10000) in paragraph at lines 689--689
[]|\OT1/cmr/m/n/12 PRIMARY
 []


Underfull \hbox (badness 10000) in paragraph at lines 691--691
[]|\OT1/cmr/m/n/12 NOT NULL,
 []


Overfull \hbox (49.4781pt too wide) in paragraph at lines 691--691
\OT1/cmr/m/n/12 (seg[]informe[]autoridad.id)| 
 []


Underfull \hbox (badness 10000) in paragraph at lines 693--693
[]|\OT1/cmr/m/n/12 NOT NULL,
 []


Overfull \hbox (25.39488pt too wide) in paragraph at lines 695--695
[]|\OT1/cmr/m/n/12 nueva[]fecha[]vencimiento| 
 []


Overfull \hbox (1.95766pt too wide) in paragraph at lines 695--695
[]|\OT1/cmr/m/n/12 TIMESTAMP| 
 []


Overfull \hbox (1.95766pt too wide) in paragraph at lines 699--699
[]|\OT1/cmr/m/n/12 TIMESTAMP| 
 []


Underfull \hbox (badness 10000) in paragraph at lines 699--699
[]|\OT1/cmr/m/n/12 DEFAULT
 []

[13]
Underfull \hbox (badness 10000) in paragraph at lines 715--715
[]|\OT1/cmr/m/n/12 PRIMARY
 []


Underfull \hbox (badness 10000) in paragraph at lines 717--717
[]|\OT1/cmr/m/n/12 NOT NULL,
 []


Underfull \hbox (badness 10000) in paragraph at lines 719--719
[]|\OT1/cmr/m/n/12 NOT NULL,
 []


Overfull \hbox (15.15541pt too wide) in paragraph at lines 719--719
\OT1/cmr/m/n/12 (doc[]documento.id)| 
 []


Overfull \hbox (9.13814pt too wide) in paragraph at lines 723--723
[]|\OT1/cmr/m/n/12 VARCHAR(20)| 
 []


Underfull \hbox (badness 10000) in paragraph at lines 723--724
[]|\OT1/cmr/m/n/12 BORRADOR,
 []


Underfull \hbox (badness 10000) in paragraph at lines 725--725
[]|\OT1/cmr/m/n/12 NOT NULL,
 []


Overfull \hbox (1.95766pt too wide) in paragraph at lines 729--729
[]|\OT1/cmr/m/n/12 TIMESTAMP| 
 []


Overfull \hbox (1.95766pt too wide) in paragraph at lines 731--731
[]|\OT1/cmr/m/n/12 TIMESTAMP| 
 []


Overfull \hbox (1.95766pt too wide) in paragraph at lines 735--735
[]|\OT1/cmr/m/n/12 TIMESTAMP| 
 []


Underfull \hbox (badness 10000) in paragraph at lines 735--735
[]|\OT1/cmr/m/n/12 DEFAULT
 []


Overfull \hbox (1.95766pt too wide) in paragraph at lines 737--737
[]|\OT1/cmr/m/n/12 TIMESTAMP| 
 []


Underfull \hbox (badness 10000) in paragraph at lines 747--747
[]|\OT1/cmr/m/n/12 PRIMARY
 []


Underfull \hbox (badness 10000) in paragraph at lines 749--749
[]|\OT1/cmr/m/n/12 NOT NULL,
 []


Underfull \hbox (badness 10000) in paragraph at lines 749--749
\OT1/cmr/m/n/12 UNI-QUE, FO-
 []


Underfull \hbox (badness 10000) in paragraph at lines 749--749
\OT1/cmr/m/n/12 REIGN KEY
 []


Underfull \hbox (badness 10000) in paragraph at lines 755--755
[]|\OT1/cmr/m/n/12 NOT NULL,
 []


Overfull \hbox (3.21373pt too wide) in paragraph at lines 757--757
[]|\OT1/cmr/m/n/12 fecha[]determinacion| 
 []


Overfull \hbox (1.95766pt too wide) in paragraph at lines 757--757
[]|\OT1/cmr/m/n/12 TIMESTAMP| 
 []


Underfull \hbox (badness 10000) in paragraph at lines 757--757
[]|\OT1/cmr/m/n/12 DEFAULT
 []


Overfull \hbox (1.95766pt too wide) in paragraph at lines 759--759
[]|\OT1/cmr/m/n/12 TIMESTAMP| 
 []


Underfull \hbox (badness 10000) in paragraph at lines 759--759
[]|\OT1/cmr/m/n/12 DEFAULT
 []


Overfull \hbox (1.95766pt too wide) in paragraph at lines 761--761
[]|\OT1/cmr/m/n/12 TIMESTAMP| 
 []

[14]
Underfull \hbox (badness 10000) in paragraph at lines 771--771
[]|\OT1/cmr/m/n/12 PRIMARY
 []


Underfull \hbox (badness 10000) in paragraph at lines 773--773
[]|\OT1/cmr/m/n/12 NOT NULL,
 []


Overfull \hbox (15.15541pt too wide) in paragraph at lines 773--773
\OT1/cmr/m/n/12 (doc[]documento.id)| 
 []


Underfull \hbox (badness 10000) in paragraph at lines 775--775
[]|\OT1/cmr/m/n/12 NOT NULL,
 []


Overfull \hbox (9.13814pt too wide) in paragraph at lines 777--777
[]|\OT1/cmr/m/n/12 VARCHAR(30)| 
 []


Underfull \hbox (badness 7012) in paragraph at lines 777--778
[]|\OT1/cmr/m/n/12 FIEL, AVAN-ZA-DA, SE-
 []


Overfull \hbox (15.01308pt too wide) in paragraph at lines 779--779
[]|\OT1/cmr/m/n/12 VARCHAR(100)| 
 []


Overfull \hbox (15.01308pt too wide) in paragraph at lines 781--781
[]|\OT1/cmr/m/n/12 VARCHAR(500)| 
 []


Overfull \hbox (15.01308pt too wide) in paragraph at lines 783--783
[]|\OT1/cmr/m/n/12 VARCHAR(255)| 
 []


Overfull \hbox (1.95766pt too wide) in paragraph at lines 785--785
[]|\OT1/cmr/m/n/12 TIMESTAMP| 
 []


Underfull \hbox (badness 10000) in paragraph at lines 785--785
[]|\OT1/cmr/m/n/12 DEFAULT
 []


Overfull \hbox (9.13814pt too wide) in paragraph at lines 787--787
[]|\OT1/cmr/m/n/12 VARCHAR(45)| 
 []


Underfull \hbox (badness 10000) in paragraph at lines 805--805
[]|\OT1/cmr/m/n/12 PRIMARY
 []


Underfull \hbox (badness 10000) in paragraph at lines 807--807
[]|\OT1/cmr/m/n/12 NOT NULL,
 []


Underfull \hbox (badness 10000) in paragraph at lines 807--807
\OT1/cmr/m/n/12 UNI-QUE, FO-
 []


Underfull \hbox (badness 10000) in paragraph at lines 807--807
\OT1/cmr/m/n/12 REIGN KEY
 []


Underfull \hbox (badness 10000) in paragraph at lines 809--809
[]|\OT1/cmr/m/n/12 NOT NULL,
 []


Overfull \hbox (15.15541pt too wide) in paragraph at lines 809--809
\OT1/cmr/m/n/12 (doc[]documento.id)| 
 []


Overfull \hbox (1.95766pt too wide) in paragraph at lines 811--811
[]|\OT1/cmr/m/n/12 TIMESTAMP| 
 []


Overfull \hbox (18.54079pt too wide) in paragraph at lines 813--813
[]|\OT1/cmr/m/n/12 fecha[]limite[]aceptacion| 
 []


Overfull \hbox (1.95766pt too wide) in paragraph at lines 813--813
[]|\OT1/cmr/m/n/12 TIMESTAMP| 
 []


Overfull \hbox (9.13814pt too wide) in paragraph at lines 815--815
[]|\OT1/cmr/m/n/12 VARCHAR(20)| 
 []


Underfull \hbox (badness 10000) in paragraph at lines 815--815
[]|\OT1/cmr/m/n/12 DEFAULT
 []


Underfull \hbox (badness 10000) in paragraph at lines 815--816
[]|\OT1/cmr/m/n/12 PENDIENTE, ACEP-
 []


Underfull \hbox (badness 10000) in paragraph at lines 815--816
\OT1/cmr/m/n/12 TA-DA, RE-CHA-ZA-DA,
 []


Overfull \hbox (36.94893pt too wide) in paragraph at lines 817--817
[]|\OT1/cmr/m/n/12 fecha[]respuesta[]aceptacion| 
 []


Overfull \hbox (1.95766pt too wide) in paragraph at lines 817--817
[]|\OT1/cmr/m/n/12 TIMESTAMP| 
 []


Overfull \hbox (22.58797pt too wide) in paragraph at lines 819--819
[]|\OT1/cmr/m/n/12 documento[]respuesta[]id| 
 []


Overfull \hbox (15.15541pt too wide) in paragraph at lines 819--819
\OT1/cmr/m/n/12 (doc[]documento.id)| 
 []


Overfull \hbox (1.95766pt too wide) in paragraph at lines 821--821
[]|\OT1/cmr/m/n/12 TIMESTAMP| 
 []


Underfull \hbox (badness 10000) in paragraph at lines 821--821
[]|\OT1/cmr/m/n/12 DEFAULT
 []


Overfull \hbox (1.95766pt too wide) in paragraph at lines 823--823
[]|\OT1/cmr/m/n/12 TIMESTAMP| 
 []

[15]
Underfull \hbox (badness 10000) in paragraph at lines 833--833
[]|\OT1/cmr/m/n/12 PRIMARY
 []


Underfull \hbox (badness 10000) in paragraph at lines 835--835
[]|\OT1/cmr/m/n/12 NOT NULL,
 []


Overfull \hbox (32.51912pt too wide) in paragraph at lines 835--835
\OT1/cmr/m/n/12 (seg[]recomendacion.id)| 
 []


Overfull \hbox (33.8809pt too wide) in paragraph at lines 837--837
[]|\OT1/cmr/m/n/12 fecha[]limite[]cumplimiento| 
 []


Overfull \hbox (1.95766pt too wide) in paragraph at lines 837--837
[]|\OT1/cmr/m/n/12 TIMESTAMP| 
 []


Overfull \hbox (9.13814pt too wide) in paragraph at lines 839--839
[]|\OT1/cmr/m/n/12 VARCHAR(20)| 
 []


Underfull \hbox (badness 10000) in paragraph at lines 839--839
[]|\OT1/cmr/m/n/12 DEFAULT
 []


Underfull \hbox (badness 10000) in paragraph at lines 839--840
[]|\OT1/cmr/m/n/12 PENDIENTE, CUM-PLE,
 []


Underfull \hbox (badness 10000) in paragraph at lines 839--840
\OT1/cmr/m/n/12 CUM-PLE[]PARCIAL,
 []


Overfull \hbox (1.95766pt too wide) in paragraph at lines 845--845
[]|\OT1/cmr/m/n/12 TIMESTAMP| 
 []


Overfull \hbox (1.95766pt too wide) in paragraph at lines 849--849
[]|\OT1/cmr/m/n/12 TIMESTAMP| 
 []


Underfull \hbox (badness 10000) in paragraph at lines 849--849
[]|\OT1/cmr/m/n/12 DEFAULT
 []


Overfull \hbox (1.95766pt too wide) in paragraph at lines 851--851
[]|\OT1/cmr/m/n/12 TIMESTAMP| 
 []


Underfull \hbox (badness 10000) in paragraph at lines 861--861
[]|\OT1/cmr/m/n/12 PRIMARY
 []


Underfull \hbox (badness 10000) in paragraph at lines 863--863
[]|\OT1/cmr/m/n/12 NOT NULL,
 []


Overfull \hbox (26.3178pt too wide) in paragraph at lines 863--863
\OT1/cmr/m/n/12 (seg[]cumplimiento.id)| 
 []


Underfull \hbox (badness 10000) in paragraph at lines 865--865
[]|\OT1/cmr/m/n/12 NOT NULL,
 []


Overfull \hbox (15.15541pt too wide) in paragraph at lines 865--865
\OT1/cmr/m/n/12 (doc[]documento.id)| 
 []


Overfull \hbox (1.95766pt too wide) in paragraph at lines 867--867
[]|\OT1/cmr/m/n/12 TIMESTAMP| 
 []


Overfull \hbox (15.15541pt too wide) in paragraph at lines 871--871
\OT1/cmr/m/n/12 (doc[]documento.id)| 
 []


Overfull \hbox (1.95766pt too wide) in paragraph at lines 873--873
[]|\OT1/cmr/m/n/12 TIMESTAMP| 
 []


Underfull \hbox (badness 10000) in paragraph at lines 873--873
[]|\OT1/cmr/m/n/12 DEFAULT
 []

[16]
Underfull \hbox (badness 10000) in paragraph at lines 889--889
[]|\OT1/cmr/m/n/12 PRIMARY
 []


Underfull \hbox (badness 10000) in paragraph at lines 891--891
[]|\OT1/cmr/m/n/12 DEFAULT
 []


Overfull \hbox (15.14235pt too wide) in paragraph at lines 891--891
\OT1/cmr/m/n/12 gen[]random[]uuid(),
 []


Underfull \hbox (badness 10000) in paragraph at lines 893--893
[]|\OT1/cmr/m/n/12 NOT NULL,
 []


Underfull \hbox (badness 10000) in paragraph at lines 895--895
[]|\OT1/cmr/m/n/12 NOT NULL,
 []


Overfull \hbox (9.13814pt too wide) in paragraph at lines 897--897
[]|\OT1/cmr/m/n/12 VARCHAR(30)| 
 []


Underfull \hbox (badness 10000) in paragraph at lines 897--898
[]|\OT1/cmr/m/n/12 ACUERDO, IN-FOR-ME,
 []


Overfull \hbox (15.01308pt too wide) in paragraph at lines 899--899
[]|\OT1/cmr/m/n/12 VARCHAR(255)| 
 []


Overfull \hbox (15.15541pt too wide) in paragraph at lines 903--903
\OT1/cmr/m/n/12 (doc[]documento.id)| 
 []


Overfull \hbox (1.95766pt too wide) in paragraph at lines 907--907
[]|\OT1/cmr/m/n/12 TIMESTAMP| 
 []


Overfull \hbox (1.95766pt too wide) in paragraph at lines 911--911
[]|\OT1/cmr/m/n/12 TIMESTAMP| 
 []


Overfull \hbox (1.95766pt too wide) in paragraph at lines 915--915
[]|\OT1/cmr/m/n/12 TIMESTAMP| 
 []


Underfull \hbox (badness 10000) in paragraph at lines 915--915
[]|\OT1/cmr/m/n/12 DEFAULT
 []

[17]
Underfull \hbox (badness 10000) in paragraph at lines 931--931
[]|\OT1/cmr/m/n/12 PRIMARY
 []


Overfull \hbox (9.13814pt too wide) in paragraph at lines 937--937
[]|\OT1/cmr/m/n/12 VARCHAR(50)| 
 []


Underfull \hbox (badness 10000) in paragraph at lines 937--938
[]|\OT1/cmr/m/n/12 CREATE, UP-DA-TE,
 []


Overfull \hbox (9.13814pt too wide) in paragraph at lines 939--939
[]|\OT1/cmr/m/n/12 VARCHAR(50)| 
 []


Overfull \hbox (9.13814pt too wide) in paragraph at lines 947--947
[]|\OT1/cmr/m/n/12 VARCHAR(45)| 
 []


Overfull \hbox (1.95766pt too wide) in paragraph at lines 951--951
[]|\OT1/cmr/m/n/12 TIMESTAMP| 
 []


Underfull \hbox (badness 10000) in paragraph at lines 951--951
[]|\OT1/cmr/m/n/12 DEFAULT
 []


Underfull \hbox (badness 10000) in paragraph at lines 967--967
[]|\OT1/cmr/m/n/12 PRIMARY
 []


Underfull \hbox (badness 10000) in paragraph at lines 969--969
[]|\OT1/cmr/m/n/12 NOT NULL,
 []


Overfull \hbox (15.01308pt too wide) in paragraph at lines 971--971
[]|\OT1/cmr/m/n/12 VARCHAR(255)| 
 []


Overfull \hbox (1.95766pt too wide) in paragraph at lines 975--975
[]|\OT1/cmr/m/n/12 TIMESTAMP| 
 []


Underfull \hbox (badness 10000) in paragraph at lines 975--975
[]|\OT1/cmr/m/n/12 DEFAULT
 []


Underfull \hbox (badness 10000) in paragraph at lines 985--985
[]|\OT1/cmr/m/n/12 PRIMARY
 []


Overfull \hbox (15.01308pt too wide) in paragraph at lines 987--987
[]|\OT1/cmr/m/n/12 VARCHAR(100)| 
 []


Underfull \hbox (badness 10000) in paragraph at lines 987--987
[]|\OT1/cmr/m/n/12 NOT NULL,
 []


Overfull \hbox (20.37791pt too wide) in paragraph at lines 987--988
[]|\OT1/cmr/m/n/12 PLAZO[]RESPUESTA[]OFICIO| 
 []


Overfull \hbox (15.01308pt too wide) in paragraph at lines 989--989
[]|\OT1/cmr/m/n/12 VARCHAR(255)| 
 []


Overfull \hbox (9.13814pt too wide) in paragraph at lines 991--991
[]|\OT1/cmr/m/n/12 VARCHAR(20)| 
 []


Underfull \hbox (badness 10000) in paragraph at lines 991--992
[]|\OT1/cmr/m/n/12 ENTERO, DE-CI-MAL,
 []


Overfull \hbox (1.95766pt too wide) in paragraph at lines 995--995
[]|\OT1/cmr/m/n/12 TIMESTAMP| 
 []


Underfull \hbox (badness 10000) in paragraph at lines 995--995
[]|\OT1/cmr/m/n/12 DEFAULT
 []


Overfull \hbox (1.95766pt too wide) in paragraph at lines 997--997
[]|\OT1/cmr/m/n/12 TIMESTAMP| 
 []

[18] [19]
Overfull \hbox (8.10455pt too wide) in paragraph at lines 1074--1081
[][] 
 []

[20] (./BasedeDatos.aux
LaTeX Info: Redefining \. on input line 11.
LaTeX Info: Redefining \% on input line 11.
)
 ***********
LaTeX2e <2023-11-01> patch level 1
L3 programming layer <2024-01-22>
 ***********
Package rerunfilecheck Info: File `BasedeDatos.out' has not changed.
(rerunfilecheck)             Checksum: 52B88E91660FDDE548E5CA9EFE7D743A;6782.
 ) 
Here is how much of TeX's memory you used:
 26785 strings out of 474222
 529469 string characters out of 5748734
 1976975 words of memory out of 5000000
 48540 multiletter control sequences out of 15000+600000
 564350 words of font info for 57 fonts, out of 8000000 for 9000
 1141 hyphenation exceptions out of 8191
 83i,12n,93p,538b,763s stack positions out of 10000i,1000n,20000p,200000b,200000s
</usr/share/texlive/texmf-dist/fonts/type1/public/amsfonts/cm/cmbx12.pfb></usr/share/texlive/texmf-dist/fonts/type1/public/amsfonts/cm/cmr10.pfb></usr/share/texlive/texmf-dist/fonts/type1/public/amsfonts/cm/cmr12.pfb></usr/share/texlive/texmf-dist/fonts/type1/public/amsfonts/cm/cmsy10.pfb></usr/share/texlive/texmf-dist/fonts/type1/public/amsfonts/cm/cmtt12.pfb></usr/share/texmf/fonts/type1/public/cm-super/sfrm1200.pfb>
Output written on BasedeDatos.pdf (20 pages, 135293 bytes).
PDF statistics:
 407 PDF objects out of 1000 (max. 8388607)
 369 compressed objects within 4 object streams
 101 named destinations out of 1000 (max. 500000)
 365 words of extra memory for PDF output out of 10000 (max. 10000000)

